---------------------------------------
Begin Slurm Prolog: Sep-03-2026 14:27:24
Job ID:    12791124
User ID:   wahrens6
Account:   gts-wahrens6
Job name:  saps-scrape-matrices
Partition: cpu-medium
QOS:       inferno
---------------------------------------
Selected 90 of 2904 SuiteSparse search results for chunk 29/32.
Checking AG-Monien/ukerbe1
/storage/home/hcoda1/7/wahrens6/.cache/pypoetry/virtualenvs/matrix-scraper-6ttVeZdD-py3.14/lib/python3.14/site-packages/saps/benchmarks/preconditioned_cg.py:528: RuntimeWarning: divide by zero encountered in divide
  output = r / M
/storage/home/hcoda1/7/wahrens6/.cache/pypoetry/virtualenvs/matrix-scraper-6ttVeZdD-py3.14/lib/python3.14/site-packages/saps/benchmarks/preconditioned_cg.py:528: RuntimeWarning: invalid value encountered in divide
  output = r / M
Checking Arenas/PGPgiantcompo
Checking Bai/dw4096
/storage/home/hcoda1/7/wahrens6/.cache/pypoetry/virtualenvs/matrix-scraper-6ttVeZdD-py3.14/lib/python3.14/site-packages/numpy/_core/fromnumeric.py:86: RuntimeWarning: overflow encountered in reduce
  return ufunc.reduce(obj, axis, dtype, out, **passkwargs)
/storage/home/hcoda1/7/wahrens6/.cache/pypoetry/virtualenvs/matrix-scraper-6ttVeZdD-py3.14/lib/python3.14/site-packages/saps/benchmarks/jacobi.py:336: RuntimeWarning: overflow encountered in multiply
  return xp.sqrt(xp.sum(xp.multiply(v, v)))
/storage/home/hcoda1/7/wahrens6/.cache/pypoetry/virtualenvs/matrix-scraper-6ttVeZdD-py3.14/lib/python3.14/site-packages/saps/benchmarks/jacobi.py:354: RuntimeWarning: overflow encountered in divide
  x = x + r / d
/storage/home/hcoda1/7/wahrens6/.cache/pypoetry/virtualenvs/matrix-scraper-6ttVeZdD-py3.14/lib/python3.14/site-packages/saps/benchmarks/jacobi.py:354: RuntimeWarning: overflow encountered in add
  x = x + r / d
/storage/home/hcoda1/7/wahrens6/.cache/pypoetry/virtualenvs/matrix-scraper-6ttVeZdD-py3.14/lib/python3.14/site-packages/numpy/linalg/_linalg.py:2792: RuntimeWarning: overflow encountered in dot
  sqnorm = x.dot(x)
Checking Bai/rdb1250
Checking Bindel/ted_A
Checking Boeing/msc01440
Checking Bydder/mri1
Checking Chevron/Chevron2
Checking DIMACS10/belgium_osm
Checking DIMACS10/fe_4elt2
Checking DIMACS10/ky2010
Checking DIMACS10/rgg_n_2_20_s0
Checking DIMACS10/vsp_vibrobox_scagr7-2c_rlfddd
Checking DRIVCAV/cavity10 rhs0
/storage/home/hcoda1/7/wahrens6/.cache/pypoetry/virtualenvs/matrix-scraper-6ttVeZdD-py3.14/lib/python3.14/site-packages/saps/benchmarks/preconditioned_cg.py:490: RuntimeWarning: invalid value encountered in vecdot
  alpha = rho / xp.vecdot(p, Ap)
Checking FEMLAB/poisson3Db rhs0
Checking FIDAP/ex36
Checking Freescale/nxp1
Checking GHS_indef/c-72 rhs0
Checking GHS_indef/tuma1
Checking GHS_psdef/vanbody
Checking Goodwin/Goodwin_127
Checking Gset/G13
Checking Gset/G42
Checking Guettel/TEM181302
Checking HB/bcsstk06
Checking HB/bcsstm05
Checking HB/can_1072
/storage/home/hcoda1/7/wahrens6/.cache/pypoetry/virtualenvs/matrix-scraper-6ttVeZdD-py3.14/lib/python3.14/site-packages/saps/benchmarks/jacobi.py:354: RuntimeWarning: invalid value encountered in add
  x = x + r / d
Checking HB/dwt_2680
Checking HB/fs_760_1
Checking HB/jagmesh9
Checking HB/mbeaflw
Checking HB/sherman1 rhs0
Checking HB/will57
Checking Hollinger/g7jac020
Checking Hollinger/jan99jac120sc rhs0
Checking JGD_BIBD/bibd_12_4
Checking JGD_Forest/TF19
Checking JGD_GL7d/GL7d12
Checking JGD_Homology/ch5-5-b4
Checking JGD_Homology/cis-n4c6-b15
Checking JGD_Homology/n2c6-b6
Checking JGD_Homology/n4c5-b5
Checking JGD_Kocay/Trec7
Checking JGD_Relat/rel9
Checking JGD_Trefethen/Trefethen_20b
Checking LAW/dblp-2010
Checking LPnetlib/lp_czprob
Checking LPnetlib/lp_osa_14
Checking LPnetlib/lp_sctap1
Checking LPnetlib/lpi_cplex1
Checking Lourakis/bundle1
Checking ML_Graph/indianpines_10NN
Checking Mallya/lhr71c
/storage/home/hcoda1/7/wahrens6/.cache/pypoetry/virtualenvs/matrix-scraper-6ttVeZdD-py3.14/lib/python3.14/site-packages/saps/benchmarks/cg.py:376: RuntimeWarning: divide by zero encountered in scalar divide
  alpha = rr / xp.vecdot(p, Ap)[()]
/storage/home/hcoda1/7/wahrens6/.cache/pypoetry/virtualenvs/matrix-scraper-6ttVeZdD-py3.14/lib/python3.14/site-packages/saps/benchmarks/cg.py:377: RuntimeWarning: invalid value encountered in multiply
  x = x + alpha * p
/storage/home/hcoda1/7/wahrens6/.cache/pypoetry/virtualenvs/matrix-scraper-6ttVeZdD-py3.14/lib/python3.14/site-packages/saps/benchmarks/cg.py:378: RuntimeWarning: invalid value encountered in multiply
  r = r - alpha * Ap
Checking Meszaros/aircraft
Checking Meszaros/df2177
Checking Meszaros/mod2
Checking Meszaros/p6000
Checking Meszaros/scsd8-2b
Checking Mittelmann/fome20
Checking Muite/Chebyshev4
Checking NYPA/Maragal_7 rhs0
Checking Nemeth/nemeth19
Checking Norris/stomach
/storage/home/hcoda1/7/wahrens6/.cache/pypoetry/virtualenvs/matrix-scraper-6ttVeZdD-py3.14/lib/python3.14/site-packages/saps/benchmarks/preconditioned_cg.py:490: RuntimeWarning: divide by zero encountered in scalar divide
  alpha = rho / xp.vecdot(p, Ap)
/storage/home/hcoda1/7/wahrens6/.cache/pypoetry/virtualenvs/matrix-scraper-6ttVeZdD-py3.14/lib/python3.14/site-packages/saps/benchmarks/preconditioned_cg.py:502: RuntimeWarning: invalid value encountered in vecdot
  new_rho = xp.vecdot(r, z)
Checking Oberwolfach/t2dal_a
Checking PARSEC/benzene
Checking Pajek/GD96_b
Checking Pajek/Tina_DisCog
Checking Pothen/shuttle_eddy
Checking QLi/crashbasis
Checking Rajat/rajat17
Checking Rommes/bauru5727
Checking SNAP/Oregon-2
Checking SNAP/p2p-Gnutella08
Checking SNAP/wiki-talk-temporal
Checking Sandia/adder_dcop_25
Checking Sandia/adder_dcop_57
Checking Sandia/fpga_dcop_18 rhs0
Checking Sandia/fpga_dcop_50 rhs0
Checking Sandia/oscil_dcop_25 rhs0
Checking Sandia/oscil_dcop_57 rhs0
Checking Schenk_IBMNA/c-26 rhs0
Checking Schenk_IBMNA/c-61 rhs0
Checking Schenk_ISEI/para-5 rhs0
Checking Stevenson/LargeRegFile
Checking TSOPF/TSOPF_FS_b39_c30 rhs0
Checking VDOL/dynamicSoaringProblem_7 rhs0
Checking VDOL/kineticBatchReactor_8 rhs0
Checking VDOL/spaceStation_10 rhs0
Checking VLSI/vas_stokes_1M
Checking YCheng/psse2
---------------------------------------
Begin Slurm Epilog: Sep-03-2026 14:31:28
Job ID:        12791124
Array Job ID:  12790465_28
User ID:       wahrens6
Account:       gts-wahrens6
Job name:      saps-scrape-matrices
Resources:     cpu=16,mem=256G,node=1
Rsrc Used:     cput=01:05:36,vmem=0,walltime=00:04:06,mem=2849172K,energy_used=0
Partition:     cpu-medium
QOS:           inferno
Nodes:         atl1-1-01-004-26-2
---------------------------------------
