---------------------------------------
Begin Slurm Prolog: Sep-03-2026 12:08:42
Job ID:    12785585
User ID:   wahrens6
Account:   gts-wahrens6
Job name:  saps-scrape-matrices
Partition: cpu-small
QOS:       inferno
---------------------------------------
Selected 91 of 2904 SuiteSparse search results for chunk 3/32.
Checking AG-Monien/3elt_dual
/storage/home/hcoda1/7/wahrens6/.cache/pypoetry/virtualenvs/matrix-scraper-6ttVeZdD-py3.14/lib/python3.14/site-packages/saps/benchmarks/preconditioned_cg.py:510: RuntimeWarning: divide by zero encountered in divide
  output = r / M
/storage/home/hcoda1/7/wahrens6/.cache/pypoetry/virtualenvs/matrix-scraper-6ttVeZdD-py3.14/lib/python3.14/site-packages/saps/benchmarks/preconditioned_cg.py:510: RuntimeWarning: invalid value encountered in divide
  output = r / M
Checking AMD/G3_circuit
/var/lib/slurm/slurmd/job12785585/slurm_script: line 49: 3636845 Killed                  poetry run python scrape_matrices.py "${scrape_args[@]}"
[2026-09-03T12:15:00.769] error: Detected 1 oom_kill event in StepId=12785585.batch. Some of the step tasks have been OOM Killed.
---------------------------------------
Begin Slurm Epilog: Sep-03-2026 12:15:02
Job ID:        12785585
Array Job ID:  12785501_2
User ID:       wahrens6
Account:       gts-wahrens6
Job name:      saps-scrape-matrices
Resources:     cpu=16,mem=128G,node=1
Rsrc Used:     cput=01:41:52,vmem=0,walltime=00:06:22,mem=134216464K,energy_used=0
Partition:     cpu-small
QOS:           inferno
Nodes:         atl1-1-02-018-12-1
---------------------------------------
