---------------------------------------
Begin Slurm Prolog: Sep-03-2026 12:09:47
Job ID:    12785611
User ID:   wahrens6
Account:   gts-wahrens6
Job name:  saps-scrape-matrices
Partition: cpu-small
QOS:       inferno
---------------------------------------
Selected 91 of 2904 SuiteSparse search results for chunk 8/32.
Checking AG-Monien/bfly
Checking ATandT/onetone2
Checking Bai/bfwa782
Checking Bai/mhd4800a
/storage/home/hcoda1/7/wahrens6/.cache/pypoetry/virtualenvs/matrix-scraper-6ttVeZdD-py3.14/lib/python3.14/site-packages/saps/benchmarks/preconditioned_cg.py:510: RuntimeWarning: divide by zero encountered in divide
  output = r / M
/storage/home/hcoda1/7/wahrens6/.cache/pypoetry/virtualenvs/matrix-scraper-6ttVeZdD-py3.14/lib/python3.14/site-packages/saps/benchmarks/preconditioned_cg.py:510: RuntimeWarning: invalid value encountered in divide
  output = r / M
/storage/home/hcoda1/7/wahrens6/.cache/pypoetry/virtualenvs/matrix-scraper-6ttVeZdD-py3.14/lib/python3.14/site-packages/saps/benchmarks/preconditioned_cg.py:472: RuntimeWarning: invalid value encountered in vecdot
  alpha = rho / xp.vecdot(p, Ap)
Checking Bai/rdb968
/storage/home/hcoda1/7/wahrens6/.cache/pypoetry/virtualenvs/matrix-scraper-6ttVeZdD-py3.14/lib/python3.14/site-packages/numpy/_core/fromnumeric.py:86: RuntimeWarning: overflow encountered in reduce
  return ufunc.reduce(obj, axis, dtype, out, **passkwargs)
/storage/home/hcoda1/7/wahrens6/.cache/pypoetry/virtualenvs/matrix-scraper-6ttVeZdD-py3.14/lib/python3.14/site-packages/saps/benchmarks/jacobi.py:328: RuntimeWarning: overflow encountered in multiply
  return xp.sqrt(xp.sum(xp.multiply(v, v)))
Checking Boeing/bcsstk34
/storage/home/hcoda1/7/wahrens6/.cache/pypoetry/virtualenvs/matrix-scraper-6ttVeZdD-py3.14/lib/python3.14/site-packages/numpy/linalg/_linalg.py:2792: RuntimeWarning: overflow encountered in dot
  sqnorm = x.dot(x)
Checking Bomhof/circuit_1
Checking CPM/cz308
Checking Cylshell/s1rmt3m1
Checking DIMACS10/cs4
Checking DIMACS10/hugebubbles-00000
Checking DIMACS10/mt2010
Checking DIMACS10/t60k
Checking DNVS/halfb
/storage/home/hcoda1/7/wahrens6/.cache/pypoetry/virtualenvs/matrix-scraper-6ttVeZdD-py3.14/lib/python3.14/site-packages/saps/benchmarks/jacobi.py:346: RuntimeWarning: invalid value encountered in add
  x = x + r / d
Checking DRIVCAV/cavity21
Checking FIDAP/ex13
Checking FlowIPM22/Spielman_k300
Checking GHS_indef/aug2dc
Checking GHS_indef/helm2d03
/var/lib/slurm/slurmd/job12785611/slurm_script: line 49: 4089425 Killed                  poetry run python scrape_matrices.py "${scrape_args[@]}"
[2026-09-03T12:23:24.822] error: Detected 1 oom_kill event in StepId=12785611.batch. Some of the step tasks have been OOM Killed.
---------------------------------------
Begin Slurm Epilog: Sep-03-2026 12:23:25
Job ID:        12785611
Array Job ID:  12785501_7
User ID:       wahrens6
Account:       gts-wahrens6
Job name:      saps-scrape-matrices
Resources:     cpu=16,mem=128G,node=1
Rsrc Used:     cput=03:38:40,vmem=0,walltime=00:13:40,mem=134218168K,energy_used=0
Partition:     cpu-small
QOS:           inferno
Nodes:         atl1-1-02-008-29-1
---------------------------------------
