---------------------------------------
Begin Slurm Prolog: Sep-03-2026 14:24:23
Job ID:    12791098
User ID:   wahrens6
Account:   gts-wahrens6
Job name:  saps-scrape-matrices
Partition: cpu-medium
QOS:       inferno
---------------------------------------
Selected 91 of 2904 SuiteSparse search results for chunk 21/32.
Checking AG-Monien/grid2
/storage/home/hcoda1/7/wahrens6/.cache/pypoetry/virtualenvs/matrix-scraper-6ttVeZdD-py3.14/lib/python3.14/site-packages/saps/benchmarks/preconditioned_cg.py:528: RuntimeWarning: divide by zero encountered in divide
  output = r / M
/storage/home/hcoda1/7/wahrens6/.cache/pypoetry/virtualenvs/matrix-scraper-6ttVeZdD-py3.14/lib/python3.14/site-packages/saps/benchmarks/preconditioned_cg.py:528: RuntimeWarning: invalid value encountered in divide
  output = r / M
Checking Andrianov/net125
/storage/home/hcoda1/7/wahrens6/.cache/pypoetry/virtualenvs/matrix-scraper-6ttVeZdD-py3.14/lib/python3.14/site-packages/numpy/_core/fromnumeric.py:86: RuntimeWarning: overflow encountered in reduce
  return ufunc.reduce(obj, axis, dtype, out, **passkwargs)
/storage/home/hcoda1/7/wahrens6/.cache/pypoetry/virtualenvs/matrix-scraper-6ttVeZdD-py3.14/lib/python3.14/site-packages/saps/benchmarks/jacobi.py:336: RuntimeWarning: overflow encountered in multiply
  return xp.sqrt(xp.sum(xp.multiply(v, v)))
/storage/home/hcoda1/7/wahrens6/.cache/pypoetry/virtualenvs/matrix-scraper-6ttVeZdD-py3.14/lib/python3.14/site-packages/saps/benchmarks/jacobi.py:354: RuntimeWarning: invalid value encountered in add
  x = x + r / d
Checking Bai/ck400
Checking Bai/pde900
Checking Barabasi/NotreDame_yeast
Checking Boeing/crystk02
/storage/home/hcoda1/7/wahrens6/.cache/pypoetry/virtualenvs/matrix-scraper-6ttVeZdD-py3.14/lib/python3.14/site-packages/saps/benchmarks/jacobi.py:354: RuntimeWarning: overflow encountered in divide
  x = x + r / d
/storage/home/hcoda1/7/wahrens6/.cache/pypoetry/virtualenvs/matrix-scraper-6ttVeZdD-py3.14/lib/python3.14/site-packages/numpy/linalg/_linalg.py:2792: RuntimeWarning: overflow encountered in dot
  sqnorm = x.dot(x)
Checking Bourchtein/atmosmodm rhs0
Checking Bourchtein/atmosmodm rhs1
Checking Chen/pkustk08
Checking DIMACS10/NLR
Checking DIMACS10/delaunay_n18
Checking DIMACS10/italy_osm
Checking DIMACS10/pa2010
Checking DIMACS10/vsp_data_and_seymourl
Checking DRIVCAV/cavity02 rhs0
/storage/home/hcoda1/7/wahrens6/.cache/pypoetry/virtualenvs/matrix-scraper-6ttVeZdD-py3.14/lib/python3.14/site-packages/saps/benchmarks/preconditioned_cg.py:490: RuntimeWarning: invalid value encountered in vecdot
  alpha = rho / xp.vecdot(p, Ap)
Checking Dziekonski/dielFilterV3clx rhs0
Checking FIDAP/ex27
Checking Fluorem/RM07R rhs0
Checking GHS_indef/c-58 rhs0
Checking GHS_indef/olesnik0
Checking GHS_psdef/opt1
Checking Goodwin/Goodwin_013
Checking Grund/poli rhs0
/storage/home/hcoda1/7/wahrens6/.cache/pypoetry/virtualenvs/matrix-scraper-6ttVeZdD-py3.14/lib/python3.14/site-packages/saps/benchmarks/GMRES.py:409: RuntimeWarning: invalid value encountered in divide
  Q[:, i + 1] = rcurr / H[i + 1, i]
/storage/home/hcoda1/7/wahrens6/.cache/pypoetry/virtualenvs/matrix-scraper-6ttVeZdD-py3.14/lib/python3.14/site-packages/saps/benchmarks/GMRES.py:420: RuntimeWarning: invalid value encountered in divide
  rcurr = r0 / r0_norm
Checking Gset/G35
Checking Gset/G64
Checking HB/bcspwr08
Checking HB/bcsstk30
Checking HB/bp_1200
Checking HB/dwt_1242
Checking HB/fs_183_6
Checking HB/jagmesh1
Checking HB/lshp_406
Checking HB/pores_3
Checking HB/west0381
Checking Hohn/fd12 rhs0
/storage/home/hcoda1/7/wahrens6/.cache/pypoetry/virtualenvs/matrix-scraper-6ttVeZdD-py3.14/lib/python3.14/site-packages/saps/benchmarks/cg.py:376: RuntimeWarning: divide by zero encountered in scalar divide
  alpha = rr / xp.vecdot(p, Ap)[()]
/storage/home/hcoda1/7/wahrens6/.cache/pypoetry/virtualenvs/matrix-scraper-6ttVeZdD-py3.14/lib/python3.14/site-packages/saps/benchmarks/cg.py:377: RuntimeWarning: invalid value encountered in multiply
  x = x + alpha * p
/storage/home/hcoda1/7/wahrens6/.cache/pypoetry/virtualenvs/matrix-scraper-6ttVeZdD-py3.14/lib/python3.14/site-packages/saps/benchmarks/cg.py:378: RuntimeWarning: invalid value encountered in multiply
  r = r - alpha * Ap
Checking Hollinger/jan99jac040sc rhs0
Checking IPSO/HTC_336_4438 rhs0
Checking JGD_Forest/TF11
Checking JGD_G5/IG5-9
Checking JGD_Homology/ch3-3-b1
Checking JGD_Homology/ch8-8-b1
Checking JGD_Homology/mk9-b2
Checking JGD_Homology/n3c6-b8
Checking JGD_Kocay/Trec11
Checking JGD_Margulies/wheel_6_1
Checking JGD_Taha/abtaha2
Checking Kemelmacher/Kemelmacher
Checking LPnetlib/lp_bore3d
Checking LPnetlib/lp_ken_11
Checking LPnetlib/lp_scfxm1
Checking LPnetlib/lp_woodw
Checking LeGresley/LeGresley_4908 rhs0
Checking ML_Graph/collins_15NN
Checking Mallya/lhr11c
Checking Meszaros/aa4
Checking Meszaros/deter1
Checking Meszaros/kl02
Checking Meszaros/p0040
Checking Meszaros/scagr7-2b
Checking Meszaros/us04
Checking Mittelmann/watson_2
Checking ND/nd3k
Checking Nemeth/nemeth11
Checking Norris/fv1
Checking Oberwolfach/rail_20209
Checking PARSEC/Si34H36
Checking Pajek/GD02_a
Checking Pajek/Sandi_sandi
Checking Pothen/mesh1em1
Checking QCD/conf5_4-8x8-10
Checking Rajat/rajat09
S10PI_n:   0%|          | 0/12216 [00:00<?, ?B/s]S10PI_n: 16384B [00:00, 100614167.99B/s]         
Checking Rommes/S10PI_n
Checking Rothberg/cfd2
Checking SNAP/email-Eu-core-temporal
Checking SNAP/twitter7
Checking Sandia/adder_dcop_17
Checking Sandia/adder_dcop_49
Checking Sandia/fpga_dcop_10 rhs0
Checking Sandia/fpga_dcop_42 rhs0
Checking Sandia/oscil_dcop_17 rhs0
Checking Sandia/oscil_dcop_49 rhs0
Checking Schenk_IBMNA/c-18 rhs0
Checking Schenk_IBMNA/c-50 rhs0
Checking Schenk_ISEI/barrier2-3 rhs0
Checking Simon/raefsky6 rhs0
Checking TSOPF/TSOPF_FS_b162_c1 rhs0
Checking Um/2cubes_sphere rhs0
Checking VDOL/hangGlider_5 rhs0
Checking VDOL/reorientation_6 rhs0
Checking VLSI/nv1
Checking Williams/cop20k_A
Checking vanHeukelum/cage6
---------------------------------------
Begin Slurm Epilog: Sep-03-2026 14:30:11
Job ID:        12791098
Array Job ID:  12790465_20
User ID:       wahrens6
Account:       gts-wahrens6
Job name:      saps-scrape-matrices
Resources:     cpu=16,mem=256G,node=1
Rsrc Used:     cput=01:33:20,vmem=0,walltime=00:05:50,mem=3548748K,energy_used=0
Partition:     cpu-medium
QOS:           inferno
Nodes:         atl1-1-01-003-7-1
---------------------------------------
