---------------------------------------
Begin Slurm Prolog: Sep-03-2026 12:10:36
Job ID:    12785653
User ID:   wahrens6
Account:   gts-wahrens6
Job name:  saps-scrape-matrices
Partition: cpu-small
QOS:       inferno
---------------------------------------
Selected 90 of 2904 SuiteSparse search results for chunk 29/32.
Checking AG-Monien/ukerbe1
/storage/home/hcoda1/7/wahrens6/.cache/pypoetry/virtualenvs/matrix-scraper-6ttVeZdD-py3.14/lib/python3.14/site-packages/saps/benchmarks/preconditioned_cg.py:510: RuntimeWarning: divide by zero encountered in divide
  output = r / M
/storage/home/hcoda1/7/wahrens6/.cache/pypoetry/virtualenvs/matrix-scraper-6ttVeZdD-py3.14/lib/python3.14/site-packages/saps/benchmarks/preconditioned_cg.py:510: RuntimeWarning: invalid value encountered in divide
  output = r / M
Checking Arenas/PGPgiantcompo
Checking Bai/dw4096
/storage/home/hcoda1/7/wahrens6/.cache/pypoetry/virtualenvs/matrix-scraper-6ttVeZdD-py3.14/lib/python3.14/site-packages/numpy/_core/fromnumeric.py:86: RuntimeWarning: overflow encountered in reduce
  return ufunc.reduce(obj, axis, dtype, out, **passkwargs)
/storage/home/hcoda1/7/wahrens6/.cache/pypoetry/virtualenvs/matrix-scraper-6ttVeZdD-py3.14/lib/python3.14/site-packages/saps/benchmarks/jacobi.py:328: RuntimeWarning: overflow encountered in multiply
  return xp.sqrt(xp.sum(xp.multiply(v, v)))
/storage/home/hcoda1/7/wahrens6/.cache/pypoetry/virtualenvs/matrix-scraper-6ttVeZdD-py3.14/lib/python3.14/site-packages/saps/benchmarks/jacobi.py:346: RuntimeWarning: overflow encountered in divide
  x = x + r / d
/storage/home/hcoda1/7/wahrens6/.cache/pypoetry/virtualenvs/matrix-scraper-6ttVeZdD-py3.14/lib/python3.14/site-packages/saps/benchmarks/jacobi.py:346: RuntimeWarning: overflow encountered in add
  x = x + r / d
/storage/home/hcoda1/7/wahrens6/.cache/pypoetry/virtualenvs/matrix-scraper-6ttVeZdD-py3.14/lib/python3.14/site-packages/numpy/linalg/_linalg.py:2792: RuntimeWarning: overflow encountered in dot
  sqnorm = x.dot(x)
Checking Bai/rdb1250
Checking Bindel/ted_A
Checking Boeing/msc01440
Checking Bydder/mri1
Checking Chevron/Chevron2
Checking DIMACS10/belgium_osm
Checking DIMACS10/fe_4elt2
Checking DIMACS10/ky2010
Checking DIMACS10/rgg_n_2_20_s0
Checking DIMACS10/vsp_vibrobox_scagr7-2c_rlfddd
Checking DRIVCAV/cavity10
/storage/home/hcoda1/7/wahrens6/.cache/pypoetry/virtualenvs/matrix-scraper-6ttVeZdD-py3.14/lib/python3.14/site-packages/saps/benchmarks/preconditioned_cg.py:472: RuntimeWarning: invalid value encountered in vecdot
  alpha = rho / xp.vecdot(p, Ap)
Checking FEMLAB/poisson3Db
Checking FIDAP/ex36
Checking Freescale/nxp1
/var/lib/slurm/slurmd/job12785653/slurm_script: line 49: 140137 Killed                  poetry run python scrape_matrices.py "${scrape_args[@]}"
[2026-09-03T12:21:24.433] error: Detected 1 oom_kill event in StepId=12785653.batch. Some of the step tasks have been OOM Killed.
---------------------------------------
Begin Slurm Epilog: Sep-03-2026 12:21:27
Job ID:        12785653
Array Job ID:  12785501_28
User ID:       wahrens6
Account:       gts-wahrens6
Job name:      saps-scrape-matrices
Resources:     cpu=16,mem=128G,node=1
Rsrc Used:     cput=02:54:08,vmem=0,walltime=00:10:53,mem=134216528K,energy_used=0
Partition:     cpu-small
QOS:           inferno
Nodes:         atl1-1-02-004-5-2
---------------------------------------
