---------------------------------------
Begin Slurm Prolog: Sep-03-2026 14:18:01
Job ID:    12790762
User ID:   wahrens6
Account:   gts-wahrens6
Job name:  saps-scrape-matrices
Partition: cpu-medium
QOS:       inferno
---------------------------------------
Selected 91 of 2904 SuiteSparse search results for chunk 8/32.
Checking AG-Monien/bfly
Checking ATandT/onetone2
Checking Bai/bfwa782
Checking Bai/mhd4800a
/storage/home/hcoda1/7/wahrens6/.cache/pypoetry/virtualenvs/matrix-scraper-6ttVeZdD-py3.14/lib/python3.14/site-packages/saps/benchmarks/preconditioned_cg.py:528: RuntimeWarning: divide by zero encountered in divide
  output = r / M
/storage/home/hcoda1/7/wahrens6/.cache/pypoetry/virtualenvs/matrix-scraper-6ttVeZdD-py3.14/lib/python3.14/site-packages/saps/benchmarks/preconditioned_cg.py:528: RuntimeWarning: invalid value encountered in divide
  output = r / M
/storage/home/hcoda1/7/wahrens6/.cache/pypoetry/virtualenvs/matrix-scraper-6ttVeZdD-py3.14/lib/python3.14/site-packages/saps/benchmarks/preconditioned_cg.py:490: RuntimeWarning: invalid value encountered in vecdot
  alpha = rho / xp.vecdot(p, Ap)
Checking Bai/rdb968
/storage/home/hcoda1/7/wahrens6/.cache/pypoetry/virtualenvs/matrix-scraper-6ttVeZdD-py3.14/lib/python3.14/site-packages/numpy/_core/fromnumeric.py:86: RuntimeWarning: overflow encountered in reduce
  return ufunc.reduce(obj, axis, dtype, out, **passkwargs)
/storage/home/hcoda1/7/wahrens6/.cache/pypoetry/virtualenvs/matrix-scraper-6ttVeZdD-py3.14/lib/python3.14/site-packages/saps/benchmarks/jacobi.py:336: RuntimeWarning: overflow encountered in multiply
  return xp.sqrt(xp.sum(xp.multiply(v, v)))
Checking Boeing/bcsstk34
/storage/home/hcoda1/7/wahrens6/.cache/pypoetry/virtualenvs/matrix-scraper-6ttVeZdD-py3.14/lib/python3.14/site-packages/numpy/linalg/_linalg.py:2792: RuntimeWarning: overflow encountered in dot
  sqnorm = x.dot(x)
Checking Bomhof/circuit_1 rhs0
Checking CPM/cz308
Checking Cylshell/s1rmt3m1
Checking DIMACS10/cs4
Checking DIMACS10/hugebubbles-00000
Checking DIMACS10/mt2010
Checking DIMACS10/t60k
Checking DNVS/halfb
/storage/home/hcoda1/7/wahrens6/.cache/pypoetry/virtualenvs/matrix-scraper-6ttVeZdD-py3.14/lib/python3.14/site-packages/saps/benchmarks/jacobi.py:354: RuntimeWarning: invalid value encountered in add
  x = x + r / d
Checking DRIVCAV/cavity21 rhs0
Checking FIDAP/ex13
Checking FlowIPM22/Spielman_k300
Checking GHS_indef/aug2dc
Checking GHS_indef/helm2d03
Checking GHS_psdef/crankseg_2
Checking GenBank/kmer_V1r
Checking Grund/bayer03 rhs0
Checking Gset/G23
Checking Gset/G52
Checking HB/ash219
Checking HB/bcsstk17
Checking HB/bcsstm21
Checking HB/can_62
Checking HB/dwt_607
Checking HB/gre_216a
Checking HB/lock1074
Checking HB/nos5
Checking HB/steam3
Checking Hamm/add20 rhs0
Checking Hollinger/g7jac120
Checking Hollinger/mark3jac120
Checking JGD_BIBD/bibd_18_9
Checking JGD_Franz/Franz9
Checking JGD_GL7d/GL7d23
Checking JGD_Homology/ch7-7-b1
Checking JGD_Homology/mk10-b4
Checking JGD_Homology/n3c5-b4
Checking JGD_Homology/n4c6-b15
Checking JGD_Margulies/flower_5_1
Checking JGD_SL6/D_5
Checking Janna/Geo_1438
Checking LAW/webbase-2001
Checking LPnetlib/lp_fit1p
Checking LPnetlib/lp_pilot_ja
Checking LPnetlib/lp_ship12s
Checking LPnetlib/lpi_klein1
Checking ML_Graph/Binaryalphadigs_10NN
Checking ML_Graph/umistfacesnorm_10NN
Checking MathWorks/Sieber
Checking Meszaros/cq9
Checking Meszaros/gams30a
Checking Meszaros/nemsafm
Checking Meszaros/r05
Checking Meszaros/stat96v2
Checking Mittelmann/pds-60
Checking Mycielski/mycielskian18
Checking Nasa/shuttle_eddy
Checking Newman/celegansneural
Checking Oberwolfach/chipcool0
Checking Okunbor/aft02
Checking Pajek/Erdos971
Checking Pajek/GlossGT
Checking Pajek/internet
Checking Priebel/176bit
Checking Qaplib/lp_nug20
Checking Rajat/rajat28
Checking Rommes/mimo46x46_system
Checking SNAP/ca-HepPh
Checking SNAP/soc-Pokec
Checking Sandia/adder_dcop_04
Checking Sandia/adder_dcop_36
Checking Sandia/adder_dcop_68
Checking Sandia/fpga_dcop_29 rhs0
Checking Sandia/oscil_dcop_04 rhs0
Checking Sandia/oscil_dcop_36 rhs0
Checking Schenk_AFE/af_3_k101 rhs0
Checking Schenk_IBMNA/c-37 rhs0
/storage/home/hcoda1/7/wahrens6/.cache/pypoetry/virtualenvs/matrix-scraper-6ttVeZdD-py3.14/lib/python3.14/site-packages/saps/benchmarks/jacobi.py:354: RuntimeWarning: overflow encountered in divide
  x = x + r / d
Checking Schenk_IBMNA/c-big rhs0
Checking Shen/shermanACa
Checking TKK/g3rmt3m3 rhs0
Checking TSOPF/TSOPF_RS_b300_c2 rhs0
Checking TSOPF/TSOPF_RS_b300_c2 rhs1
Checking TSOPF/TSOPF_RS_b300_c2 rhs2
Checking TSOPF/TSOPF_RS_b300_c2 rhs3
Checking TSOPF/TSOPF_RS_b300_c2 rhs4
Checking TSOPF/TSOPF_RS_b300_c2 rhs5
Checking TSOPF/TSOPF_RS_b300_c2 rhs6
Checking TSOPF/TSOPF_RS_b300_c2 rhs7
Checking TSOPF/TSOPF_RS_b300_c2 rhs8
Checking TSOPF/TSOPF_RS_b300_c2 rhs9
Checking TSOPF/TSOPF_RS_b300_c2 rhs10
Checking TSOPF/TSOPF_RS_b300_c2 rhs11
Checking TSOPF/TSOPF_RS_b300_c2 rhs12
Checking TSOPF/TSOPF_RS_b300_c2 rhs13
Checking TSOPF/TSOPF_RS_b300_c2 rhs14
Checking TSOPF/TSOPF_RS_b300_c2 rhs15
Checking TSOPF/TSOPF_RS_b300_c2 rhs16
Checking TSOPF/TSOPF_RS_b300_c2 rhs17
Checking TSOPF/TSOPF_RS_b300_c2 rhs18
Checking TSOPF/TSOPF_RS_b300_c2 rhs19
Checking TSOPF/TSOPF_RS_b300_c2 rhs20
Checking TSOPF/TSOPF_RS_b300_c2 rhs21
Checking TSOPF/TSOPF_RS_b300_c2 rhs22
Checking TSOPF/TSOPF_RS_b300_c2 rhs23
Checking TSOPF/TSOPF_RS_b300_c2 rhs24
Checking TSOPF/TSOPF_RS_b300_c2 rhs25
Checking TSOPF/TSOPF_RS_b300_c2 rhs26
Checking TSOPF/TSOPF_RS_b300_c2 rhs27
Checking TSOPF/TSOPF_RS_b300_c2 rhs28
Checking TSOPF/TSOPF_RS_b300_c2 rhs29
Checking TSOPF/TSOPF_RS_b300_c2 rhs30
Checking TSOPF/TSOPF_RS_b300_c2 rhs31
Checking TSOPF/TSOPF_RS_b300_c2 rhs32
Checking TSOPF/TSOPF_RS_b300_c2 rhs33
Checking TSOPF/TSOPF_RS_b300_c2 rhs34
Checking TSOPF/TSOPF_RS_b300_c2 rhs35
Checking TSOPF/TSOPF_RS_b300_c2 rhs36
Checking TSOPF/TSOPF_RS_b300_c2 rhs37
Checking TSOPF/TSOPF_RS_b300_c2 rhs38
Checking TSOPF/TSOPF_RS_b300_c2 rhs39
Checking TSOPF/TSOPF_RS_b300_c2 rhs40
Checking TSOPF/TSOPF_RS_b300_c2 rhs41
Checking TSOPF/TSOPF_RS_b300_c2 rhs42
Checking TSOPF/TSOPF_RS_b300_c2 rhs43
Checking TSOPF/TSOPF_RS_b300_c2 rhs44
Checking TSOPF/TSOPF_RS_b300_c2 rhs45
Checking TSOPF/TSOPF_RS_b300_c2 rhs46
Checking TSOPF/TSOPF_RS_b300_c2 rhs47
Checking TSOPF/TSOPF_RS_b300_c2 rhs48
Checking TSOPF/TSOPF_RS_b300_c2 rhs49
Checking TSOPF/TSOPF_RS_b300_c2 rhs50
Checking TSOPF/TSOPF_RS_b300_c2 rhs51
Checking TSOPF/TSOPF_RS_b300_c2 rhs52
Checking TSOPF/TSOPF_RS_b300_c2 rhs53
Checking TSOPF/TSOPF_RS_b300_c2 rhs54
Checking TSOPF/TSOPF_RS_b300_c2 rhs55
Checking TSOPF/TSOPF_RS_b300_c2 rhs56
Checking TSOPF/TSOPF_RS_b300_c2 rhs57
Checking TSOPF/TSOPF_RS_b300_c2 rhs58
Checking TSOPF/TSOPF_RS_b300_c2 rhs59
Checking TSOPF/TSOPF_RS_b300_c2 rhs60
Checking TSOPF/TSOPF_RS_b300_c2 rhs61
Checking TSOPF/TSOPF_RS_b300_c2 rhs62
Checking TSOPF/TSOPF_RS_b300_c2 rhs63
Checking TSOPF/TSOPF_RS_b300_c2 rhs64
Checking TSOPF/TSOPF_RS_b300_c2 rhs65
Checking TSOPF/TSOPF_RS_b300_c2 rhs66
Checking TSOPF/TSOPF_RS_b300_c2 rhs67
Checking TSOPF/TSOPF_RS_b300_c2 rhs68
Checking TSOPF/TSOPF_RS_b300_c2 rhs69
Checking TSOPF/TSOPF_RS_b300_c2 rhs70
Checking TSOPF/TSOPF_RS_b300_c2 rhs71
Checking TSOPF/TSOPF_RS_b300_c2 rhs72
Checking TSOPF/TSOPF_RS_b300_c2 rhs73
Checking TSOPF/TSOPF_RS_b300_c2 rhs74
Checking TSOPF/TSOPF_RS_b300_c2 rhs75
Checking TSOPF/TSOPF_RS_b300_c2 rhs76
Checking TSOPF/TSOPF_RS_b300_c2 rhs77
Checking TSOPF/TSOPF_RS_b300_c2 rhs78
Checking TSOPF/TSOPF_RS_b300_c2 rhs79
Checking TSOPF/TSOPF_RS_b300_c2 rhs80
Checking TSOPF/TSOPF_RS_b300_c2 rhs81
Checking TSOPF/TSOPF_RS_b300_c2 rhs82
Checking TSOPF/TSOPF_RS_b300_c2 rhs83
Checking TSOPF/TSOPF_RS_b300_c2 rhs84
Checking TSOPF/TSOPF_RS_b300_c2 rhs85
Checking TSOPF/TSOPF_RS_b300_c2 rhs86
Checking TSOPF/TSOPF_RS_b300_c2 rhs87
Checking TSOPF/TSOPF_RS_b300_c2 rhs88
Checking TSOPF/TSOPF_RS_b300_c2 rhs89
Checking TSOPF/TSOPF_RS_b300_c2 rhs90
Checking TSOPF/TSOPF_RS_b300_c2 rhs91
Checking TSOPF/TSOPF_RS_b300_c2 rhs92
Checking TSOPF/TSOPF_RS_b300_c2 rhs93
Checking TSOPF/TSOPF_RS_b300_c2 rhs94
Checking TSOPF/TSOPF_RS_b300_c2 rhs95
Checking TSOPF/TSOPF_RS_b300_c2 rhs96
Checking TSOPF/TSOPF_RS_b300_c2 rhs97
Checking TSOPF/TSOPF_RS_b300_c2 rhs98
Checking TSOPF/TSOPF_RS_b300_c2 rhs99
Checking TSOPF/TSOPF_RS_b300_c2 rhs100
Checking TSOPF/TSOPF_RS_b300_c2 rhs101
Checking TSOPF/TSOPF_RS_b300_c2 rhs102
Checking TSOPF/TSOPF_RS_b300_c2 rhs103
Checking TSOPF/TSOPF_RS_b300_c2 rhs104
Checking TSOPF/TSOPF_RS_b300_c2 rhs105
Checking TSOPF/TSOPF_RS_b300_c2 rhs106
Checking TSOPF/TSOPF_RS_b300_c2 rhs107
Checking TSOPF/TSOPF_RS_b300_c2 rhs108
Checking TSOPF/TSOPF_RS_b300_c2 rhs109
Checking TSOPF/TSOPF_RS_b300_c2 rhs110
Checking TSOPF/TSOPF_RS_b300_c2 rhs111
Checking TSOPF/TSOPF_RS_b300_c2 rhs112
Checking TSOPF/TSOPF_RS_b300_c2 rhs113
Checking TSOPF/TSOPF_RS_b300_c2 rhs114
Checking TSOPF/TSOPF_RS_b300_c2 rhs115
Checking TSOPF/TSOPF_RS_b300_c2 rhs116
Checking TSOPF/TSOPF_RS_b300_c2 rhs117
Checking TSOPF/TSOPF_RS_b300_c2 rhs118
Checking TSOPF/TSOPF_RS_b300_c2 rhs119
Checking TSOPF/TSOPF_RS_b300_c2 rhs120
Checking TSOPF/TSOPF_RS_b300_c2 rhs121
Checking TSOPF/TSOPF_RS_b300_c2 rhs122
Checking TSOPF/TSOPF_RS_b300_c2 rhs123
Checking TSOPF/TSOPF_RS_b300_c2 rhs124
Checking TSOPF/TSOPF_RS_b300_c2 rhs125
Checking TSOPF/TSOPF_RS_b300_c2 rhs126
Checking TSOPF/TSOPF_RS_b300_c2 rhs127
Checking TSOPF/TSOPF_RS_b300_c2 rhs128
Checking TSOPF/TSOPF_RS_b300_c2 rhs129
Checking TSOPF/TSOPF_RS_b300_c2 rhs130
Checking TSOPF/TSOPF_RS_b300_c2 rhs131
Checking TSOPF/TSOPF_RS_b300_c2 rhs132
Checking TSOPF/TSOPF_RS_b300_c2 rhs133
Checking TSOPF/TSOPF_RS_b300_c2 rhs134
Checking TSOPF/TSOPF_RS_b300_c2 rhs135
Checking TSOPF/TSOPF_RS_b300_c2 rhs136
Checking VDOL/freeFlyingRobot_3 rhs0
Checking VDOL/lowThrust_6 rhs0
Checking VDOL/spaceStation_8 rhs0
std1_Jac3:   0%|          | 0/15829654 [00:00<?, ?B/s]std1_Jac3:   1%|▏         | 212992/15829654 [00:00<00:07, 2080192.42B/s]std1_Jac3:   4%|▍         | 655360/15829654 [00:00<00:04, 3268235.07B/s]std1_Jac3:   7%|▋         | 1163264/15829654 [00:00<00:03, 4059593.95B/s]std1_Jac3:  11%|█         | 1736704/15829654 [00:00<00:03, 4674077.14B/s]std1_Jac3:  15%|█▌        | 2408448/15829654 [00:00<00:02, 5344538.20B/s]std1_Jac3:  20%|██        | 3194880/15829654 [00:00<00:02, 6161819.21B/s]std1_Jac3:  25%|██▍       | 3915776/15829654 [00:00<00:01, 6498752.52B/s]std1_Jac3:  31%|███       | 4833280/15829654 [00:00<00:01, 7315094.21B/s]std1_Jac3:  36%|███▌      | 5652480/15829654 [00:00<00:01, 7442794.89B/s]std1_Jac3:  42%|████▏     | 6619136/15829654 [00:01<00:01, 8105785.81B/s]std1_Jac3:  48%|████▊     | 7585792/15829654 [00:01<00:00, 8558777.76B/s]std1_Jac3:  55%|█████▌    | 8716288/15829654 [00:01<00:00, 9369635.47B/s]std1_Jac3:  63%|██████▎   | 9994240/15829654 [00:01<00:00, 10207183.74B/s]std1_Jac3:  71%|███████   | 11206656/15829654 [00:01<00:00, 10747449.53B/s]std1_Jac3:  78%|███████▊  | 12337152/15829654 [00:01<00:00, 10889968.05B/s]std1_Jac3:  86%|████████▋ | 13680640/15829654 [00:01<00:00, 11626879.77B/s]std1_Jac3:  95%|█████████▍| 14991360/15829654 [00:01<00:00, 12055888.62B/s]std1_Jac3: 15843328B [00:01, 8826120.01B/s]                                
Checking VanVelzen/std1_Jac3 rhs0
Checking Zitney/radfr1
---------------------------------------
Begin Slurm Epilog: Sep-03-2026 14:41:23
Job ID:        12790762
Array Job ID:  12790465_7
User ID:       wahrens6
Account:       gts-wahrens6
Job name:      saps-scrape-matrices
Resources:     cpu=16,mem=256G,node=1
Rsrc Used:     cput=06:14:24,vmem=0,walltime=00:23:24,mem=4968696K,energy_used=0
Partition:     cpu-medium
QOS:           inferno
Nodes:         atl1-1-01-004-28-1
---------------------------------------
