---------------------------------------
Begin Slurm Prolog: Sep-03-2026 12:10:20
Job ID:    12785635
User ID:   wahrens6
Account:   gts-wahrens6
Job name:  saps-scrape-matrices
Partition: cpu-small
QOS:       inferno
---------------------------------------
Selected 91 of 2904 SuiteSparse search results for chunk 23/32.
Checking AG-Monien/netz4504
/storage/home/hcoda1/7/wahrens6/.cache/pypoetry/virtualenvs/matrix-scraper-6ttVeZdD-py3.14/lib/python3.14/site-packages/saps/benchmarks/preconditioned_cg.py:510: RuntimeWarning: divide by zero encountered in divide
  output = r / M
/storage/home/hcoda1/7/wahrens6/.cache/pypoetry/virtualenvs/matrix-scraper-6ttVeZdD-py3.14/lib/python3.14/site-packages/saps/benchmarks/preconditioned_cg.py:510: RuntimeWarning: invalid value encountered in divide
  output = r / M
Checking Andrianov/net25
/storage/home/hcoda1/7/wahrens6/.cache/pypoetry/virtualenvs/matrix-scraper-6ttVeZdD-py3.14/lib/python3.14/site-packages/numpy/_core/fromnumeric.py:86: RuntimeWarning: overflow encountered in reduce
  return ufunc.reduce(obj, axis, dtype, out, **passkwargs)
/storage/home/hcoda1/7/wahrens6/.cache/pypoetry/virtualenvs/matrix-scraper-6ttVeZdD-py3.14/lib/python3.14/site-packages/saps/benchmarks/jacobi.py:328: RuntimeWarning: overflow encountered in multiply
  return xp.sqrt(xp.sum(xp.multiply(v, v)))
/storage/home/hcoda1/7/wahrens6/.cache/pypoetry/virtualenvs/matrix-scraper-6ttVeZdD-py3.14/lib/python3.14/site-packages/saps/benchmarks/jacobi.py:346: RuntimeWarning: invalid value encountered in add
  x = x + r / d
Checking Bai/cryg10000
/storage/home/hcoda1/7/wahrens6/.cache/pypoetry/virtualenvs/matrix-scraper-6ttVeZdD-py3.14/lib/python3.14/site-packages/saps/benchmarks/jacobi.py:346: RuntimeWarning: overflow encountered in divide
  x = x + r / d
/storage/home/hcoda1/7/wahrens6/.cache/pypoetry/virtualenvs/matrix-scraper-6ttVeZdD-py3.14/lib/python3.14/site-packages/numpy/linalg/_linalg.py:2792: RuntimeWarning: overflow encountered in dot
  sqnorm = x.dot(x)
Checking Bai/qc324
Checking Bates/Chem97ZtZ
Checking Boeing/crystm01
Checking Brethour/coater1
Checking Chen/pkustk10
Checking DIMACS10/ak2010
Checking DIMACS10/delaunay_n20
Checking DIMACS10/kron_g500-logn17
Checking DIMACS10/preferentialAttachment
Checking DIMACS10/vsp_mod2_pgp2_slptsk
Checking DRIVCAV/cavity04
/storage/home/hcoda1/7/wahrens6/.cache/pypoetry/virtualenvs/matrix-scraper-6ttVeZdD-py3.14/lib/python3.14/site-packages/saps/benchmarks/preconditioned_cg.py:472: RuntimeWarning: invalid value encountered in vecdot
  alpha = rho / xp.vecdot(p, Ap)
Checking Dziekonski/gsm_106857
/var/lib/slurm/slurmd/job12785635/slurm_script: line 49: 138864 Segmentation fault      poetry run python scrape_matrices.py "${scrape_args[@]}"
---------------------------------------
Begin Slurm Epilog: Sep-03-2026 12:12:42
Job ID:        12785635
Array Job ID:  12785501_22
User ID:       wahrens6
Account:       gts-wahrens6
Job name:      saps-scrape-matrices
Resources:     cpu=16,mem=128G,node=1
Rsrc Used:     cput=00:38:24,vmem=0,walltime=00:02:24,mem=29352976K,energy_used=0
Partition:     cpu-small
QOS:           inferno
Nodes:         atl1-1-02-008-29-2
---------------------------------------
