---------------------------------------
Begin Slurm Prolog: Sep-03-2026 12:08:09
Job ID:    12785541
User ID:   wahrens6
Account:   gts-wahrens6
Job name:  saps-scrape-matrices
Partition: cpu-small
QOS:       inferno
---------------------------------------
Selected 91 of 2904 SuiteSparse search results for chunk 2/32.
Checking AG-Monien/3elt
/storage/home/hcoda1/7/wahrens6/.cache/pypoetry/virtualenvs/matrix-scraper-6ttVeZdD-py3.14/lib/python3.14/site-packages/saps/benchmarks/preconditioned_cg.py:510: RuntimeWarning: divide by zero encountered in divide
  output = r / M
/storage/home/hcoda1/7/wahrens6/.cache/pypoetry/virtualenvs/matrix-scraper-6ttVeZdD-py3.14/lib/python3.14/site-packages/saps/benchmarks/preconditioned_cg.py:510: RuntimeWarning: invalid value encountered in divide
  output = r / M
Checking AMD/G2_circuit
/var/lib/slurm/slurmd/job12785541/slurm_script: line 49: 1485475 Killed                  poetry run python scrape_matrices.py "${scrape_args[@]}"
[2026-09-03T12:14:39.040] error: Detected 1 oom_kill event in StepId=12785541.batch. Some of the step tasks have been OOM Killed.
---------------------------------------
Begin Slurm Epilog: Sep-03-2026 12:14:39
Job ID:        12785541
Array Job ID:  12785501_1
User ID:       wahrens6
Account:       gts-wahrens6
Job name:      saps-scrape-matrices
Resources:     cpu=16,mem=128G,node=1
Rsrc Used:     cput=01:44:32,vmem=0,walltime=00:06:32,mem=134218520K,energy_used=0
Partition:     cpu-small
QOS:           inferno
Nodes:         atl1-1-01-003-21-1
---------------------------------------
