---------------------------------------
Begin Slurm Prolog: Sep-03-2026 12:10:24
Job ID:    12785643
User ID:   wahrens6
Account:   gts-wahrens6
Job name:  saps-scrape-matrices
Partition: cpu-small
QOS:       inferno
---------------------------------------
Selected 91 of 2904 SuiteSparse search results for chunk 24/32.
Checking AG-Monien/netz4504_dual
/storage/home/hcoda1/7/wahrens6/.cache/pypoetry/virtualenvs/matrix-scraper-6ttVeZdD-py3.14/lib/python3.14/site-packages/saps/benchmarks/preconditioned_cg.py:510: RuntimeWarning: divide by zero encountered in divide
  output = r / M
/storage/home/hcoda1/7/wahrens6/.cache/pypoetry/virtualenvs/matrix-scraper-6ttVeZdD-py3.14/lib/python3.14/site-packages/saps/benchmarks/preconditioned_cg.py:510: RuntimeWarning: invalid value encountered in divide
  output = r / M
Checking Andrianov/net4-1
/storage/home/hcoda1/7/wahrens6/.cache/pypoetry/virtualenvs/matrix-scraper-6ttVeZdD-py3.14/lib/python3.14/site-packages/numpy/_core/fromnumeric.py:86: RuntimeWarning: overflow encountered in reduce
  return ufunc.reduce(obj, axis, dtype, out, **passkwargs)
/storage/home/hcoda1/7/wahrens6/.cache/pypoetry/virtualenvs/matrix-scraper-6ttVeZdD-py3.14/lib/python3.14/site-packages/saps/benchmarks/jacobi.py:328: RuntimeWarning: overflow encountered in multiply
  return xp.sqrt(xp.sum(xp.multiply(v, v)))
/storage/home/hcoda1/7/wahrens6/.cache/pypoetry/virtualenvs/matrix-scraper-6ttVeZdD-py3.14/lib/python3.14/site-packages/saps/benchmarks/jacobi.py:346: RuntimeWarning: invalid value encountered in add
  x = x + r / d
Checking Bai/cryg2500
/storage/home/hcoda1/7/wahrens6/.cache/pypoetry/virtualenvs/matrix-scraper-6ttVeZdD-py3.14/lib/python3.14/site-packages/saps/benchmarks/jacobi.py:346: RuntimeWarning: overflow encountered in divide
  x = x + r / d
/storage/home/hcoda1/7/wahrens6/.cache/pypoetry/virtualenvs/matrix-scraper-6ttVeZdD-py3.14/lib/python3.14/site-packages/numpy/linalg/_linalg.py:2792: RuntimeWarning: overflow encountered in dot
  sqnorm = x.dot(x)
Checking Bai/qh1484
/storage/home/hcoda1/7/wahrens6/.cache/pypoetry/virtualenvs/matrix-scraper-6ttVeZdD-py3.14/lib/python3.14/site-packages/saps/benchmarks/preconditioned_cg.py:472: RuntimeWarning: invalid value encountered in vecdot
  alpha = rho / xp.vecdot(p, Ap)
Checking Bates/sls
Checking Boeing/crystm02
Checking Brethour/coater2
Checking Chen/pkustk11
Checking DIMACS10/al2010
Checking DIMACS10/delaunay_n21
Checking DIMACS10/kron_g500-logn18
Checking DIMACS10/rgg_n_2_15_s0
Checking DIMACS10/vsp_model1_crew1_cr42_south31
Checking DRIVCAV/cavity05
Checking Embree/ifiss_mat
Checking FIDAP/ex3
Checking Freescale/Freescale2
Checking GHS_indef/c-63
Checking GHS_indef/sparsine
Checking GHS_psdef/ramage02
Checking Goodwin/Goodwin_030
Checking Grund/poli_large
Checking Gset/G38
Checking Gset/G67
Checking HB/bcsstk01
Checking HB/bcsstk33
Checking HB/bp_200
Checking HB/dwt_198
Checking HB/fs_541_3
Checking HB/jagmesh4
Checking HB/lund_a
Checking HB/psmigr_3
Checking HB/west0655
Checking Hohn/sinc12
/storage/home/hcoda1/7/wahrens6/.cache/pypoetry/virtualenvs/matrix-scraper-6ttVeZdD-py3.14/lib/python3.14/site-packages/saps/benchmarks/cg.py:368: RuntimeWarning: divide by zero encountered in scalar divide
  alpha = rr / xp.vecdot(p, Ap)[()]
/storage/home/hcoda1/7/wahrens6/.cache/pypoetry/virtualenvs/matrix-scraper-6ttVeZdD-py3.14/lib/python3.14/site-packages/saps/benchmarks/cg.py:369: RuntimeWarning: invalid value encountered in multiply
  x = x + alpha * p
/storage/home/hcoda1/7/wahrens6/.cache/pypoetry/virtualenvs/matrix-scraper-6ttVeZdD-py3.14/lib/python3.14/site-packages/saps/benchmarks/cg.py:370: RuntimeWarning: invalid value encountered in multiply
  r = r - alpha * Ap
Checking Hollinger/jan99jac080
Checking IPSO/OPF_3754
Checking JGD_Forest/TF14
Checking JGD_GL6/GL6_D_7
Checking JGD_Homology/ch4-4-b2
Checking JGD_Homology/ch8-8-b4
Checking JGD_Homology/n2c6-b10
Checking JGD_Homology/n4c5-b10
Checking JGD_Kocay/Trec14
Checking JGD_Relat/rel4
Checking JGD_Trefethen/Trefethen_200
Checking Koutsovasilis/F1
/var/lib/slurm/slurmd/job12785643/slurm_script: line 49: 3715499 Killed                  poetry run python scrape_matrices.py "${scrape_args[@]}"
[2026-09-03T12:20:58.309] error: Detected 1 oom_kill event in StepId=12785643.batch. Some of the step tasks have been OOM Killed.
---------------------------------------
Begin Slurm Epilog: Sep-03-2026 12:20:59
Job ID:        12785643
Array Job ID:  12785501_23
User ID:       wahrens6
Account:       gts-wahrens6
Job name:      saps-scrape-matrices
Resources:     cpu=16,mem=128G,node=1
Rsrc Used:     cput=02:49:52,vmem=0,walltime=00:10:37,mem=134218008K,energy_used=0
Partition:     cpu-small
QOS:           inferno
Nodes:         atl1-1-01-003-4-1
---------------------------------------
