---------------------------------------
Begin Slurm Prolog: Sep-03-2026 12:10:30
Job ID:    12785648
User ID:   wahrens6
Account:   gts-wahrens6
Job name:  saps-scrape-matrices
Partition: cpu-small
QOS:       inferno
---------------------------------------
Selected 90 of 2904 SuiteSparse search results for chunk 27/32.
Checking AG-Monien/stufe
/storage/home/hcoda1/7/wahrens6/.cache/pypoetry/virtualenvs/matrix-scraper-6ttVeZdD-py3.14/lib/python3.14/site-packages/saps/benchmarks/preconditioned_cg.py:510: RuntimeWarning: divide by zero encountered in divide
  output = r / M
/storage/home/hcoda1/7/wahrens6/.cache/pypoetry/virtualenvs/matrix-scraper-6ttVeZdD-py3.14/lib/python3.14/site-packages/saps/benchmarks/preconditioned_cg.py:510: RuntimeWarning: invalid value encountered in divide
  output = r / M
Checking Andrianov/pattern1
/storage/home/hcoda1/7/wahrens6/.cache/pypoetry/virtualenvs/matrix-scraper-6ttVeZdD-py3.14/lib/python3.14/site-packages/saps/benchmarks/jacobi.py:328: RuntimeWarning: overflow encountered in multiply
  return xp.sqrt(xp.sum(xp.multiply(v, v)))
/storage/home/hcoda1/7/wahrens6/.cache/pypoetry/virtualenvs/matrix-scraper-6ttVeZdD-py3.14/lib/python3.14/site-packages/numpy/_core/fromnumeric.py:86: RuntimeWarning: overflow encountered in reduce
  return ufunc.reduce(obj, axis, dtype, out, **passkwargs)
/storage/home/hcoda1/7/wahrens6/.cache/pypoetry/virtualenvs/matrix-scraper-6ttVeZdD-py3.14/lib/python3.14/site-packages/saps/benchmarks/jacobi.py:346: RuntimeWarning: invalid value encountered in add
  x = x + r / d
Checking Bai/dw256A
/storage/home/hcoda1/7/wahrens6/.cache/pypoetry/virtualenvs/matrix-scraper-6ttVeZdD-py3.14/lib/python3.14/site-packages/saps/benchmarks/jacobi.py:346: RuntimeWarning: overflow encountered in divide
  x = x + r / d
/storage/home/hcoda1/7/wahrens6/.cache/pypoetry/virtualenvs/matrix-scraper-6ttVeZdD-py3.14/lib/python3.14/site-packages/saps/benchmarks/jacobi.py:346: RuntimeWarning: overflow encountered in add
  x = x + r / d
/storage/home/hcoda1/7/wahrens6/.cache/pypoetry/virtualenvs/matrix-scraper-6ttVeZdD-py3.14/lib/python3.14/site-packages/numpy/linalg/_linalg.py:2792: RuntimeWarning: overflow encountered in dot
  sqnorm = x.dot(x)
Checking Bai/rbsa480
/storage/home/hcoda1/7/wahrens6/.cache/pypoetry/virtualenvs/matrix-scraper-6ttVeZdD-py3.14/lib/python3.14/site-packages/saps/benchmarks/cg.py:368: RuntimeWarning: divide by zero encountered in scalar divide
  alpha = rr / xp.vecdot(p, Ap)[()]
/storage/home/hcoda1/7/wahrens6/.cache/pypoetry/virtualenvs/matrix-scraper-6ttVeZdD-py3.14/lib/python3.14/site-packages/saps/benchmarks/cg.py:382: RuntimeWarning: invalid value encountered in add
  p = r + beta * p
Checking Belcastro/mouse_gene
Checking Boeing/msc00726
Checking Buss/12month1
Checking Chen/pkustk14
Checking DIMACS10/auto
Checking DIMACS10/delaunay_n24
Checking DIMACS10/kron_g500-logn21
Checking DIMACS10/rgg_n_2_18_s0
Checking DIMACS10/vsp_sctap1-2b_and_seymourl
Checking DRIVCAV/cavity08
/storage/home/hcoda1/7/wahrens6/.cache/pypoetry/virtualenvs/matrix-scraper-6ttVeZdD-py3.14/lib/python3.14/site-packages/saps/benchmarks/preconditioned_cg.py:472: RuntimeWarning: invalid value encountered in vecdot
  alpha = rho / xp.vecdot(p, Ap)
Checking FEMLAB/poisson2D
Checking FIDAP/ex33
Checking Freescale/circuit5M_dc
Checking GHS_indef/c-70
Checking GHS_indef/stokes64
Checking GHS_psdef/srb1
Checking Goodwin/Goodwin_071
Checking Gset/G11
Checking Gset/G40
Checking Gset/G9
Checking HB/bcsstk04
Checking HB/bcsstm03
Checking HB/bp_800
Checking HB/dwt_234
Checking HB/fs_680_2
Checking HB/jagmesh7
Checking HB/man_5976
Checking HB/saylr3
Checking HB/west2021
Checking Hollinger/g7jac010
/storage/home/hcoda1/7/wahrens6/.cache/pypoetry/virtualenvs/matrix-scraper-6ttVeZdD-py3.14/lib/python3.14/site-packages/saps/benchmarks/cg.py:369: RuntimeWarning: invalid value encountered in multiply
  x = x + alpha * p
/storage/home/hcoda1/7/wahrens6/.cache/pypoetry/virtualenvs/matrix-scraper-6ttVeZdD-py3.14/lib/python3.14/site-packages/saps/benchmarks/cg.py:370: RuntimeWarning: invalid value encountered in multiply
  r = r - alpha * Ap
Checking Hollinger/jan99jac100sc
Checking IPSO/TSC_OPF_300
Checking JGD_Forest/TF17
Checking JGD_GL7d/GL7d10
Checking JGD_Homology/ch5-5-b2
Checking JGD_Homology/cis-n4c6-b13
Checking JGD_Homology/n2c6-b4
Checking JGD_Homology/n4c5-b3
Checking JGD_Kocay/Trec5
Checking JGD_Relat/rel7
Checking JGD_Trefethen/Trefethen_20000b
Checking LAW/arabic-2005
Checking LPnetlib/lp_cre_d
Checking LPnetlib/lp_modszk1
Checking LPnetlib/lp_scsd6
Checking LPnetlib/lpi_ceria3d
Checking Lin/Lin
/var/lib/slurm/slurmd/job12785648/slurm_script: line 49: 865850 Killed                  poetry run python scrape_matrices.py "${scrape_args[@]}"
[2026-09-03T12:19:55.480] error: Detected 1 oom_kill event in StepId=12785648.batch. Some of the step tasks have been OOM Killed.
---------------------------------------
Begin Slurm Epilog: Sep-03-2026 12:19:55
Job ID:        12785648
Array Job ID:  12785501_26
User ID:       wahrens6
Account:       gts-wahrens6
Job name:      saps-scrape-matrices
Resources:     cpu=16,mem=128G,node=1
Rsrc Used:     cput=02:31:44,vmem=0,walltime=00:09:29,mem=134218492K,energy_used=0
Partition:     cpu-small
QOS:           inferno
Nodes:         atl1-1-03-004-4-1
---------------------------------------
