---------------------------------------
Begin Slurm Prolog: Sep-03-2026 14:18:01
Job ID:    12790760
User ID:   wahrens6
Account:   gts-wahrens6
Job name:  saps-scrape-matrices
Partition: cpu-medium
QOS:       inferno
---------------------------------------
Selected 91 of 2904 SuiteSparse search results for chunk 6/32.
Checking AG-Monien/airfoil1
/storage/home/hcoda1/7/wahrens6/.cache/pypoetry/virtualenvs/matrix-scraper-6ttVeZdD-py3.14/lib/python3.14/site-packages/saps/benchmarks/preconditioned_cg.py:528: RuntimeWarning: divide by zero encountered in divide
  output = r / M
/storage/home/hcoda1/7/wahrens6/.cache/pypoetry/virtualenvs/matrix-scraper-6ttVeZdD-py3.14/lib/python3.14/site-packages/saps/benchmarks/preconditioned_cg.py:528: RuntimeWarning: invalid value encountered in divide
  output = r / M
Checking ANSYS/Delor64K
Checking Bai/bfwa398
Checking Bai/mhd3200a
Checking Bai/rdb5000
Checking Bodendiek/CurlCurl_3
/storage/home/hcoda1/7/wahrens6/.cache/pypoetry/virtualenvs/matrix-scraper-6ttVeZdD-py3.14/lib/python3.14/site-packages/numpy/_core/fromnumeric.py:86: RuntimeWarning: overflow encountered in reduce
  return ufunc.reduce(obj, axis, dtype, out, **passkwargs)
/storage/home/hcoda1/7/wahrens6/.cache/pypoetry/virtualenvs/matrix-scraper-6ttVeZdD-py3.14/lib/python3.14/site-packages/saps/benchmarks/jacobi.py:336: RuntimeWarning: overflow encountered in multiply
  return xp.sqrt(xp.sum(xp.multiply(v, v)))
/storage/home/hcoda1/7/wahrens6/.cache/pypoetry/virtualenvs/matrix-scraper-6ttVeZdD-py3.14/lib/python3.14/site-packages/numpy/linalg/_linalg.py:2792: RuntimeWarning: overflow encountered in dot
  sqnorm = x.dot(x)
Checking Boeing/pct20stif
/storage/home/hcoda1/7/wahrens6/.cache/pypoetry/virtualenvs/matrix-scraper-6ttVeZdD-py3.14/lib/python3.14/site-packages/saps/benchmarks/jacobi.py:354: RuntimeWarning: invalid value encountered in add
  x = x + r / d
Checking CPM/cz20468
Checking Cunningham/qa8fm
/storage/home/hcoda1/7/wahrens6/.cache/pypoetry/virtualenvs/matrix-scraper-6ttVeZdD-py3.14/lib/python3.14/site-packages/saps/benchmarks/jacobi.py:354: RuntimeWarning: overflow encountered in divide
  x = x + r / d
Checking DIMACS10/coPapersCiteseer
Checking DIMACS10/great-britain_osm
Checking DIMACS10/mo2010
Checking DIMACS10/sd2010
Checking DNVS/fcondp2
Checking DRIVCAV/cavity19 rhs0
/storage/home/hcoda1/7/wahrens6/.cache/pypoetry/virtualenvs/matrix-scraper-6ttVeZdD-py3.14/lib/python3.14/site-packages/saps/benchmarks/preconditioned_cg.py:490: RuntimeWarning: invalid value encountered in vecdot
  alpha = rho / xp.vecdot(p, Ap)
Checking FIDAP/ex11
Checking FlowIPM22/Spielman_k100
Checking GHS_indef/a5esindl
Checking GHS_indef/dtoc
Checking GHS_psdef/copter2
Checking GenBank/kmer_P1a
Checking Grund/bayer01
Checking Gset/G21
Checking Gset/G50
Checking HB/abb313
Checking HB/bcsstk15
Checking HB/bcsstm19
Checking HB/can_445
Checking HB/dwt_59
Checking HB/gre_115
Checking HB/lnsp_131
Checking HB/nos3
Checking HB/steam1
/storage/home/hcoda1/7/wahrens6/.cache/pypoetry/virtualenvs/matrix-scraper-6ttVeZdD-py3.14/lib/python3.14/site-packages/saps/benchmarks/preconditioned_cg.py:490: RuntimeWarning: divide by zero encountered in scalar divide
  alpha = rho / xp.vecdot(p, Ap)
/storage/home/hcoda1/7/wahrens6/.cache/pypoetry/virtualenvs/matrix-scraper-6ttVeZdD-py3.14/lib/python3.14/site-packages/saps/benchmarks/preconditioned_cg.py:504: RuntimeWarning: invalid value encountered in add
  p = z + beta * p
Checking HVDC/hvdc1 rhs0
Checking Hollinger/g7jac100
Checking Hollinger/mark3jac100
Checking JGD_BIBD/bibd_17_4b
Checking JGD_Franz/Franz7
Checking JGD_GL7d/GL7d21
Checking JGD_Homology/ch7-6-b4
Checking JGD_Homology/mk10-b2
Checking JGD_Homology/n3c5-b2
Checking JGD_Homology/n4c6-b13
Checking JGD_Margulies/flower_4_1
Checking JGD_SL6/D_10
Checking Janna/Fault_639
Checking LAW/uk-2002
Checking LPnetlib/lp_finnis
Checking LPnetlib/lp_pilot4
Checking LPnetlib/lp_ship08s
Checking LPnetlib/lpi_itest2
Checking MAWI/mawi_201512020330
Checking ML_Graph/plantstexture_10NN
Checking MathWorks/Pd_rhs
Checking Meszaros/complex
Checking Meszaros/gams10a
Checking Meszaros/model8
Checking Meszaros/progas
Checking Meszaros/south31
Checking Mittelmann/pds-40
Checking Mycielski/mycielskian16
Checking Nasa/nasasrb rhs0
Checking Newman/as-22july06
Checking Oberwolfach/boneS01
Checking Oberwolfach/windscreen
Checking Pajek/EVA
Checking Pajek/GD99_b
Checking Pajek/football
Checking Priebel/145bit
Checking Qaplib/lp_nug12
Checking Rajat/rajat26
Checking Rommes/juba40k
Checking SNAP/ca-CondMat
Checking SNAP/soc-Epinions1
Checking Sandia/adder_dcop_02
Checking Sandia/adder_dcop_34
Checking Sandia/adder_dcop_66
Checking Sandia/fpga_dcop_27 rhs0
Checking Sandia/oscil_dcop_02 rhs0
Checking Sandia/oscil_dcop_34 rhs0
Checking Schenk_AFE/af_1_k101 rhs0
Checking Schenk_IBMNA/c-35 rhs0
Checking Schenk_IBMNA/c-73 rhs0
Checking Schulthess/N_reactome
Checking TKK/cyl6 rhs0
Checking TKK/cyl6 rhs1
Checking TKK/cyl6 rhs2
Checking TSOPF/TSOPF_RS_b2383_c1 rhs0
Checking TSOPF/TSOPF_RS_b2383_c1 rhs1
Checking TSOPF/TSOPF_RS_b2383_c1 rhs2
Checking TSOPF/TSOPF_RS_b2383_c1 rhs3
Checking TSOPF/TSOPF_RS_b2383_c1 rhs4
Checking TSOPF/TSOPF_RS_b2383_c1 rhs5
Checking TSOPF/TSOPF_RS_b2383_c1 rhs6
Checking TSOPF/TSOPF_RS_b2383_c1 rhs7
Checking TSOPF/TSOPF_RS_b2383_c1 rhs8
Checking TSOPF/TSOPF_RS_b2383_c1 rhs9
Checking TSOPF/TSOPF_RS_b2383_c1 rhs10
Checking TSOPF/TSOPF_RS_b2383_c1 rhs11
Checking TSOPF/TSOPF_RS_b2383_c1 rhs12
Checking TSOPF/TSOPF_RS_b2383_c1 rhs13
Checking TSOPF/TSOPF_RS_b2383_c1 rhs14
Checking TSOPF/TSOPF_RS_b2383_c1 rhs15
Checking TSOPF/TSOPF_RS_b2383_c1 rhs16
Checking TSOPF/TSOPF_RS_b2383_c1 rhs17
Checking TSOPF/TSOPF_RS_b2383_c1 rhs18
Checking TSOPF/TSOPF_RS_b2383_c1 rhs19
Checking TSOPF/TSOPF_RS_b2383_c1 rhs20
Checking TSOPF/TSOPF_RS_b2383_c1 rhs21
Checking TSOPF/TSOPF_RS_b2383_c1 rhs22
Checking TSOPF/TSOPF_RS_b2383_c1 rhs23
Checking TSOPF/TSOPF_RS_b2383_c1 rhs24
Checking TSOPF/TSOPF_RS_b2383_c1 rhs25
Checking TSOPF/TSOPF_RS_b2383_c1 rhs26
Checking TSOPF/TSOPF_RS_b2383_c1 rhs27
Checking TSOPF/TSOPF_RS_b2383_c1 rhs28
Checking TSOPF/TSOPF_RS_b2383_c1 rhs29
Checking TSOPF/TSOPF_RS_b2383_c1 rhs30
Checking TSOPF/TSOPF_RS_b2383_c1 rhs31
Checking TSOPF/TSOPF_RS_b2383_c1 rhs32
Checking TSOPF/TSOPF_RS_b2383_c1 rhs33
Checking TSOPF/TSOPF_RS_b2383_c1 rhs34
Checking TSOPF/TSOPF_RS_b2383_c1 rhs35
Checking TSOPF/TSOPF_RS_b2383_c1 rhs36
Checking TSOPF/TSOPF_RS_b2383_c1 rhs37
Checking TSOPF/TSOPF_RS_b2383_c1 rhs38
Checking TSOPF/TSOPF_RS_b2383_c1 rhs39
Checking TSOPF/TSOPF_RS_b2383_c1 rhs40
Checking TSOPF/TSOPF_RS_b2383_c1 rhs41
Checking TSOPF/TSOPF_RS_b2383_c1 rhs42
Checking TSOPF/TSOPF_RS_b2383_c1 rhs43
Checking TSOPF/TSOPF_RS_b2383_c1 rhs44
Checking TSOPF/TSOPF_RS_b2383_c1 rhs45
Checking TSOPF/TSOPF_RS_b2383_c1 rhs46
Checking TSOPF/TSOPF_RS_b2383_c1 rhs47
Checking TSOPF/TSOPF_RS_b2383_c1 rhs48
Checking TSOPF/TSOPF_RS_b2383_c1 rhs49
Checking TSOPF/TSOPF_RS_b2383_c1 rhs50
Checking TSOPF/TSOPF_RS_b2383_c1 rhs51
Checking TSOPF/TSOPF_RS_b2383_c1 rhs52
Checking TSOPF/TSOPF_RS_b2383_c1 rhs53
Checking TSOPF/TSOPF_RS_b2383_c1 rhs54
Checking TSOPF/TSOPF_RS_b2383_c1 rhs55
Checking TSOPF/TSOPF_RS_b2383_c1 rhs56
Checking TSOPF/TSOPF_RS_b2383_c1 rhs57
Checking TSOPF/TSOPF_RS_b2383_c1 rhs58
Checking TSOPF/TSOPF_RS_b2383_c1 rhs59
Checking TSOPF/TSOPF_RS_b2383_c1 rhs60
Checking TSOPF/TSOPF_RS_b2383_c1 rhs61
Checking TSOPF/TSOPF_RS_b2383_c1 rhs62
Checking TSOPF/TSOPF_RS_b2383_c1 rhs63
Checking TSOPF/TSOPF_RS_b2383_c1 rhs64
Checking TSOPF/TSOPF_RS_b2383_c1 rhs65
Checking TSOPF/TSOPF_RS_b2383_c1 rhs66
Checking TSOPF/TSOPF_RS_b2383_c1 rhs67
Checking TSOPF/TSOPF_RS_b2383_c1 rhs68
Checking TSOPF/TSOPF_RS_b2383_c1 rhs69
Checking TSOPF/TSOPF_RS_b2383_c1 rhs70
Checking TSOPF/TSOPF_RS_b2383_c1 rhs71
Checking TSOPF/TSOPF_RS_b2383_c1 rhs72
Checking TSOPF/TSOPF_RS_b2383_c1 rhs73
Checking TSOPF/TSOPF_RS_b2383_c1 rhs74
Checking TSOPF/TSOPF_RS_b2383_c1 rhs75
Checking TSOPF/TSOPF_RS_b2383_c1 rhs76
Checking TSOPF/TSOPF_RS_b2383_c1 rhs77
Checking TSOPF/TSOPF_RS_b2383_c1 rhs78
Checking TSOPF/TSOPF_RS_b2383_c1 rhs79
Checking TSOPF/TSOPF_RS_b2383_c1 rhs80
Checking TSOPF/TSOPF_RS_b2383_c1 rhs81
Checking TSOPF/TSOPF_RS_b2383_c1 rhs82
Checking TSOPF/TSOPF_RS_b2383_c1 rhs83
Checking TSOPF/TSOPF_RS_b2383_c1 rhs84
Checking TSOPF/TSOPF_RS_b2383_c1 rhs85
Checking TSOPF/TSOPF_RS_b2383_c1 rhs86
Checking TSOPF/TSOPF_RS_b2383_c1 rhs87
Checking TSOPF/TSOPF_RS_b2383_c1 rhs88
Checking TSOPF/TSOPF_RS_b2383_c1 rhs89
Checking TSOPF/TSOPF_RS_b2383_c1 rhs90
Checking TSOPF/TSOPF_RS_b2383_c1 rhs91
Checking TSOPF/TSOPF_RS_b2383_c1 rhs92
Checking TSOPF/TSOPF_RS_b2383_c1 rhs93
Checking TSOPF/TSOPF_RS_b2383_c1 rhs94
Checking TSOPF/TSOPF_RS_b2383_c1 rhs95
Checking TSOPF/TSOPF_RS_b2383_c1 rhs96
Checking TSOPF/TSOPF_RS_b2383_c1 rhs97
Checking TSOPF/TSOPF_RS_b2383_c1 rhs98
Checking TSOPF/TSOPF_RS_b2383_c1 rhs99
Checking TSOPF/TSOPF_RS_b2383_c1 rhs100
Checking TSOPF/TSOPF_RS_b2383_c1 rhs101
Checking TSOPF/TSOPF_RS_b2383_c1 rhs102
Checking TSOPF/TSOPF_RS_b2383_c1 rhs103
Checking TSOPF/TSOPF_RS_b2383_c1 rhs104
Checking TSOPF/TSOPF_RS_b2383_c1 rhs105
Checking TSOPF/TSOPF_RS_b2383_c1 rhs106
Checking TSOPF/TSOPF_RS_b2383_c1 rhs107
Checking TSOPF/TSOPF_RS_b2383_c1 rhs108
Checking TSOPF/TSOPF_RS_b2383_c1 rhs109
Checking TSOPF/TSOPF_RS_b2383_c1 rhs110
Checking TSOPF/TSOPF_RS_b2383_c1 rhs111
Checking TSOPF/TSOPF_RS_b2383_c1 rhs112
Checking TSOPF/TSOPF_RS_b2383_c1 rhs113
Checking TSOPF/TSOPF_RS_b2383_c1 rhs114
Checking TSOPF/TSOPF_RS_b2383_c1 rhs115
Checking TSOPF/TSOPF_RS_b2383_c1 rhs116
Checking TSOPF/TSOPF_RS_b2383_c1 rhs117
Checking TSOPF/TSOPF_RS_b2383_c1 rhs118
Checking TSOPF/TSOPF_RS_b2383_c1 rhs119
Checking TSOPF/TSOPF_RS_b2383_c1 rhs120
Checking TSOPF/TSOPF_RS_b2383_c1 rhs121
Checking TSOPF/TSOPF_RS_b2383_c1 rhs122
Checking TSOPF/TSOPF_RS_b2383_c1 rhs123
Checking TSOPF/TSOPF_RS_b2383_c1 rhs124
Checking TSOPF/TSOPF_RS_b2383_c1 rhs125
Checking TSOPF/TSOPF_RS_b2383_c1 rhs126
Checking TSOPF/TSOPF_RS_b2383_c1 rhs127
Checking TSOPF/TSOPF_RS_b2383_c1 rhs128
Checking TSOPF/TSOPF_RS_b2383_c1 rhs129
Checking TSOPF/TSOPF_RS_b2383_c1 rhs130
Checking TSOPF/TSOPF_RS_b2383_c1 rhs131
Checking TSOPF/TSOPF_RS_b2383_c1 rhs132
Checking TSOPF/TSOPF_RS_b2383_c1 rhs133
Checking TSOPF/TSOPF_RS_b2383_c1 rhs134
Checking TSOPF/TSOPF_RS_b2383_c1 rhs135
Checking TSOPF/TSOPF_RS_b2383_c1 rhs136
Checking TSOPF/TSOPF_RS_b2383_c1 rhs137
Checking TSOPF/TSOPF_RS_b2383_c1 rhs138
Checking TSOPF/TSOPF_RS_b2383_c1 rhs139
Checking TSOPF/TSOPF_RS_b2383_c1 rhs140
Checking TSOPF/TSOPF_RS_b2383_c1 rhs141
Checking TSOPF/TSOPF_RS_b2383_c1 rhs142
Checking TSOPF/TSOPF_RS_b2383_c1 rhs143
Checking TSOPF/TSOPF_RS_b2383_c1 rhs144
Checking TSOPF/TSOPF_RS_b2383_c1 rhs145
Checking TSOPF/TSOPF_RS_b2383_c1 rhs146
Checking TSOPF/TSOPF_RS_b2383_c1 rhs147
Checking TSOPF/TSOPF_RS_b2383_c1 rhs148
Checking TSOPF/TSOPF_RS_b2383_c1 rhs149
Checking TSOPF/TSOPF_RS_b2383_c1 rhs150
Checking TSOPF/TSOPF_RS_b2383_c1 rhs151
Checking TSOPF/TSOPF_RS_b2383_c1 rhs152
Checking TSOPF/TSOPF_RS_b2383_c1 rhs153
Checking TSOPF/TSOPF_RS_b2383_c1 rhs154
Checking TSOPF/TSOPF_RS_b2383_c1 rhs155
Checking TSOPF/TSOPF_RS_b2383_c1 rhs156
Checking TSOPF/TSOPF_RS_b2383_c1 rhs157
Checking TSOPF/TSOPF_RS_b2383_c1 rhs158
Checking TSOPF/TSOPF_RS_b2383_c1 rhs159
Checking TSOPF/TSOPF_RS_b2383_c1 rhs160
Checking TSOPF/TSOPF_RS_b2383_c1 rhs161
Checking TSOPF/TSOPF_RS_b2383_c1 rhs162
Checking TSOPF/TSOPF_RS_b2383_c1 rhs163
Checking TSOPF/TSOPF_RS_b2383_c1 rhs164
Checking TSOPF/TSOPF_RS_b2383_c1 rhs165
Checking TSOPF/TSOPF_RS_b2383_c1 rhs166
Checking TSOPF/TSOPF_RS_b2383_c1 rhs167
Checking TSOPF/TSOPF_RS_b2383_c1 rhs168
Checking TSOPF/TSOPF_RS_b2383_c1 rhs169
Checking TSOPF/TSOPF_RS_b2383_c1 rhs170
Checking TSOPF/TSOPF_RS_b2383_c1 rhs171
Checking TSOPF/TSOPF_RS_b2383_c1 rhs172
Checking TSOPF/TSOPF_RS_b2383_c1 rhs173
Checking TSOPF/TSOPF_RS_b2383_c1 rhs174
Checking TSOPF/TSOPF_RS_b2383_c1 rhs175
Checking TSOPF/TSOPF_RS_b2383_c1 rhs176
Checking TSOPF/TSOPF_RS_b2383_c1 rhs177
Checking TSOPF/TSOPF_RS_b2383_c1 rhs178
Checking TSOPF/TSOPF_RS_b2383_c1 rhs179
Checking TSOPF/TSOPF_RS_b2383_c1 rhs180
Checking TSOPF/TSOPF_RS_b2383_c1 rhs181
Checking TSOPF/TSOPF_RS_b2383_c1 rhs182
Checking TSOPF/TSOPF_RS_b2383_c1 rhs183
Checking TSOPF/TSOPF_RS_b2383_c1 rhs184
Checking TSOPF/TSOPF_RS_b2383_c1 rhs185
Checking TSOPF/TSOPF_RS_b2383_c1 rhs186
Checking TSOPF/TSOPF_RS_b2383_c1 rhs187
Checking TSOPF/TSOPF_RS_b2383_c1 rhs188
Checking TSOPF/TSOPF_RS_b2383_c1 rhs189
Checking TSOPF/TSOPF_RS_b2383_c1 rhs190
Checking TSOPF/TSOPF_RS_b2383_c1 rhs191
Checking TSOPF/TSOPF_RS_b2383_c1 rhs192
Checking TSOPF/TSOPF_RS_b2383_c1 rhs193
Checking TSOPF/TSOPF_RS_b2383_c1 rhs194
Checking TSOPF/TSOPF_RS_b2383_c1 rhs195
Checking TSOPF/TSOPF_RS_b2383_c1 rhs196
Checking TSOPF/TSOPF_RS_b2383_c1 rhs197
Checking TSOPF/TSOPF_RS_b2383_c1 rhs198
Checking TSOPF/TSOPF_RS_b2383_c1 rhs199
Checking TSOPF/TSOPF_RS_b2383_c1 rhs200
Checking TSOPF/TSOPF_RS_b2383_c1 rhs201
Checking TSOPF/TSOPF_RS_b2383_c1 rhs202
Checking TSOPF/TSOPF_RS_b2383_c1 rhs203
Checking TSOPF/TSOPF_RS_b2383_c1 rhs204
Checking TSOPF/TSOPF_RS_b2383_c1 rhs205
Checking TSOPF/TSOPF_RS_b2383_c1 rhs206
Checking TSOPF/TSOPF_RS_b2383_c1 rhs207
Checking TSOPF/TSOPF_RS_b2383_c1 rhs208
Checking TSOPF/TSOPF_RS_b2383_c1 rhs209
Checking TSOPF/TSOPF_RS_b2383_c1 rhs210
Checking TSOPF/TSOPF_RS_b2383_c1 rhs211
Checking TSOPF/TSOPF_RS_b2383_c1 rhs212
Checking TSOPF/TSOPF_RS_b2383_c1 rhs213
Checking TSOPF/TSOPF_RS_b2383_c1 rhs214
Checking TSOPF/TSOPF_RS_b2383_c1 rhs215
Checking TSOPF/TSOPF_RS_b2383_c1 rhs216
Checking TSOPF/TSOPF_RS_b2383_c1 rhs217
Checking TSOPF/TSOPF_RS_b2383_c1 rhs218
Checking TSOPF/TSOPF_RS_b2383_c1 rhs219
Checking TSOPF/TSOPF_RS_b2383_c1 rhs220
Checking TSOPF/TSOPF_RS_b2383_c1 rhs221
Checking TSOPF/TSOPF_RS_b2383_c1 rhs222
Checking TSOPF/TSOPF_RS_b2383_c1 rhs223
Checking TSOPF/TSOPF_RS_b2383_c1 rhs224
Checking TSOPF/TSOPF_RS_b2383_c1 rhs225
Checking TSOPF/TSOPF_RS_b2383_c1 rhs226
Checking TSOPF/TSOPF_RS_b2383_c1 rhs227
Checking TSOPF/TSOPF_RS_b2383_c1 rhs228
Checking TSOPF/TSOPF_RS_b2383_c1 rhs229
Checking TSOPF/TSOPF_RS_b2383_c1 rhs230
Checking TSOPF/TSOPF_RS_b2383_c1 rhs231
Checking TSOPF/TSOPF_RS_b2383_c1 rhs232
Checking TSOPF/TSOPF_RS_b2383_c1 rhs233
Checking TSOPF/TSOPF_RS_b2383_c1 rhs234
Checking TSOPF/TSOPF_RS_b2383_c1 rhs235
Checking TSOPF/TSOPF_RS_b2383_c1 rhs236
Checking TSOPF/TSOPF_RS_b2383_c1 rhs237
Checking TSOPF/TSOPF_RS_b2383_c1 rhs238
Checking TSOPF/TSOPF_RS_b2383_c1 rhs239
Checking TSOPF/TSOPF_RS_b2383_c1 rhs240
Checking TSOPF/TSOPF_RS_b2383_c1 rhs241
Checking TSOPF/TSOPF_RS_b2383_c1 rhs242
Checking TSOPF/TSOPF_RS_b2383_c1 rhs243
Checking TSOPF/TSOPF_RS_b2383_c1 rhs244
Checking TSOPF/TSOPF_RS_b2383_c1 rhs245
Checking TSOPF/TSOPF_RS_b2383_c1 rhs246
Checking TSOPF/TSOPF_RS_b2383_c1 rhs247
Checking TSOPF/TSOPF_RS_b2383_c1 rhs248
Checking TSOPF/TSOPF_RS_b2383_c1 rhs249
Checking TSOPF/TSOPF_RS_b2383_c1 rhs250
Checking TSOPF/TSOPF_RS_b2383_c1 rhs251
Checking TSOPF/TSOPF_RS_b2383_c1 rhs252
Checking TSOPF/TSOPF_RS_b2383_c1 rhs253
Checking TSOPF/TSOPF_RS_b2383_c1 rhs254
Checking TSOPF/TSOPF_RS_b2383_c1 rhs255
Checking TSOPF/TSOPF_RS_b2383_c1 rhs256
Checking TSOPF/TSOPF_RS_b2383_c1 rhs257
Checking TSOPF/TSOPF_RS_b2383_c1 rhs258
Checking TSOPF/TSOPF_RS_b2383_c1 rhs259
Checking TSOPF/TSOPF_RS_b2383_c1 rhs260
Checking TSOPF/TSOPF_RS_b2383_c1 rhs261
Checking TSOPF/TSOPF_RS_b2383_c1 rhs262
Checking TSOPF/TSOPF_RS_b2383_c1 rhs263
Checking TSOPF/TSOPF_RS_b2383_c1 rhs264
Checking TSOPF/TSOPF_RS_b2383_c1 rhs265
Checking TSOPF/TSOPF_RS_b2383_c1 rhs266
Checking TSOPF/TSOPF_RS_b2383_c1 rhs267
Checking TSOPF/TSOPF_RS_b2383_c1 rhs268
Checking TSOPF/TSOPF_RS_b2383_c1 rhs269
Checking TSOPF/TSOPF_RS_b2383_c1 rhs270
Checking TSOPF/TSOPF_RS_b2383_c1 rhs271
Checking TSOPF/TSOPF_RS_b2383_c1 rhs272
Checking TSOPF/TSOPF_RS_b2383_c1 rhs273
Checking TSOPF/TSOPF_RS_b2383_c1 rhs274
Checking TSOPF/TSOPF_RS_b2383_c1 rhs275
Checking TSOPF/TSOPF_RS_b2383_c1 rhs276
Checking TSOPF/TSOPF_RS_b2383_c1 rhs277
Checking TSOPF/TSOPF_RS_b2383_c1 rhs278
Checking TSOPF/TSOPF_RS_b2383_c1 rhs279
Checking TSOPF/TSOPF_RS_b2383_c1 rhs280
Checking TSOPF/TSOPF_RS_b2383_c1 rhs281
Checking TSOPF/TSOPF_RS_b2383_c1 rhs282
Checking TSOPF/TSOPF_RS_b2383_c1 rhs283
Checking TSOPF/TSOPF_RS_b2383_c1 rhs284
Checking TSOPF/TSOPF_RS_b2383_c1 rhs285
Checking TSOPF/TSOPF_RS_b2383_c1 rhs286
Checking TSOPF/TSOPF_RS_b2383_c1 rhs287
Checking TSOPF/TSOPF_RS_b2383_c1 rhs288
Checking TSOPF/TSOPF_RS_b2383_c1 rhs289
Checking TSOPF/TSOPF_RS_b2383_c1 rhs290
Checking TSOPF/TSOPF_RS_b2383_c1 rhs291
Checking TSOPF/TSOPF_RS_b2383_c1 rhs292
Checking TSOPF/TSOPF_RS_b2383_c1 rhs293
Checking TSOPF/TSOPF_RS_b2383_c1 rhs294
Checking TSOPF/TSOPF_RS_b2383_c1 rhs295
Checking TSOPF/TSOPF_RS_b2383_c1 rhs296
Checking TSOPF/TSOPF_RS_b2383_c1 rhs297
Checking TSOPF/TSOPF_RS_b2383_c1 rhs298
Checking TSOPF/TSOPF_RS_b2383_c1 rhs299
Checking TSOPF/TSOPF_RS_b2383_c1 rhs300
Checking TSOPF/TSOPF_RS_b2383_c1 rhs301
Checking TSOPF/TSOPF_RS_b2383_c1 rhs302
Checking TSOPF/TSOPF_RS_b2383_c1 rhs303
Checking TSOPF/TSOPF_RS_b2383_c1 rhs304
Checking TSOPF/TSOPF_RS_b2383_c1 rhs305
Checking TSOPF/TSOPF_RS_b2383_c1 rhs306
Checking TSOPF/TSOPF_RS_b2383_c1 rhs307
Checking TSOPF/TSOPF_RS_b2383_c1 rhs308
Checking TSOPF/TSOPF_RS_b2383_c1 rhs309
Checking TSOPF/TSOPF_RS_b2383_c1 rhs310
Checking TSOPF/TSOPF_RS_b2383_c1 rhs311
Checking TSOPF/TSOPF_RS_b2383_c1 rhs312
Checking TSOPF/TSOPF_RS_b2383_c1 rhs313
Checking TSOPF/TSOPF_RS_b2383_c1 rhs314
Checking TSOPF/TSOPF_RS_b2383_c1 rhs315
Checking TSOPF/TSOPF_RS_b2383_c1 rhs316
Checking TSOPF/TSOPF_RS_b2383_c1 rhs317
Checking TSOPF/TSOPF_RS_b2383_c1 rhs318
Checking TSOPF/TSOPF_RS_b2383_c1 rhs319
Checking TSOPF/TSOPF_RS_b2383_c1 rhs320
Checking TSOPF/TSOPF_RS_b2383_c1 rhs321
Checking TSOPF/TSOPF_RS_b2383_c1 rhs322
Checking TSOPF/TSOPF_RS_b2383_c1 rhs323
Checking TSOPF/TSOPF_RS_b2383_c1 rhs324
Checking TSOPF/TSOPF_RS_b2383_c1 rhs325
Checking TSOPF/TSOPF_RS_b2383_c1 rhs326
Checking TSOPF/TSOPF_RS_b2383_c1 rhs327
Checking TSOPF/TSOPF_RS_b2383_c1 rhs328
Checking TSOPF/TSOPF_RS_b2383_c1 rhs329
Checking TSOPF/TSOPF_RS_b2383_c1 rhs330
Checking TSOPF/TSOPF_RS_b2383_c1 rhs331
Checking TSOPF/TSOPF_RS_b2383_c1 rhs332
Checking TSOPF/TSOPF_RS_b2383_c1 rhs333
Checking TSOPF/TSOPF_RS_b2383_c1 rhs334
Checking TSOPF/TSOPF_RS_b2383_c1 rhs335
Checking TSOPF/TSOPF_RS_b2383_c1 rhs336
Checking TSOPF/TSOPF_RS_b2383_c1 rhs337
Checking TSOPF/TSOPF_RS_b2383_c1 rhs338
Checking TSOPF/TSOPF_RS_b2383_c1 rhs339
Checking TSOPF/TSOPF_RS_b2383_c1 rhs340
Checking TSOPF/TSOPF_RS_b2383_c1 rhs341
Checking TSOPF/TSOPF_RS_b2383_c1 rhs342
Checking TSOPF/TSOPF_RS_b2383_c1 rhs343
Checking TSOPF/TSOPF_RS_b2383_c1 rhs344
Checking TSOPF/TSOPF_RS_b2383_c1 rhs345
Checking TSOPF/TSOPF_RS_b2383_c1 rhs346
Checking TSOPF/TSOPF_RS_b2383_c1 rhs347
Checking TSOPF/TSOPF_RS_b2383_c1 rhs348
Checking TSOPF/TSOPF_RS_b2383_c1 rhs349
Checking TSOPF/TSOPF_RS_b2383_c1 rhs350
Checking TSOPF/TSOPF_RS_b2383_c1 rhs351
Checking TSOPF/TSOPF_RS_b2383_c1 rhs352
Checking TSOPF/TSOPF_RS_b2383_c1 rhs353
Checking TSOPF/TSOPF_RS_b2383_c1 rhs354
Checking TSOPF/TSOPF_RS_b2383_c1 rhs355
Checking TSOPF/TSOPF_RS_b2383_c1 rhs356
Checking TSOPF/TSOPF_RS_b2383_c1 rhs357
Checking TSOPF/TSOPF_RS_b2383_c1 rhs358
Checking TSOPF/TSOPF_RS_b2383_c1 rhs359
Checking TSOPF/TSOPF_RS_b2383_c1 rhs360
