---------------------------------------
Begin Slurm Prolog: Sep-03-2026 14:27:24
Job ID:    12791125
User ID:   wahrens6
Account:   gts-wahrens6
Job name:  saps-scrape-matrices
Partition: cpu-medium
QOS:       inferno
---------------------------------------
Selected 90 of 2904 SuiteSparse search results for chunk 30/32.
Checking AG-Monien/ukerbe1_dual
/storage/home/hcoda1/7/wahrens6/.cache/pypoetry/virtualenvs/matrix-scraper-6ttVeZdD-py3.14/lib/python3.14/site-packages/saps/benchmarks/preconditioned_cg.py:528: RuntimeWarning: divide by zero encountered in divide
  output = r / M
/storage/home/hcoda1/7/wahrens6/.cache/pypoetry/virtualenvs/matrix-scraper-6ttVeZdD-py3.14/lib/python3.14/site-packages/saps/benchmarks/preconditioned_cg.py:528: RuntimeWarning: invalid value encountered in divide
  output = r / M
Checking Arenas/celegans_metabolic
Checking Bai/dw8192
/storage/home/hcoda1/7/wahrens6/.cache/pypoetry/virtualenvs/matrix-scraper-6ttVeZdD-py3.14/lib/python3.14/site-packages/numpy/_core/fromnumeric.py:86: RuntimeWarning: overflow encountered in reduce
  return ufunc.reduce(obj, axis, dtype, out, **passkwargs)
/storage/home/hcoda1/7/wahrens6/.cache/pypoetry/virtualenvs/matrix-scraper-6ttVeZdD-py3.14/lib/python3.14/site-packages/saps/benchmarks/jacobi.py:336: RuntimeWarning: overflow encountered in multiply
  return xp.sqrt(xp.sum(xp.multiply(v, v)))
/storage/home/hcoda1/7/wahrens6/.cache/pypoetry/virtualenvs/matrix-scraper-6ttVeZdD-py3.14/lib/python3.14/site-packages/saps/benchmarks/jacobi.py:354: RuntimeWarning: overflow encountered in divide
  x = x + r / d
/storage/home/hcoda1/7/wahrens6/.cache/pypoetry/virtualenvs/matrix-scraper-6ttVeZdD-py3.14/lib/python3.14/site-packages/saps/benchmarks/jacobi.py:354: RuntimeWarning: overflow encountered in add
  x = x + r / d
/storage/home/hcoda1/7/wahrens6/.cache/pypoetry/virtualenvs/matrix-scraper-6ttVeZdD-py3.14/lib/python3.14/site-packages/numpy/linalg/_linalg.py:2792: RuntimeWarning: overflow encountered in dot
  sqnorm = x.dot(x)
Checking Bai/rdb1250l
Checking Bindel/ted_AB
Checking Boeing/msc04515
Checking Bydder/mri2
Checking Chevron/Chevron3
Checking DIMACS10/ca2010
Checking DIMACS10/fe_body
Checking DIMACS10/la2010
Checking DIMACS10/rgg_n_2_21_s0
Checking DIMACS10/vt2010
Checking DRIVCAV/cavity11 rhs0
/storage/home/hcoda1/7/wahrens6/.cache/pypoetry/virtualenvs/matrix-scraper-6ttVeZdD-py3.14/lib/python3.14/site-packages/saps/benchmarks/preconditioned_cg.py:490: RuntimeWarning: invalid value encountered in vecdot
  alpha = rho / xp.vecdot(p, Ap)
Checking FEMLAB/problem1
Checking FIDAP/ex37
Checking Freescale/transient
Checking GHS_indef/cont-201 rhs0
Checking GHS_indef/tuma2
Checking GHS_psdef/wathen100
/storage/home/hcoda1/7/wahrens6/.cache/pypoetry/virtualenvs/matrix-scraper-6ttVeZdD-py3.14/lib/python3.14/site-packages/saps/benchmarks/jacobi.py:354: RuntimeWarning: invalid value encountered in add
  x = x + r / d
Checking Goodwin/goodwin
Checking Gset/G14
Checking Gset/G43
Checking Guettel/TEM27623
Checking HB/bcsstk07
Checking HB/bcsstm06
Checking HB/can_144
Checking HB/dwt_307
Checking HB/fs_760_2
Checking HB/jgl009
Checking HB/mbeause
/storage/home/hcoda1/7/wahrens6/.cache/pypoetry/virtualenvs/matrix-scraper-6ttVeZdD-py3.14/lib/python3.14/site-packages/saps/benchmarks/cg.py:376: RuntimeWarning: divide by zero encountered in scalar divide
  alpha = rr / xp.vecdot(p, Ap)[()]
/storage/home/hcoda1/7/wahrens6/.cache/pypoetry/virtualenvs/matrix-scraper-6ttVeZdD-py3.14/lib/python3.14/site-packages/saps/benchmarks/cg.py:377: RuntimeWarning: invalid value encountered in multiply
  x = x + alpha * p
/storage/home/hcoda1/7/wahrens6/.cache/pypoetry/virtualenvs/matrix-scraper-6ttVeZdD-py3.14/lib/python3.14/site-packages/saps/benchmarks/cg.py:378: RuntimeWarning: invalid value encountered in multiply
  r = r - alpha * Ap
Checking HB/sherman2 rhs0
Checking HB/wm1
Checking Hollinger/g7jac020sc
Checking Hollinger/mark3jac020
Checking JGD_BIBD/bibd_12_5
Checking JGD_Franz/Franz1
Checking JGD_GL7d/GL7d13
Checking JGD_Homology/ch6-6-b1
Checking JGD_Homology/cis-n4c6-b2
Checking JGD_Homology/n2c6-b7
Checking JGD_Homology/n4c5-b6
Checking JGD_Kocay/Trec8
Checking JGD_Relat/relat3
Checking JGD_Trefethen/Trefethen_300
Checking LAW/enron
Checking LPnetlib/lp_d2q06c
Checking LPnetlib/lp_osa_30
Checking LPnetlib/lp_sctap2
Checking LPnetlib/lpi_cplex2
Checking Lucifora/cell1
Checking ML_Graph/iris_dataset_30NN
Checking Mancktelow/viscorocks
Checking Meszaros/bas1lp
Checking Meszaros/e18
Checking Meszaros/model1
Checking Meszaros/pcb1000
Checking Meszaros/scsd8-2c
Checking Mittelmann/fome21
Checking Mulvey/finan512
Checking NYPA/Maragal_8 rhs0
Checking Nemeth/nemeth20
Checking Norris/torso1
Checking Oberwolfach/t2dal_bci
Checking POLYFLOW/invextr1_new rhs0
/storage/home/hcoda1/7/wahrens6/.cache/pypoetry/virtualenvs/matrix-scraper-6ttVeZdD-py3.14/lib/python3.14/site-packages/saps/benchmarks/preconditioned_cg.py:490: RuntimeWarning: invalid value encountered in scalar divide
  alpha = rho / xp.vecdot(p, Ap)
Checking Pajek/GD96_c
Checking Pajek/USAir97
Checking Pothen/skirt
Checking QLi/largebasis
Checking Rajat/rajat18
Checking Rommes/bips07_1693
Checking SNAP/amazon0302
Checking SNAP/p2p-Gnutella09
Checking SNAP/wiki-topcats
Checking Sandia/adder_dcop_26
Checking Sandia/adder_dcop_58
Checking Sandia/fpga_dcop_19 rhs0
Checking Sandia/fpga_dcop_51 rhs0
Checking Sandia/oscil_dcop_26 rhs0
Checking Sandia/oscil_trans_01 rhs0
Checking Schenk_IBMNA/c-27 rhs0
Checking Schenk_IBMNA/c-62 rhs0
Checking Schenk_ISEI/para-6 rhs0
Checking Sumner/graphics
Checking TSOPF/TSOPF_FS_b39_c7 rhs0
Checking VDOL/dynamicSoaringProblem_8 rhs0
Checking VDOL/kineticBatchReactor_9 rhs0
Checking VDOL/spaceStation_11 rhs0
Checking VLSI/vas_stokes_2M
Checking YZhou/circuit204
---------------------------------------
Begin Slurm Epilog: Sep-03-2026 14:32:00
Job ID:        12791125
Array Job ID:  12790465_29
User ID:       wahrens6
Account:       gts-wahrens6
Job name:      saps-scrape-matrices
Resources:     cpu=16,mem=256G,node=1
Rsrc Used:     cput=01:14:08,vmem=0,walltime=00:04:38,mem=4882140K,energy_used=0
Partition:     cpu-medium
QOS:           inferno
Nodes:         atl1-1-03-004-2-1
---------------------------------------
