---------------------------------------
Begin Slurm Prolog: Sep-03-2026 14:17:26
Job ID:    12790534
User ID:   wahrens6
Account:   gts-wahrens6
Job name:  saps-scrape-matrices
Partition: cpu-medium
QOS:       inferno
---------------------------------------
Selected 91 of 2904 SuiteSparse search results for chunk 4/32.
L:   0%|          | 0/7650 [00:00<?, ?B/s]L: 16384B [00:00, 102566383.19B/s]        
Checking AG-Monien/L
/storage/home/hcoda1/7/wahrens6/.cache/pypoetry/virtualenvs/matrix-scraper-6ttVeZdD-py3.14/lib/python3.14/site-packages/saps/benchmarks/preconditioned_cg.py:528: RuntimeWarning: divide by zero encountered in divide
  output = r / M
/storage/home/hcoda1/7/wahrens6/.cache/pypoetry/virtualenvs/matrix-scraper-6ttVeZdD-py3.14/lib/python3.14/site-packages/saps/benchmarks/preconditioned_cg.py:528: RuntimeWarning: invalid value encountered in divide
  output = r / M
Checking ANSYS/Delor295K
Checking Averous/epb3
Checking Bai/mhd1280a
Checking Bai/rdb450
Checking Bodendiek/CurlCurl_1
/storage/home/hcoda1/7/wahrens6/.cache/pypoetry/virtualenvs/matrix-scraper-6ttVeZdD-py3.14/lib/python3.14/site-packages/numpy/_core/fromnumeric.py:86: RuntimeWarning: overflow encountered in reduce
  return ufunc.reduce(obj, axis, dtype, out, **passkwargs)
/storage/home/hcoda1/7/wahrens6/.cache/pypoetry/virtualenvs/matrix-scraper-6ttVeZdD-py3.14/lib/python3.14/site-packages/saps/benchmarks/jacobi.py:336: RuntimeWarning: overflow encountered in multiply
  return xp.sqrt(xp.sum(xp.multiply(v, v)))
/storage/home/hcoda1/7/wahrens6/.cache/pypoetry/virtualenvs/matrix-scraper-6ttVeZdD-py3.14/lib/python3.14/site-packages/saps/benchmarks/jacobi.py:354: RuntimeWarning: invalid value encountered in add
  x = x + r / d
/storage/home/hcoda1/7/wahrens6/.cache/pypoetry/virtualenvs/matrix-scraper-6ttVeZdD-py3.14/lib/python3.14/site-packages/numpy/linalg/_linalg.py:2792: RuntimeWarning: overflow encountered in dot
  sqnorm = x.dot(x)
Checking Boeing/pcrystk02
Checking CPM/cz1268
Checking Cunningham/m3plates
Checking DIMACS10/coAuthorsCiteseer
Checking DIMACS10/ga2010
Checking DIMACS10/mi2010
Checking DIMACS10/road_usa
Checking DIMACS10/wy2010
Checking DRIVCAV/cavity17 rhs0
/storage/home/hcoda1/7/wahrens6/.cache/pypoetry/virtualenvs/matrix-scraper-6ttVeZdD-py3.14/lib/python3.14/site-packages/saps/benchmarks/preconditioned_cg.py:490: RuntimeWarning: invalid value encountered in vecdot
  alpha = rho / xp.vecdot(p, Ap)
Checking FIDAP/ex10
Checking FIDAP/ex8
Checking GHS_indef/a0nsdsil
Checking GHS_indef/dawson5
/storage/home/hcoda1/7/wahrens6/.cache/pypoetry/virtualenvs/matrix-scraper-6ttVeZdD-py3.14/lib/python3.14/site-packages/saps/benchmarks/jacobi.py:354: RuntimeWarning: overflow encountered in divide
  x = x + r / d
Checking GHS_psdef/bmwcra_1
Checking Garon/garon2
Checking Grund/b2_ss rhs0
Checking Gset/G2
Checking Gset/G49
Checking HB/662_bus
Checking HB/bcsstk13
Checking HB/bcsstm12
Checking HB/can_268
Checking HB/dwt_503
Checking HB/gr_30_30
Checking HB/lns_511
Checking HB/nos1
Checking HB/shl_400
Checking HB/young4c
Checking Hollinger/g7jac080
Checking Hollinger/mark3jac080
/storage/home/hcoda1/7/wahrens6/.cache/pypoetry/virtualenvs/matrix-scraper-6ttVeZdD-py3.14/lib/python3.14/site-packages/saps/benchmarks/cg.py:376: RuntimeWarning: divide by zero encountered in scalar divide
  alpha = rr / xp.vecdot(p, Ap)[()]
/storage/home/hcoda1/7/wahrens6/.cache/pypoetry/virtualenvs/matrix-scraper-6ttVeZdD-py3.14/lib/python3.14/site-packages/saps/benchmarks/cg.py:390: RuntimeWarning: invalid value encountered in add
  p = r + beta * p
Checking JGD_BIBD/bibd_17_3
Checking JGD_Franz/Franz5
Checking JGD_GL7d/GL7d19
Checking JGD_Homology/ch7-6-b2
Checking JGD_Homology/m133-b3
Checking JGD_Homology/n3c4-b4
Checking JGD_Homology/n4c6-b11
Checking JGD_Margulies/cat_ears_4_1
Checking JGD_Relat/relat8
Checking Janna/Cube_Coup_dt6
