---------------------------------------
Begin Slurm Prolog: Sep-03-2026 14:17:03
Job ID:    12790469
User ID:   wahrens6
Account:   gts-wahrens6
Job name:  saps-scrape-matrices
Partition: cpu-medium
QOS:       inferno
---------------------------------------
Selected 91 of 2904 SuiteSparse search results for chunk 1/32.
Checking ACUSIM/Pres_Poisson rhs0
/storage/home/hcoda1/7/wahrens6/.cache/pypoetry/virtualenvs/matrix-scraper-6ttVeZdD-py3.14/lib/python3.14/site-packages/numpy/_core/fromnumeric.py:86: RuntimeWarning: overflow encountered in reduce
  return ufunc.reduce(obj, axis, dtype, out, **passkwargs)
/storage/home/hcoda1/7/wahrens6/.cache/pypoetry/virtualenvs/matrix-scraper-6ttVeZdD-py3.14/lib/python3.14/site-packages/saps/benchmarks/jacobi.py:336: RuntimeWarning: overflow encountered in multiply
  return xp.sqrt(xp.sum(xp.multiply(v, v)))
/storage/home/hcoda1/7/wahrens6/.cache/pypoetry/virtualenvs/matrix-scraper-6ttVeZdD-py3.14/lib/python3.14/site-packages/saps/benchmarks/jacobi.py:354: RuntimeWarning: overflow encountered in divide
  x = x + r / d
/storage/home/hcoda1/7/wahrens6/.cache/pypoetry/virtualenvs/matrix-scraper-6ttVeZdD-py3.14/lib/python3.14/site-packages/numpy/linalg/_linalg.py:2792: RuntimeWarning: overflow encountered in dot
  sqnorm = x.dot(x)
Checking AG-Monien/whitaker3_dual
/storage/home/hcoda1/7/wahrens6/.cache/pypoetry/virtualenvs/matrix-scraper-6ttVeZdD-py3.14/lib/python3.14/site-packages/saps/benchmarks/preconditioned_cg.py:528: RuntimeWarning: divide by zero encountered in divide
  output = r / M
/storage/home/hcoda1/7/wahrens6/.cache/pypoetry/virtualenvs/matrix-scraper-6ttVeZdD-py3.14/lib/python3.14/site-packages/saps/benchmarks/preconditioned_cg.py:528: RuntimeWarning: invalid value encountered in divide
  output = r / M
Checking Averous/epb0
Checking Bai/dwg961a
Checking Bai/rdb2048
Checking Bindel/ted_B
Checking Boeing/nasa1824
Checking CEMW/tmt_unsym
Checking Cote/mplate
Checking DIMACS10/chesapeake
Checking DIMACS10/fe_sphere
Checking DIMACS10/ma2010
Checking DIMACS10/rgg_n_2_24_s0
Checking DIMACS10/wing
Checking DRIVCAV/cavity14 rhs0
/storage/home/hcoda1/7/wahrens6/.cache/pypoetry/virtualenvs/matrix-scraper-6ttVeZdD-py3.14/lib/python3.14/site-packages/saps/benchmarks/preconditioned_cg.py:490: RuntimeWarning: invalid value encountered in vecdot
  alpha = rho / xp.vecdot(p, Ap)
Checking FEMLAB/sme3Dc rhs0
Checking FIDAP/ex5
/storage/home/hcoda1/7/wahrens6/.cache/pypoetry/virtualenvs/matrix-scraper-6ttVeZdD-py3.14/lib/python3.14/site-packages/saps/benchmarks/jacobi.py:354: RuntimeWarning: invalid value encountered in add
  x = x + r / d
Checking GAP/GAP-twitter
cvxqp3:   0%|          | 0/330190 [00:00<?, ?B/s]cvxqp3:  89%|████████▉ | 294912/330190 [00:00<00:00, 2596944.39B/s]cvxqp3: 344064B [00:00, 2817163.71B/s]                             
Checking GHS_indef/cvxqp3
Checking GHS_psdef/apache2
Checking Gaertner/nopoly
Checking Grueninger/windtunnel_evap2d rhs0
Checking Gset/G17
Checking Gset/G46
Checking Gupta/gupta3
Checking HB/bcsstk10
Checking HB/bcsstm09
Checking HB/can_229
Checking HB/dwt_361
Checking HB/gemat11
/storage/home/hcoda1/7/wahrens6/.cache/pypoetry/virtualenvs/matrix-scraper-6ttVeZdD-py3.14/lib/python3.14/site-packages/saps/benchmarks/cg.py:376: RuntimeWarning: divide by zero encountered in scalar divide
  alpha = rr / xp.vecdot(p, Ap)[()]
/storage/home/hcoda1/7/wahrens6/.cache/pypoetry/virtualenvs/matrix-scraper-6ttVeZdD-py3.14/lib/python3.14/site-packages/saps/benchmarks/cg.py:377: RuntimeWarning: invalid value encountered in multiply
  x = x + alpha * p
/storage/home/hcoda1/7/wahrens6/.cache/pypoetry/virtualenvs/matrix-scraper-6ttVeZdD-py3.14/lib/python3.14/site-packages/saps/benchmarks/cg.py:378: RuntimeWarning: invalid value encountered in multiply
  r = r - alpha * Ap
Checking HB/lap_25
Checking HB/nnc1374
Checking HB/sherman5 rhs0
Checking HB/young1c
Checking Hollinger/g7jac050sc
Checking Hollinger/mark3jac040sc
Checking JGD_BIBD/bibd_15_3
Checking JGD_Franz/Franz2
Checking JGD_GL7d/GL7d16
Checking JGD_Homology/ch6-6-b4
Checking JGD_Homology/klein-b1
Checking JGD_Homology/n3c4-b1
Checking JGD_Homology/n4c5-b9
Checking JGD_Margulies/cat_ears_2_4
Checking JGD_Relat/relat6
Checking Janna/Bump_2911
Checking LAW/in-2004
Checking LPnetlib/lp_degen3
Checking LPnetlib/lp_pds_06
Checking LPnetlib/lp_share2b
Checking LPnetlib/lpi_forest6
Checking Luong/photogrammetry2
Checking ML_Graph/mice_10NN
Checking MathWorks/Harvard500
Checking Meszaros/cari
Checking Meszaros/fxm2-16
Checking Meszaros/model3
Checking Meszaros/pgp2
Checking Meszaros/sctap1-2c
Checking Mittelmann/neos2
Checking Mycielski/mycielskian11
Checking Nasa/barth5
Checking Nemeth/nemeth23
LF10:   0%|          | 0/1472 [00:00<?, ?B/s]LF10: 16384B [00:00, 10135616.04B/s]         
Checking Oberwolfach/LF10
Checking Oberwolfach/t3dh_a
Checking Pajek/California
Checking Pajek/GD97_b
Checking Pajek/WorldCities
Checking Pothen/tandem_dual
Checking QY/case9 rhs0
Checking Rajat/rajat21
Checking Rommes/bips07_3078
Checking SNAP/amazon0601
Checking SNAP/p2p-Gnutella30
Checking Sandia/ASIC_320k
Checking Sandia/adder_dcop_29
Checking Sandia/adder_dcop_61
Checking Sandia/fpga_dcop_22 rhs0
Checking Sandia/init_adder1
Checking Sandia/oscil_dcop_29 rhs0
Checking Schenk/nlpkkt160
Checking Schenk_IBMNA/c-30 rhs0
Checking Schenk_IBMNA/c-65 rhs0
Checking Schenk_ISEI/para-9 rhs0
Checking Szczerba/Ill_Stokes rhs0
Checking TSOPF/TSOPF_RS_b162_c1 rhs0
Checking TSOPF/TSOPF_RS_b162_c1 rhs1
Checking TSOPF/TSOPF_RS_b162_c1 rhs2
Checking TSOPF/TSOPF_RS_b162_c1 rhs3
Checking TSOPF/TSOPF_RS_b162_c1 rhs4
Checking TSOPF/TSOPF_RS_b162_c1 rhs5
Checking TSOPF/TSOPF_RS_b162_c1 rhs6
Checking TSOPF/TSOPF_RS_b162_c1 rhs7
Checking TSOPF/TSOPF_RS_b162_c1 rhs8
Checking TSOPF/TSOPF_RS_b162_c1 rhs9
Checking TSOPF/TSOPF_RS_b162_c1 rhs10
Checking TSOPF/TSOPF_RS_b162_c1 rhs11
Checking TSOPF/TSOPF_RS_b162_c1 rhs12
Checking TSOPF/TSOPF_RS_b162_c1 rhs13
Checking TSOPF/TSOPF_RS_b162_c1 rhs14
Checking TSOPF/TSOPF_RS_b162_c1 rhs15
Checking TSOPF/TSOPF_RS_b162_c1 rhs16
Checking TSOPF/TSOPF_RS_b162_c1 rhs17
Checking TSOPF/TSOPF_RS_b162_c1 rhs18
Checking TSOPF/TSOPF_RS_b162_c1 rhs19
Checking TSOPF/TSOPF_RS_b162_c1 rhs20
Checking TSOPF/TSOPF_RS_b162_c1 rhs21
Checking TSOPF/TSOPF_RS_b162_c1 rhs22
Checking TSOPF/TSOPF_RS_b162_c1 rhs23
Checking TSOPF/TSOPF_RS_b162_c1 rhs24
Checking TSOPF/TSOPF_RS_b162_c1 rhs25
Checking TSOPF/TSOPF_RS_b162_c1 rhs26
Checking TSOPF/TSOPF_RS_b162_c1 rhs27
Checking TSOPF/TSOPF_RS_b162_c1 rhs28
Checking TSOPF/TSOPF_RS_b162_c1 rhs29
Checking TSOPF/TSOPF_RS_b162_c1 rhs30
Checking TSOPF/TSOPF_RS_b162_c1 rhs31
Checking TSOPF/TSOPF_RS_b162_c1 rhs32
Checking TSOPF/TSOPF_RS_b162_c1 rhs33
Checking TSOPF/TSOPF_RS_b162_c1 rhs34
Checking TSOPF/TSOPF_RS_b162_c1 rhs35
Checking TSOPF/TSOPF_RS_b162_c1 rhs36
Checking TSOPF/TSOPF_RS_b162_c1 rhs37
Checking TSOPF/TSOPF_RS_b162_c1 rhs38
Checking TSOPF/TSOPF_RS_b162_c1 rhs39
Checking TSOPF/TSOPF_RS_b162_c1 rhs40
Checking TSOPF/TSOPF_RS_b162_c1 rhs41
Checking TSOPF/TSOPF_RS_b162_c1 rhs42
Checking TSOPF/TSOPF_RS_b162_c1 rhs43
Checking TSOPF/TSOPF_RS_b162_c1 rhs44
Checking TSOPF/TSOPF_RS_b162_c1 rhs45
Checking TSOPF/TSOPF_RS_b162_c1 rhs46
Checking TSOPF/TSOPF_RS_b162_c1 rhs47
Checking TSOPF/TSOPF_RS_b162_c1 rhs48
Checking VDOL/freeFlyingRobot_11 rhs0
Checking VDOL/lowThrust_11 rhs0
Checking VDOL/spaceStation_14 rhs0
Checking VanVelzen/Zd_Jac2_db rhs0
Checking Zaoui/kkt_power
---------------------------------------
Begin Slurm Epilog: Sep-03-2026 14:49:46
Job ID:        12790469
Array Job ID:  12790465_0
User ID:       wahrens6
Account:       gts-wahrens6
Job name:      saps-scrape-matrices
Resources:     cpu=16,mem=256G,node=1
Rsrc Used:     cput=08:44:00,vmem=0,walltime=00:32:45,mem=15040948K,energy_used=0
Partition:     cpu-medium
QOS:           inferno
Nodes:         atl1-1-02-002-15-2
---------------------------------------
