---------------------------------------
Begin Slurm Prolog: Sep-03-2026 14:18:02
Job ID:    12790764
User ID:   wahrens6
Account:   gts-wahrens6
Job name:  saps-scrape-matrices
Partition: cpu-medium
QOS:       inferno
---------------------------------------
Selected 91 of 2904 SuiteSparse search results for chunk 10/32.
Checking AG-Monien/biplane-9
/storage/home/hcoda1/7/wahrens6/.cache/pypoetry/virtualenvs/matrix-scraper-6ttVeZdD-py3.14/lib/python3.14/site-packages/saps/benchmarks/preconditioned_cg.py:528: RuntimeWarning: divide by zero encountered in divide
  output = r / M
/storage/home/hcoda1/7/wahrens6/.cache/pypoetry/virtualenvs/matrix-scraper-6ttVeZdD-py3.14/lib/python3.14/site-packages/saps/benchmarks/preconditioned_cg.py:528: RuntimeWarning: invalid value encountered in divide
  output = r / M
Checking ATandT/twotone
Checking Bai/bfwb62
Checking Bai/mhda416
Checking Bai/rw496
Checking Boeing/bcsstk36
/storage/home/hcoda1/7/wahrens6/.cache/pypoetry/virtualenvs/matrix-scraper-6ttVeZdD-py3.14/lib/python3.14/site-packages/numpy/_core/fromnumeric.py:86: RuntimeWarning: overflow encountered in reduce
  return ufunc.reduce(obj, axis, dtype, out, **passkwargs)
/storage/home/hcoda1/7/wahrens6/.cache/pypoetry/virtualenvs/matrix-scraper-6ttVeZdD-py3.14/lib/python3.14/site-packages/saps/benchmarks/jacobi.py:336: RuntimeWarning: overflow encountered in multiply
  return xp.sqrt(xp.sum(xp.multiply(v, v)))
/storage/home/hcoda1/7/wahrens6/.cache/pypoetry/virtualenvs/matrix-scraper-6ttVeZdD-py3.14/lib/python3.14/site-packages/numpy/linalg/_linalg.py:2792: RuntimeWarning: overflow encountered in dot
  sqnorm = x.dot(x)
Checking Bomhof/circuit_3 rhs0
/storage/home/hcoda1/7/wahrens6/.cache/pypoetry/virtualenvs/matrix-scraper-6ttVeZdD-py3.14/lib/python3.14/site-packages/saps/benchmarks/cg.py:376: RuntimeWarning: divide by zero encountered in scalar divide
  alpha = rr / xp.vecdot(p, Ap)[()]
/storage/home/hcoda1/7/wahrens6/.cache/pypoetry/virtualenvs/matrix-scraper-6ttVeZdD-py3.14/lib/python3.14/site-packages/saps/benchmarks/cg.py:377: RuntimeWarning: invalid value encountered in multiply
  x = x + alpha * p
/storage/home/hcoda1/7/wahrens6/.cache/pypoetry/virtualenvs/matrix-scraper-6ttVeZdD-py3.14/lib/python3.14/site-packages/saps/benchmarks/cg.py:378: RuntimeWarning: invalid value encountered in multiply
  r = r - alpha * Ap
Checking CPM/cz5108
Checking Cylshell/s2rmt3m1
Checking DIMACS10/cti
Checking DIMACS10/hugebubbles-00020
Checking DIMACS10/nd2010
Checking DIMACS10/tx2010
Checking DNVS/ship_001
Checking DRIVCAV/cavity23 rhs0
/storage/home/hcoda1/7/wahrens6/.cache/pypoetry/virtualenvs/matrix-scraper-6ttVeZdD-py3.14/lib/python3.14/site-packages/saps/benchmarks/preconditioned_cg.py:490: RuntimeWarning: invalid value encountered in vecdot
  alpha = rho / xp.vecdot(p, Ap)
Checking FIDAP/ex15
Checking FlowIPM22/Spielman_k500
Checking GHS_indef/aug3dcqp
Checking GHS_indef/k1_san
Checking GHS_psdef/finance256
/storage/home/hcoda1/7/wahrens6/.cache/pypoetry/virtualenvs/matrix-scraper-6ttVeZdD-py3.14/lib/python3.14/site-packages/saps/benchmarks/jacobi.py:354: RuntimeWarning: invalid value encountered in add
  x = x + r / d
Checking Gleich/flickr
Checking Grund/bayer05
Checking Gset/G25
Checking Gset/G54
Checking HB/ash331
Checking HB/bcsstk19
Checking HB/bcsstm23
Checking HB/can_715
Checking HB/dwt_72
Checking HB/gre_343
Checking HB/lock3491
Checking HB/nos7
Checking HB/str_200
Checking Hamm/bcircuit rhs0
Checking Hollinger/g7jac140
Checking Hollinger/mark3jac140
/storage/home/hcoda1/7/wahrens6/.cache/pypoetry/virtualenvs/matrix-scraper-6ttVeZdD-py3.14/lib/python3.14/site-packages/saps/benchmarks/cg.py:390: RuntimeWarning: invalid value encountered in add
  p = r + beta * p
Checking JGD_BIBD/bibd_20_10
Checking JGD_G5/IG5-11
Checking JGD_GL7d/GL7d25
Checking JGD_Homology/ch7-7-b5
Checking JGD_Homology/mk11-b2
Checking JGD_Homology/n3c5-b6
Checking JGD_Homology/n4c6-b3
Checking JGD_Margulies/flower_7_1
Checking JGD_SL6/D_7
Checking Janna/Long_Coup_dt0
