---------------------------------------
Begin Slurm Prolog: Sep-03-2026 12:10:17
Job ID:    12785630
User ID:   wahrens6
Account:   gts-wahrens6
Job name:  saps-scrape-matrices
Partition: cpu-small
QOS:       inferno
---------------------------------------
Selected 91 of 2904 SuiteSparse search results for chunk 18/32.
Checking AG-Monien/diag
/storage/home/hcoda1/7/wahrens6/.cache/pypoetry/virtualenvs/matrix-scraper-6ttVeZdD-py3.14/lib/python3.14/site-packages/saps/benchmarks/preconditioned_cg.py:510: RuntimeWarning: divide by zero encountered in divide
  output = r / M
/storage/home/hcoda1/7/wahrens6/.cache/pypoetry/virtualenvs/matrix-scraper-6ttVeZdD-py3.14/lib/python3.14/site-packages/saps/benchmarks/preconditioned_cg.py:510: RuntimeWarning: invalid value encountered in divide
  output = r / M
Checking Andrianov/lpl1
/storage/home/hcoda1/7/wahrens6/.cache/pypoetry/virtualenvs/matrix-scraper-6ttVeZdD-py3.14/lib/python3.14/site-packages/saps/benchmarks/jacobi.py:328: RuntimeWarning: overflow encountered in multiply
  return xp.sqrt(xp.sum(xp.multiply(v, v)))
/storage/home/hcoda1/7/wahrens6/.cache/pypoetry/virtualenvs/matrix-scraper-6ttVeZdD-py3.14/lib/python3.14/site-packages/numpy/_core/fromnumeric.py:86: RuntimeWarning: overflow encountered in reduce
  return ufunc.reduce(obj, axis, dtype, out, **passkwargs)
/storage/home/hcoda1/7/wahrens6/.cache/pypoetry/virtualenvs/matrix-scraper-6ttVeZdD-py3.14/lib/python3.14/site-packages/saps/benchmarks/jacobi.py:346: RuntimeWarning: invalid value encountered in add
  x = x + r / d
Checking Bai/cdde5
Checking Bai/olm5000
/storage/home/hcoda1/7/wahrens6/.cache/pypoetry/virtualenvs/matrix-scraper-6ttVeZdD-py3.14/lib/python3.14/site-packages/numpy/linalg/_linalg.py:2792: RuntimeWarning: overflow encountered in dot
  sqnorm = x.dot(x)
Checking Bai/tub1000
Checking Boeing/bcsstm38
Checking Bourchtein/atmosmodd
/var/lib/slurm/slurmd/job12785630/slurm_script: line 49: 253867 Killed                  poetry run python scrape_matrices.py "${scrape_args[@]}"
[2026-09-03T12:19:42.595] error: Detected 1 oom_kill event in StepId=12785630.batch. Some of the step tasks have been OOM Killed.
---------------------------------------
Begin Slurm Epilog: Sep-03-2026 12:19:42
Job ID:        12785630
Array Job ID:  12785501_17
User ID:       wahrens6
Account:       gts-wahrens6
Job name:      saps-scrape-matrices
Resources:     cpu=16,mem=128G,node=1
Rsrc Used:     cput=02:31:28,vmem=0,walltime=00:09:28,mem=134216776K,energy_used=0
Partition:     cpu-small
QOS:           inferno
Nodes:         atl1-1-02-005-19-1
---------------------------------------
