---------------------------------------
Begin Slurm Prolog: Sep-03-2026 14:27:24
Job ID:    12791126
User ID:   wahrens6
Account:   gts-wahrens6
Job name:  saps-scrape-matrices
Partition: cpu-medium
QOS:       inferno
---------------------------------------
Selected 90 of 2904 SuiteSparse search results for chunk 31/32.
wave:   0%|          | 0/2762172 [00:00<?, ?B/s]wave:  10%|█         | 278528/2762172 [00:00<00:01, 2364529.17B/s]wave:  43%|████▎     | 1179648/2762172 [00:00<00:00, 5774589.99B/s]wave:  83%|████████▎ | 2293760/2762172 [00:00<00:00, 8045555.92B/s]wave: 2768896B [00:00, 7633499.96B/s]                              
Checking AG-Monien/wave
/storage/home/hcoda1/7/wahrens6/.cache/pypoetry/virtualenvs/matrix-scraper-6ttVeZdD-py3.14/lib/python3.14/site-packages/saps/benchmarks/preconditioned_cg.py:528: RuntimeWarning: divide by zero encountered in divide
  output = r / M
/storage/home/hcoda1/7/wahrens6/.cache/pypoetry/virtualenvs/matrix-scraper-6ttVeZdD-py3.14/lib/python3.14/site-packages/saps/benchmarks/preconditioned_cg.py:528: RuntimeWarning: invalid value encountered in divide
  output = r / M
Checking Arenas/email
Checking Bai/dwa512
/storage/home/hcoda1/7/wahrens6/.cache/pypoetry/virtualenvs/matrix-scraper-6ttVeZdD-py3.14/lib/python3.14/site-packages/numpy/_core/fromnumeric.py:86: RuntimeWarning: overflow encountered in reduce
  return ufunc.reduce(obj, axis, dtype, out, **passkwargs)
/storage/home/hcoda1/7/wahrens6/.cache/pypoetry/virtualenvs/matrix-scraper-6ttVeZdD-py3.14/lib/python3.14/site-packages/saps/benchmarks/jacobi.py:336: RuntimeWarning: overflow encountered in multiply
  return xp.sqrt(xp.sum(xp.multiply(v, v)))
/storage/home/hcoda1/7/wahrens6/.cache/pypoetry/virtualenvs/matrix-scraper-6ttVeZdD-py3.14/lib/python3.14/site-packages/saps/benchmarks/jacobi.py:354: RuntimeWarning: overflow encountered in divide
  x = x + r / d
/storage/home/hcoda1/7/wahrens6/.cache/pypoetry/virtualenvs/matrix-scraper-6ttVeZdD-py3.14/lib/python3.14/site-packages/saps/benchmarks/jacobi.py:354: RuntimeWarning: overflow encountered in add
  x = x + r / d
/storage/home/hcoda1/7/wahrens6/.cache/pypoetry/virtualenvs/matrix-scraper-6ttVeZdD-py3.14/lib/python3.14/site-packages/numpy/linalg/_linalg.py:2792: RuntimeWarning: overflow encountered in dot
  sqnorm = x.dot(x)
Checking Bai/rdb200
Checking Bindel/ted_AB_unscaled
Checking Boeing/msc10848
Checking CEMW/t2em
Checking Chevron/Chevron4
Checking DIMACS10/caidaRouterLevel
Checking DIMACS10/fe_ocean
Checking DIMACS10/luxembourg_osm
Checking DIMACS10/rgg_n_2_22_s0
Checking DIMACS10/wa2010
Checking DRIVCAV/cavity12 rhs0
Checking FEMLAB/sme3Da rhs0
Checking FIDAP/ex4
/storage/home/hcoda1/7/wahrens6/.cache/pypoetry/virtualenvs/matrix-scraper-6ttVeZdD-py3.14/lib/python3.14/site-packages/saps/benchmarks/preconditioned_cg.py:490: RuntimeWarning: invalid value encountered in vecdot
  alpha = rho / xp.vecdot(p, Ap)
Checking GAP/GAP-kron
Checking GHS_indef/cont-300 rhs0
Checking GHS_indef/turon_m
Checking GHS_psdef/wathen120
/storage/home/hcoda1/7/wahrens6/.cache/pypoetry/virtualenvs/matrix-scraper-6ttVeZdD-py3.14/lib/python3.14/site-packages/saps/benchmarks/jacobi.py:354: RuntimeWarning: invalid value encountered in add
  x = x + r / d
Checking Goodwin/rim
Checking Gset/G15
Checking Gset/G44
Checking Gupta/gupta1
Checking HB/bcsstk08
Checking HB/bcsstm07
Checking HB/can_161
Checking HB/dwt_310
Checking HB/fs_760_3
Checking HB/jgl011
Checking HB/mcca
Checking HB/sherman3 rhs0
Checking HB/wm2
Checking Hollinger/g7jac040
Checking Hollinger/mark3jac020sc
Checking JGD_BIBD/bibd_13_6
Checking JGD_Franz/Franz10
Checking JGD_GL7d/GL7d14
Checking JGD_Homology/ch6-6-b2
Checking JGD_Homology/cis-n4c6-b3
Checking JGD_Homology/n2c6-b8
Checking JGD_Homology/n4c5-b7
Checking JGD_Kocay/Trec9
Checking JGD_Relat/relat4
Checking JGD_Trefethen/Trefethen_500
Checking LAW/eu-2005
Checking LPnetlib/lp_d6cube
Checking LPnetlib/lp_osa_60
Checking LPnetlib/lp_sctap3
Checking LPnetlib/lpi_ex72a
Checking Lucifora/cell2
Checking ML_Graph/k49_norm_10NN
Checking Marini/eurqsa rhs0
/storage/home/hcoda1/7/wahrens6/.cache/pypoetry/virtualenvs/matrix-scraper-6ttVeZdD-py3.14/lib/python3.14/site-packages/saps/benchmarks/cg.py:376: RuntimeWarning: divide by zero encountered in scalar divide
  alpha = rr / xp.vecdot(p, Ap)[()]
/storage/home/hcoda1/7/wahrens6/.cache/pypoetry/virtualenvs/matrix-scraper-6ttVeZdD-py3.14/lib/python3.14/site-packages/saps/benchmarks/cg.py:377: RuntimeWarning: invalid value encountered in multiply
  x = x + alpha * p
/storage/home/hcoda1/7/wahrens6/.cache/pypoetry/virtualenvs/matrix-scraper-6ttVeZdD-py3.14/lib/python3.14/site-packages/saps/benchmarks/cg.py:378: RuntimeWarning: invalid value encountered in multiply
  r = r - alpha * Ap
Checking Meszaros/baxter
Checking Meszaros/ex3sta1
Checking Meszaros/model10
Checking Meszaros/pcb3000
Checking Meszaros/scsd8-2r
Checking Mittelmann/neos
Checking Mulvey/pfinan512
Checking Nasa/barth
Checking Nemeth/nemeth21
Checking Norris/torso2
Checking Oberwolfach/t2dal_e
Checking POLYFLOW/mixtank_new rhs0
Checking Pajek/GD96_d
Checking Pajek/USpowerGrid
Checking Pothen/sphere2
Checking QLi/majorbasis
Checking Rajat/rajat19
Checking Rommes/bips07_1998
Checking SNAP/amazon0312
Checking SNAP/p2p-Gnutella24
Checking Sandia/ASIC_100k
Checking Sandia/adder_dcop_27
Checking Sandia/adder_dcop_59
Checking Sandia/fpga_dcop_20 rhs0
Checking Sandia/fpga_trans_01 rhs0
Checking Sandia/oscil_dcop_27 rhs0
Checking Sanghavi/ecl32
Checking Schenk_IBMNA/c-28 rhs0
Checking Schenk_IBMNA/c-64 rhs0
Checking Schenk_ISEI/para-7 rhs0
Checking Sybrandt/AGATHA_2015
Checking TSOPF/TSOPF_FS_b9_c1 rhs0
Checking VDOL/freeFlyingRobot_1 rhs0
Checking VDOL/lowThrust_1 rhs0
Checking VDOL/spaceStation_12 rhs0
Checking VLSI/vas_stokes_4M
Checking Yoshiyasu/image_interp
---------------------------------------
Begin Slurm Epilog: Sep-03-2026 14:39:55
Job ID:        12791126
Array Job ID:  12790465_30
User ID:       wahrens6
Account:       gts-wahrens6
Job name:      saps-scrape-matrices
Resources:     cpu=16,mem=256G,node=1
Rsrc Used:     cput=03:20:48,vmem=0,walltime=00:12:33,mem=9847168K,energy_used=0
Partition:     cpu-medium
QOS:           inferno
Nodes:         atl1-1-03-004-2-2
---------------------------------------
