---------------------------------------
Begin Slurm Prolog: Sep-03-2026 14:23:20
Job ID:    12791072
User ID:   wahrens6
Account:   gts-wahrens6
Job name:  saps-scrape-matrices
Partition: cpu-medium
QOS:       inferno
---------------------------------------
Selected 91 of 2904 SuiteSparse search results for chunk 19/32.
Checking AG-Monien/grid1
/storage/home/hcoda1/7/wahrens6/.cache/pypoetry/virtualenvs/matrix-scraper-6ttVeZdD-py3.14/lib/python3.14/site-packages/saps/benchmarks/preconditioned_cg.py:528: RuntimeWarning: divide by zero encountered in divide
  output = r / M
/storage/home/hcoda1/7/wahrens6/.cache/pypoetry/virtualenvs/matrix-scraper-6ttVeZdD-py3.14/lib/python3.14/site-packages/saps/benchmarks/preconditioned_cg.py:528: RuntimeWarning: invalid value encountered in divide
  output = r / M
Checking Andrianov/mip1
/storage/home/hcoda1/7/wahrens6/.cache/pypoetry/virtualenvs/matrix-scraper-6ttVeZdD-py3.14/lib/python3.14/site-packages/saps/benchmarks/jacobi.py:336: RuntimeWarning: overflow encountered in multiply
  return xp.sqrt(xp.sum(xp.multiply(v, v)))
/storage/home/hcoda1/7/wahrens6/.cache/pypoetry/virtualenvs/matrix-scraper-6ttVeZdD-py3.14/lib/python3.14/site-packages/numpy/_core/fromnumeric.py:86: RuntimeWarning: overflow encountered in reduce
  return ufunc.reduce(obj, axis, dtype, out, **passkwargs)
/storage/home/hcoda1/7/wahrens6/.cache/pypoetry/virtualenvs/matrix-scraper-6ttVeZdD-py3.14/lib/python3.14/site-packages/saps/benchmarks/jacobi.py:354: RuntimeWarning: invalid value encountered in add
  x = x + r / d
Checking Bai/cdde6
Checking Bai/pde225
Checking Barabasi/NotreDame_actors
Checking Boeing/bcsstm39
Checking Bourchtein/atmosmodj rhs0
Checking Bourchtein/atmosmodj rhs1
Checking Chen/pkustk06
Checking DIMACS10/M6
Checking DIMACS10/delaunay_n16
Checking DIMACS10/il2010
Checking DIMACS10/ok2010
Checking DIMACS10/vsp_c-30_data_data
Checking DNVS/x104
/storage/home/hcoda1/7/wahrens6/.cache/pypoetry/virtualenvs/matrix-scraper-6ttVeZdD-py3.14/lib/python3.14/site-packages/numpy/linalg/_linalg.py:2792: RuntimeWarning: overflow encountered in dot
  sqnorm = x.dot(x)
Checking Dziekonski/dielFilterV2clx rhs0
Checking FIDAP/ex25
Checking Fluorem/HV15R rhs0
/storage/home/hcoda1/7/wahrens6/.cache/pypoetry/virtualenvs/matrix-scraper-6ttVeZdD-py3.14/lib/python3.14/site-packages/saps/benchmarks/jacobi.py:354: RuntimeWarning: overflow encountered in divide
  x = x + r / d
Checking GHS_indef/bratu3d rhs0
/storage/home/hcoda1/7/wahrens6/.cache/pypoetry/virtualenvs/matrix-scraper-6ttVeZdD-py3.14/lib/python3.14/site-packages/saps/benchmarks/cg.py:376: RuntimeWarning: divide by zero encountered in scalar divide
  alpha = rr / xp.vecdot(p, Ap)[()]
/storage/home/hcoda1/7/wahrens6/.cache/pypoetry/virtualenvs/matrix-scraper-6ttVeZdD-py3.14/lib/python3.14/site-packages/saps/benchmarks/cg.py:377: RuntimeWarning: invalid value encountered in multiply
  x = x + alpha * p
/storage/home/hcoda1/7/wahrens6/.cache/pypoetry/virtualenvs/matrix-scraper-6ttVeZdD-py3.14/lib/python3.14/site-packages/saps/benchmarks/cg.py:378: RuntimeWarning: invalid value encountered in multiply
  r = r - alpha * Ap
/storage/home/hcoda1/7/wahrens6/.cache/pypoetry/virtualenvs/matrix-scraper-6ttVeZdD-py3.14/lib/python3.14/site-packages/saps/benchmarks/preconditioned_cg.py:490: RuntimeWarning: invalid value encountered in vecdot
  alpha = rho / xp.vecdot(p, Ap)
Checking GHS_indef/ncvxqp7
Checking GHS_psdef/obstclae
Checking Gleich/wikipedia-20070206
Checking Grund/meg1
Checking Gset/G33
Checking Gset/G62
Checking HB/bcspwr06
Checking HB/bcsstk28
Checking HB/bp_0
Checking HB/dwt_1005
Checking HB/fs_183_3
Checking HB/impcol_d
Checking HB/lshp3466
Checking HB/pores_1
Checking HB/west0156
Checking Hardesty/Hardesty3
Checking Hollinger/jan99jac020sc rhs0
Checking IBM_EDA/trans5 rhs0
Checking JGD_CAG/CAG_mat72
Checking JGD_G5/IG5-7
Checking JGD_Groebner/robot24c1_mat5_J
Checking JGD_Homology/ch7-9-b4
Checking JGD_Homology/mk13-b5
Checking JGD_Homology/n3c6-b6
Checking JGD_Homology/shar_te2-b3
Checking JGD_Margulies/wheel_5_1
Checking JGD_SPG/EX6
Checking Kamvar/Stanford
Checking LPnetlib/lp_bnl1
Checking LPnetlib/lp_kb2
Checking LPnetlib/lp_scagr25
Checking LPnetlib/lp_vtp_base
Checking Langemyr/comsol rhs0
Checking ML_Graph/breasttissue_10NN
Checking Mallya/lhr10c
Checking Meszaros/aa03
Checking Meszaros/delf
Checking Meszaros/jendrec1
Checking Meszaros/nw14
Checking Meszaros/route
Checking Meszaros/ts-palko
Checking Mittelmann/stormG2_1000
Checking ND/nd12k
Checking Nemeth/nemeth09
Checking Newman/polbooks
Checking Oberwolfach/piston
Checking PARSEC/Si10H16
Checking Pajek/GD01_b
Checking Pajek/Roget
Checking Pothen/commanche_dual
Checking QCD/conf5_0-4x4-26
Checking Rajat/rajat07
M80PI_n:   0%|          | 0/59918 [00:00<?, ?B/s]M80PI_n: 65536B [00:00, 2040046.51B/s]           
Checking Rommes/M80PI_n
Checking Rothberg/3dtube
Checking SNAP/email-Enron
Checking SNAP/sx-stackoverflow
Checking Sandia/adder_dcop_15
Checking Sandia/adder_dcop_47
Checking Sandia/fpga_dcop_08 rhs0
Checking Sandia/fpga_dcop_40 rhs0
Checking Sandia/oscil_dcop_15 rhs0
Checking Sandia/oscil_dcop_47 rhs0
Checking Schenk_AFE/af_shell8 rhs0
Checking Schenk_IBMNA/c-48 rhs0
Checking Schenk_ISEI/barrier2-12 rhs0
Checking Simon/raefsky4 rhs0
Checking TOKAMAK/utm3060 rhs0
Checking UTEP/Dubcova2
Checking VDOL/hangGlider_3 rhs0
Checking VDOL/reorientation_4 rhs0
Checking VLSI/imagesensor
/storage/home/hcoda1/7/wahrens6/.cache/pypoetry/virtualenvs/matrix-scraper-6ttVeZdD-py3.14/lib/python3.14/site-packages/saps/benchmarks/preconditioned_cg.py:490: RuntimeWarning: divide by zero encountered in scalar divide
  alpha = rho / xp.vecdot(p, Ap)
/storage/home/hcoda1/7/wahrens6/.cache/pypoetry/virtualenvs/matrix-scraper-6ttVeZdD-py3.14/lib/python3.14/site-packages/saps/benchmarks/preconditioned_cg.py:491: RuntimeWarning: invalid value encountered in multiply
  x = x + alpha * p
/storage/home/hcoda1/7/wahrens6/.cache/pypoetry/virtualenvs/matrix-scraper-6ttVeZdD-py3.14/lib/python3.14/site-packages/saps/benchmarks/preconditioned_cg.py:492: RuntimeWarning: invalid value encountered in multiply
  r = r - alpha * Ap
Checking Williams/cant
Checking vanHeukelum/cage4
---------------------------------------
Begin Slurm Epilog: Sep-03-2026 14:42:24
Job ID:        12791072
Array Job ID:  12790465_18
User ID:       wahrens6
Account:       gts-wahrens6
Job name:      saps-scrape-matrices
Resources:     cpu=16,mem=256G,node=1
Rsrc Used:     cput=05:05:36,vmem=0,walltime=00:19:06,mem=21487140K,energy_used=0
Partition:     cpu-medium
QOS:           inferno
Nodes:         atl1-1-02-002-9-1
---------------------------------------
