---------------------------------------
Begin Slurm Prolog: Sep-03-2026 14:26:07
Job ID:    12791110
User ID:   wahrens6
Account:   gts-wahrens6
Job name:  saps-scrape-matrices
Partition: cpu-medium
QOS:       inferno
---------------------------------------
Selected 91 of 2904 SuiteSparse search results for chunk 23/32.
Checking AG-Monien/netz4504
/storage/home/hcoda1/7/wahrens6/.cache/pypoetry/virtualenvs/matrix-scraper-6ttVeZdD-py3.14/lib/python3.14/site-packages/saps/benchmarks/preconditioned_cg.py:528: RuntimeWarning: divide by zero encountered in divide
  output = r / M
/storage/home/hcoda1/7/wahrens6/.cache/pypoetry/virtualenvs/matrix-scraper-6ttVeZdD-py3.14/lib/python3.14/site-packages/saps/benchmarks/preconditioned_cg.py:528: RuntimeWarning: invalid value encountered in divide
  output = r / M
Checking Andrianov/net25
/storage/home/hcoda1/7/wahrens6/.cache/pypoetry/virtualenvs/matrix-scraper-6ttVeZdD-py3.14/lib/python3.14/site-packages/numpy/_core/fromnumeric.py:86: RuntimeWarning: overflow encountered in reduce
  return ufunc.reduce(obj, axis, dtype, out, **passkwargs)
/storage/home/hcoda1/7/wahrens6/.cache/pypoetry/virtualenvs/matrix-scraper-6ttVeZdD-py3.14/lib/python3.14/site-packages/saps/benchmarks/jacobi.py:336: RuntimeWarning: overflow encountered in multiply
  return xp.sqrt(xp.sum(xp.multiply(v, v)))
/storage/home/hcoda1/7/wahrens6/.cache/pypoetry/virtualenvs/matrix-scraper-6ttVeZdD-py3.14/lib/python3.14/site-packages/saps/benchmarks/jacobi.py:354: RuntimeWarning: invalid value encountered in add
  x = x + r / d
Checking Bai/cryg10000
/storage/home/hcoda1/7/wahrens6/.cache/pypoetry/virtualenvs/matrix-scraper-6ttVeZdD-py3.14/lib/python3.14/site-packages/saps/benchmarks/jacobi.py:354: RuntimeWarning: overflow encountered in divide
  x = x + r / d
/storage/home/hcoda1/7/wahrens6/.cache/pypoetry/virtualenvs/matrix-scraper-6ttVeZdD-py3.14/lib/python3.14/site-packages/numpy/linalg/_linalg.py:2792: RuntimeWarning: overflow encountered in dot
  sqnorm = x.dot(x)
Checking Bai/qc324
Checking Bates/Chem97ZtZ
Checking Boeing/crystm01
Checking Brethour/coater1
Checking Chen/pkustk10
Checking DIMACS10/ak2010
Checking DIMACS10/delaunay_n20
Checking DIMACS10/kron_g500-logn17
Checking DIMACS10/preferentialAttachment
Checking DIMACS10/vsp_mod2_pgp2_slptsk
Checking DRIVCAV/cavity04 rhs0
/storage/home/hcoda1/7/wahrens6/.cache/pypoetry/virtualenvs/matrix-scraper-6ttVeZdD-py3.14/lib/python3.14/site-packages/saps/benchmarks/preconditioned_cg.py:490: RuntimeWarning: invalid value encountered in vecdot
  alpha = rho / xp.vecdot(p, Ap)
Checking Dziekonski/gsm_106857 rhs0
Checking FIDAP/ex29
Checking Freescale/Freescale1
Checking GHS_indef/c-62ghs rhs0
Checking GHS_indef/sit100
Checking GHS_psdef/pwt
Checking Goodwin/Goodwin_023
Checking Grund/poli4
Checking Gset/G37
Checking Gset/G66
Checking HB/bcspwr10
Checking HB/bcsstk32
Checking HB/bp_1600
Checking HB/dwt_193
Checking HB/fs_541_2
Checking HB/jagmesh3
Checking HB/lshp_778
Checking HB/psmigr_2
Checking HB/west0497
Checking Hohn/fd18 rhs0
/storage/home/hcoda1/7/wahrens6/.cache/pypoetry/virtualenvs/matrix-scraper-6ttVeZdD-py3.14/lib/python3.14/site-packages/saps/benchmarks/cg.py:376: RuntimeWarning: divide by zero encountered in scalar divide
  alpha = rr / xp.vecdot(p, Ap)[()]
/storage/home/hcoda1/7/wahrens6/.cache/pypoetry/virtualenvs/matrix-scraper-6ttVeZdD-py3.14/lib/python3.14/site-packages/saps/benchmarks/cg.py:377: RuntimeWarning: invalid value encountered in multiply
  x = x + alpha * p
/storage/home/hcoda1/7/wahrens6/.cache/pypoetry/virtualenvs/matrix-scraper-6ttVeZdD-py3.14/lib/python3.14/site-packages/saps/benchmarks/cg.py:378: RuntimeWarning: invalid value encountered in multiply
  r = r - alpha * Ap
Checking Hollinger/jan99jac060sc rhs0
Checking IPSO/OPF_10000 rhs0
Checking JGD_Forest/TF13
Checking JGD_GL6/GL6_D_6
Checking JGD_Homology/ch4-4-b1
Checking JGD_Homology/ch8-8-b3
Checking JGD_Homology/n2c6-b1
Checking JGD_Homology/n4c5-b1
Checking JGD_Kocay/Trec13
Checking JGD_Relat/rel3
Checking JGD_Trefethen/Trefethen_20
Checking Kim/kim2
Checking LPnetlib/lp_capri
Checking LPnetlib/lp_ken_18
Checking LPnetlib/lp_scfxm3
Checking LPnetlib/lpi_bgetam
Checking Lee/fem_filter
Checking ML_Graph/dataset16mfeatkarhunen_10NN
Checking Mallya/lhr14c
Checking Meszaros/aa6
Checking Meszaros/deter3
Checking Meszaros/l30
Checking Meszaros/p0201
Checking Meszaros/scagr7-2r
Checking Meszaros/zed
Checking Morandini/robot
Checking NYPA/Maragal_1 rhs0
Checking Nemeth/nemeth13
Checking Norris/fv3
Checking Oberwolfach/rail_79841
Checking PARSEC/Si5H12
Checking Pajek/GD06_Java
Checking Pajek/SmaGri
Checking Pothen/mesh2e1
Checking QCD/conf5_4-8x8-20
Checking Rajat/rajat11
S20PI_n:   0%|          | 0/20724 [00:00<?, ?B/s]S20PI_n: 32768B [00:00, 183007927.39B/s]         
Checking Rommes/S20PI_n
Checking Rothberg/struct3
Checking SNAP/higgs-twitter
Checking SNAP/web-Google
Checking Sandia/adder_dcop_19
Checking Sandia/adder_dcop_51
Checking Sandia/fpga_dcop_12 rhs0
Checking Sandia/fpga_dcop_44 rhs0
Checking Sandia/oscil_dcop_19 rhs0
Checking Sandia/oscil_dcop_51 rhs0
Checking Schenk_IBMNA/c-20 rhs0
Checking Schenk_IBMNA/c-52 rhs0
Checking Schenk_ISEI/barrier2-9 rhs0
Checking Simon/venkat25 rhs0
Checking TSOPF/TSOPF_FS_b162_c4 rhs0
Checking VDOL/dynamicSoaringProblem_1 rhs0
Checking VDOL/kineticBatchReactor_2 rhs0
Checking VDOL/reorientation_8 rhs0
Checking VLSI/power9
Checking Williams/mc2depi
Checking vanHeukelum/cage8
---------------------------------------
Begin Slurm Epilog: Sep-03-2026 14:42:37
Job ID:        12791110
Array Job ID:  12790465_22
User ID:       wahrens6
Account:       gts-wahrens6
Job name:      saps-scrape-matrices
Resources:     cpu=16,mem=256G,node=1
Rsrc Used:     cput=04:24:32,vmem=0,walltime=00:16:32,mem=5577120K,energy_used=0
Partition:     cpu-medium
QOS:           inferno
Nodes:         atl1-1-02-003-14-1
---------------------------------------
