---------------------------------------
Begin Slurm Prolog: Sep-03-2026 14:23:20
Job ID:    12791071
User ID:   wahrens6
Account:   gts-wahrens6
Job name:  saps-scrape-matrices
Partition: cpu-medium
QOS:       inferno
---------------------------------------
Selected 91 of 2904 SuiteSparse search results for chunk 18/32.
Checking AG-Monien/diag
/storage/home/hcoda1/7/wahrens6/.cache/pypoetry/virtualenvs/matrix-scraper-6ttVeZdD-py3.14/lib/python3.14/site-packages/saps/benchmarks/preconditioned_cg.py:528: RuntimeWarning: divide by zero encountered in divide
  output = r / M
/storage/home/hcoda1/7/wahrens6/.cache/pypoetry/virtualenvs/matrix-scraper-6ttVeZdD-py3.14/lib/python3.14/site-packages/saps/benchmarks/preconditioned_cg.py:528: RuntimeWarning: invalid value encountered in divide
  output = r / M
Checking Andrianov/lpl1
/storage/home/hcoda1/7/wahrens6/.cache/pypoetry/virtualenvs/matrix-scraper-6ttVeZdD-py3.14/lib/python3.14/site-packages/saps/benchmarks/jacobi.py:336: RuntimeWarning: overflow encountered in multiply
  return xp.sqrt(xp.sum(xp.multiply(v, v)))
/storage/home/hcoda1/7/wahrens6/.cache/pypoetry/virtualenvs/matrix-scraper-6ttVeZdD-py3.14/lib/python3.14/site-packages/numpy/_core/fromnumeric.py:86: RuntimeWarning: overflow encountered in reduce
  return ufunc.reduce(obj, axis, dtype, out, **passkwargs)
/storage/home/hcoda1/7/wahrens6/.cache/pypoetry/virtualenvs/matrix-scraper-6ttVeZdD-py3.14/lib/python3.14/site-packages/saps/benchmarks/jacobi.py:354: RuntimeWarning: invalid value encountered in add
  x = x + r / d
Checking Bai/cdde5
Checking Bai/olm5000
/storage/home/hcoda1/7/wahrens6/.cache/pypoetry/virtualenvs/matrix-scraper-6ttVeZdD-py3.14/lib/python3.14/site-packages/numpy/linalg/_linalg.py:2792: RuntimeWarning: overflow encountered in dot
  sqnorm = x.dot(x)
Checking Bai/tub1000
Checking Boeing/bcsstm38
Checking Bourchtein/atmosmodd rhs0
Checking Bourchtein/atmosmodd rhs1
Checking Chen/pkustk05
Checking DIMACS10/G_n_pin_pout
Checking DIMACS10/delaunay_n15
Checking DIMACS10/id2010
Checking DIMACS10/oh2010
Checking DIMACS10/vsp_bump2_e18_aa01_model1_crew1
Checking DNVS/tsyl201
Checking Dehghani/light_in_tissue rhs0
Checking FIDAP/ex24
Checking Fluorem/GT01R rhs0
Checking GHS_indef/brainpc2
Checking GHS_indef/ncvxqp5
/storage/home/hcoda1/7/wahrens6/.cache/pypoetry/virtualenvs/matrix-scraper-6ttVeZdD-py3.14/lib/python3.14/site-packages/saps/benchmarks/preconditioned_cg.py:490: RuntimeWarning: invalid value encountered in vecdot
  alpha = rho / xp.vecdot(p, Ap)
Checking GHS_psdef/minsurfo
Checking Gleich/wikipedia-20061104
Checking Grund/d_ss rhs0
Checking Gset/G32
Checking Gset/G61
Checking HB/bcspwr05
Checking HB/bcsstk27
Checking HB/blckhole
Checking HB/curtis54
Checking HB/fs_183_1
Checking HB/impcol_c
Checking HB/lshp3025
Checking HB/plskz362
Checking HB/west0132
Checking Hardesty/Hardesty2
Checking Hollinger/jan99jac020 rhs0
Checking IBM_EDA/trans4 rhs0
Checking JGD_CAG/CAG_mat364
Checking JGD_G5/IG5-6
Checking JGD_Groebner/robot24c1_mat5
Checking JGD_Homology/ch7-9-b3
Checking JGD_Homology/mk12-b5
Checking JGD_Homology/n3c6-b5
Checking JGD_Homology/shar_te2-b2
Checking JGD_Margulies/wheel_4_1
Checking JGD_SPG/EX5
Checking Janna/Transport
Checking LPnetlib/lp_blend
Checking LPnetlib/lp_israel
Checking LPnetlib/lp_sc50b
Checking LPnetlib/lp_tuff
Checking LPnetlib/lpi_woodinfe
Checking ML_Graph/YaleB_10NN
Checking Mallya/lhr10 rhs0
Checking Meszaros/aa01
Checking Meszaros/degme
Checking Meszaros/iprob
Checking Meszaros/nsir
Checking Meszaros/rosen8
Checking Meszaros/tp-6
Checking Mittelmann/spal_004
Checking Mycielski/mycielskian9
Checking Nemeth/nemeth08
Checking Newman/polblogs
Checking Oberwolfach/inlet
/storage/home/hcoda1/7/wahrens6/.cache/pypoetry/virtualenvs/matrix-scraper-6ttVeZdD-py3.14/lib/python3.14/site-packages/saps/benchmarks/jacobi.py:354: RuntimeWarning: overflow encountered in divide
  x = x + r / d
Checking PARSEC/Na5
Checking Pajek/GD01_a
Checking Pajek/Reuters911
Checking Pothen/bodyy6
Checking QCD/conf5_0-4x4-22
Checking Rajat/rajat06
Checking Rommes/M40PI_n1
Checking Rost/RFdevice rhs0
Checking Rost/RFdevice rhs1
Checking Rost/RFdevice rhs2
Checking Rost/RFdevice rhs3
Checking Rost/RFdevice rhs4
Checking Rost/RFdevice rhs5
Checking Rost/RFdevice rhs6
Checking Rost/RFdevice rhs7
Checking Rost/RFdevice rhs8
Checking SNAP/com-Youtube
Checking SNAP/sx-mathoverflow
Checking Sandia/adder_dcop_14
Checking Sandia/adder_dcop_46
Checking Sandia/fpga_dcop_07 rhs0
Checking Sandia/fpga_dcop_39 rhs0
Checking Sandia/oscil_dcop_14 rhs0
Checking Sandia/oscil_dcop_46 rhs0
Checking Schenk_AFE/af_shell7 rhs0
Checking Schenk_IBMNA/c-47 rhs0
Checking Schenk_ISEI/barrier2-11 rhs0
Checking Simon/raefsky3 rhs0
Checking TOKAMAK/utm300 rhs0
Checking UTEP/Dubcova1
Checking VDOL/hangGlider_2 rhs0
Checking VDOL/reorientation_3 rhs0
Checking VLSI/dgreen
Checking Watson/chem_master1 rhs0
Checking vanHeukelum/cage3
---------------------------------------
Begin Slurm Epilog: Sep-03-2026 14:36:17
Job ID:        12791071
Array Job ID:  12790465_17
User ID:       wahrens6
Account:       gts-wahrens6
Job name:      saps-scrape-matrices
Resources:     cpu=16,mem=256G,node=1
Rsrc Used:     cput=03:27:44,vmem=0,walltime=00:12:59,mem=3309448K,energy_used=0
Partition:     cpu-medium
QOS:           inferno
Nodes:         atl1-1-01-004-23-2
---------------------------------------
