---------------------------------------
Begin Slurm Prolog: Sep-03-2026 14:27:17
Job ID:    12791121
User ID:   wahrens6
Account:   gts-wahrens6
Job name:  saps-scrape-matrices
Partition: cpu-medium
QOS:       inferno
---------------------------------------
Selected 90 of 2904 SuiteSparse search results for chunk 26/32.
Checking AG-Monien/shock-9
/storage/home/hcoda1/7/wahrens6/.cache/pypoetry/virtualenvs/matrix-scraper-6ttVeZdD-py3.14/lib/python3.14/site-packages/saps/benchmarks/preconditioned_cg.py:528: RuntimeWarning: divide by zero encountered in divide
  output = r / M
/storage/home/hcoda1/7/wahrens6/.cache/pypoetry/virtualenvs/matrix-scraper-6ttVeZdD-py3.14/lib/python3.14/site-packages/saps/benchmarks/preconditioned_cg.py:528: RuntimeWarning: invalid value encountered in divide
  output = r / M
Checking Andrianov/net75
/storage/home/hcoda1/7/wahrens6/.cache/pypoetry/virtualenvs/matrix-scraper-6ttVeZdD-py3.14/lib/python3.14/site-packages/numpy/_core/fromnumeric.py:86: RuntimeWarning: overflow encountered in reduce
  return ufunc.reduce(obj, axis, dtype, out, **passkwargs)
/storage/home/hcoda1/7/wahrens6/.cache/pypoetry/virtualenvs/matrix-scraper-6ttVeZdD-py3.14/lib/python3.14/site-packages/saps/benchmarks/jacobi.py:336: RuntimeWarning: overflow encountered in multiply
  return xp.sqrt(xp.sum(xp.multiply(v, v)))
/storage/home/hcoda1/7/wahrens6/.cache/pypoetry/virtualenvs/matrix-scraper-6ttVeZdD-py3.14/lib/python3.14/site-packages/saps/benchmarks/jacobi.py:354: RuntimeWarning: invalid value encountered in add
  x = x + r / d
Checking Bai/dw2048
/storage/home/hcoda1/7/wahrens6/.cache/pypoetry/virtualenvs/matrix-scraper-6ttVeZdD-py3.14/lib/python3.14/site-packages/saps/benchmarks/jacobi.py:354: RuntimeWarning: overflow encountered in divide
  x = x + r / d
/storage/home/hcoda1/7/wahrens6/.cache/pypoetry/virtualenvs/matrix-scraper-6ttVeZdD-py3.14/lib/python3.14/site-packages/numpy/linalg/_linalg.py:2792: RuntimeWarning: overflow encountered in dot
  sqnorm = x.dot(x)
Checking Bai/qh882
/storage/home/hcoda1/7/wahrens6/.cache/pypoetry/virtualenvs/matrix-scraper-6ttVeZdD-py3.14/lib/python3.14/site-packages/saps/benchmarks/preconditioned_cg.py:490: RuntimeWarning: invalid value encountered in vecdot
  alpha = rho / xp.vecdot(p, Ap)
Checking Belcastro/human_gene2
Checking Boeing/ct20stif
Checking Brunetiere/thermal
Checking Chen/pkustk13
Checking DIMACS10/asia_osm
Checking DIMACS10/delaunay_n23
Checking DIMACS10/kron_g500-logn20
Checking DIMACS10/rgg_n_2_17_s0
Checking DIMACS10/vsp_p0291_seymourl_iiasa
Checking DRIVCAV/cavity07 rhs0
Checking FEMLAB/ns3Da rhs0
Checking FIDAP/ex32
Checking Freescale/circuit5M
Checking GHS_indef/c-69 rhs0
Checking GHS_indef/stokes128
Checking GHS_psdef/s3dkt3m2
Checking Goodwin/Goodwin_054
Checking Gset/G10
Checking Gset/G4
Checking Gset/G8
Checking HB/bcsstk03
Checking HB/bcsstm02
Checking HB/bp_600
Checking HB/dwt_221
Checking HB/fs_680_1
Checking HB/jagmesh6
Checking HB/mahindas rhs0
Checking HB/mahindas rhs1
/storage/home/hcoda1/7/wahrens6/.cache/pypoetry/virtualenvs/matrix-scraper-6ttVeZdD-py3.14/lib/python3.14/site-packages/saps/benchmarks/cg.py:376: RuntimeWarning: divide by zero encountered in scalar divide
  alpha = rr / xp.vecdot(p, Ap)[()]
/storage/home/hcoda1/7/wahrens6/.cache/pypoetry/virtualenvs/matrix-scraper-6ttVeZdD-py3.14/lib/python3.14/site-packages/saps/benchmarks/cg.py:377: RuntimeWarning: invalid value encountered in multiply
  x = x + alpha * p
/storage/home/hcoda1/7/wahrens6/.cache/pypoetry/virtualenvs/matrix-scraper-6ttVeZdD-py3.14/lib/python3.14/site-packages/saps/benchmarks/cg.py:378: RuntimeWarning: invalid value encountered in multiply
  r = r - alpha * Ap
Checking HB/mahindas rhs2
Checking HB/mahindas rhs3
Checking HB/mahindas rhs4
Checking HB/mahindas rhs5
Checking HB/mahindas rhs6
Checking HB/mahindas rhs7
Checking HB/mahindas rhs8
Checking HB/mahindas rhs9
Checking HB/mahindas rhs10
Checking HB/mahindas rhs11
Checking HB/mahindas rhs12
Checking HB/mahindas rhs13
Checking HB/mahindas rhs14
Checking HB/mahindas rhs15
Checking HB/mahindas rhs16
Checking HB/mahindas rhs17
Checking HB/mahindas rhs18
Checking HB/mahindas rhs19
Checking HB/mahindas rhs20
Checking HB/mahindas rhs21
Checking HB/mahindas rhs22
Checking HB/mahindas rhs23
Checking HB/mahindas rhs24
Checking HB/mahindas rhs25
Checking HB/mahindas rhs26
Checking HB/mahindas rhs27
Checking HB/mahindas rhs28
Checking HB/mahindas rhs29
Checking HB/mahindas rhs30
Checking HB/mahindas rhs31
Checking HB/mahindas rhs32
Checking HB/mahindas rhs33
Checking HB/mahindas rhs34
Checking HB/mahindas rhs35
Checking HB/mahindas rhs36
Checking HB/mahindas rhs37
Checking HB/mahindas rhs38
Checking HB/mahindas rhs39
Checking HB/mahindas rhs40
Checking HB/mahindas rhs41
Checking HB/mahindas rhs42
Checking HB/mahindas rhs43
Checking HB/mahindas rhs44
Checking HB/mahindas rhs45
Checking HB/mahindas rhs46
Checking HB/mahindas rhs47
Checking HB/mahindas rhs48
Checking HB/mahindas rhs49
Checking HB/mahindas rhs50
Checking HB/mahindas rhs51
Checking HB/mahindas rhs52
Checking HB/mahindas rhs53
Checking HB/mahindas rhs54
Checking HB/saylr1
Checking HB/west1505
Checking Hohn/sinc18 rhs0
Checking Hollinger/jan99jac100 rhs0
Checking IPSO/TSC_OPF_1047 rhs0
Checking JGD_Forest/TF16
Checking JGD_GL6/GL6_D_9
Checking JGD_Homology/ch5-5-b1
Checking JGD_Homology/cis-n4c6-b1
Checking JGD_Homology/n2c6-b3
Checking JGD_Homology/n4c5-b2
Checking JGD_Kocay/Trec4
Checking JGD_Relat/rel6
Checking JGD_Trefethen/Trefethen_20000
Checking LAW/amazon-2008
Checking LPnetlib/lp_cre_c
Checking LPnetlib/lp_maros_r7
Checking LPnetlib/lp_scsd1
Checking LPnetlib/lpi_box1
Checking Li/pli
Checking ML_Graph/dataset22mfeatzernike_10NN
Checking Mallya/lhr34 rhs0
Checking Meszaros/air04
Checking Meszaros/deter6
Checking Meszaros/lp22
Checking Meszaros/p05
Checking Meszaros/scrs8-2b
Checking Mittelmann/fome11
Checking Muite/Chebyshev1
Checking NYPA/Maragal_4 rhs0
Checking Nemeth/nemeth16
Checking Norris/heart3
Checking Oberwolfach/t2dah_a
Checking PARSEC/SiNa
Checking Pajek/GD95_b
Checking Pajek/Tina_AskCal
Checking Pothen/mesh3em5
Checking QCD/conf6_0-8x8-20
Checking Rajat/rajat14
Checking Rommes/S40PI_n1
Checking Rudnyi/water_tank
Checking SNAP/p2p-Gnutella04
Checking SNAP/wiki-RfA
Checking Sandia/adder_dcop_22
Checking Sandia/adder_dcop_54
Checking Sandia/fpga_dcop_15 rhs0
Checking Sandia/fpga_dcop_47 rhs0
Checking Sandia/oscil_dcop_22 rhs0
Checking Sandia/oscil_dcop_54 rhs0
Checking Schenk_IBMNA/c-23 rhs0
Checking Schenk_IBMNA/c-56 rhs0
Checking Schenk_ISEI/ohne2 rhs0
Checking Sinclair/3Dspectralwave2 rhs0
Checking TSOPF/TSOPF_FS_b300_c2 rhs0
Checking VDOL/dynamicSoaringProblem_4 rhs0
Checking VDOL/kineticBatchReactor_5 rhs0
Checking VDOL/spaceShuttleEntry_3 rhs0
Checking VLSI/ss1
Checking Wissgott/parabolic_fem rhs0
---------------------------------------
Begin Slurm Epilog: Sep-03-2026 14:34:57
Job ID:        12791121
Array Job ID:  12790465_25
User ID:       wahrens6
Account:       gts-wahrens6
Job name:      saps-scrape-matrices
Resources:     cpu=16,mem=256G,node=1
Rsrc Used:     cput=02:02:56,vmem=0,walltime=00:07:41,mem=6205528K,energy_used=0
Partition:     cpu-medium
QOS:           inferno
Nodes:         atl1-1-02-003-11-1
---------------------------------------
