---------------------------------------
Begin Slurm Prolog: Sep-03-2026 14:21:58
Job ID:    12791051
User ID:   wahrens6
Account:   gts-wahrens6
Job name:  saps-scrape-matrices
Partition: cpu-medium
QOS:       inferno
---------------------------------------
Selected 91 of 2904 SuiteSparse search results for chunk 14/32.
Checking AG-Monien/ccc
Checking Andrianov/fxm3_6
/storage/home/hcoda1/7/wahrens6/.cache/pypoetry/virtualenvs/matrix-scraper-6ttVeZdD-py3.14/lib/python3.14/site-packages/numpy/_core/fromnumeric.py:86: RuntimeWarning: overflow encountered in reduce
  return ufunc.reduce(obj, axis, dtype, out, **passkwargs)
/storage/home/hcoda1/7/wahrens6/.cache/pypoetry/virtualenvs/matrix-scraper-6ttVeZdD-py3.14/lib/python3.14/site-packages/saps/benchmarks/jacobi.py:336: RuntimeWarning: overflow encountered in multiply
  return xp.sqrt(xp.sum(xp.multiply(v, v)))
/storage/home/hcoda1/7/wahrens6/.cache/pypoetry/virtualenvs/matrix-scraper-6ttVeZdD-py3.14/lib/python3.14/site-packages/saps/benchmarks/jacobi.py:354: RuntimeWarning: invalid value encountered in add
  x = x + r / d
Checking Bai/cdde1
Checking Bai/olm100
/storage/home/hcoda1/7/wahrens6/.cache/pypoetry/virtualenvs/matrix-scraper-6ttVeZdD-py3.14/lib/python3.14/site-packages/numpy/linalg/_linalg.py:2792: RuntimeWarning: overflow encountered in dot
  sqnorm = x.dot(x)
Checking Bai/tols340
/storage/home/hcoda1/7/wahrens6/.cache/pypoetry/virtualenvs/matrix-scraper-6ttVeZdD-py3.14/lib/python3.14/site-packages/saps/benchmarks/cg.py:376: RuntimeWarning: divide by zero encountered in scalar divide
  alpha = rr / xp.vecdot(p, Ap)[()]
/storage/home/hcoda1/7/wahrens6/.cache/pypoetry/virtualenvs/matrix-scraper-6ttVeZdD-py3.14/lib/python3.14/site-packages/saps/benchmarks/cg.py:377: RuntimeWarning: invalid value encountered in multiply
  x = x + alpha * p
/storage/home/hcoda1/7/wahrens6/.cache/pypoetry/virtualenvs/matrix-scraper-6ttVeZdD-py3.14/lib/python3.14/site-packages/saps/benchmarks/cg.py:378: RuntimeWarning: invalid value encountered in multiply
  r = r - alpha * Ap
/storage/home/hcoda1/7/wahrens6/.cache/pypoetry/virtualenvs/matrix-scraper-6ttVeZdD-py3.14/lib/python3.14/site-packages/saps/benchmarks/preconditioned_cg.py:528: RuntimeWarning: divide by zero encountered in divide
  output = r / M
/storage/home/hcoda1/7/wahrens6/.cache/pypoetry/virtualenvs/matrix-scraper-6ttVeZdD-py3.14/lib/python3.14/site-packages/saps/benchmarks/preconditioned_cg.py:528: RuntimeWarning: invalid value encountered in divide
  output = r / M
Checking Boeing/bcsstm34
/storage/home/hcoda1/7/wahrens6/.cache/pypoetry/virtualenvs/matrix-scraper-6ttVeZdD-py3.14/lib/python3.14/site-packages/saps/benchmarks/jacobi.py:354: RuntimeWarning: overflow encountered in divide
  x = x + r / d
Checking Botonakis/thermomech_TC
Checking Chen/pkustk01
Checking DIMACS10/144
Checking DIMACS10/delaunay_n11
Checking DIMACS10/hugetric-00000
Checking DIMACS10/nj2010
Checking DIMACS10/venturiLevel3
Checking DNVS/shipsec8
Checking Dattorro/EternityII_A
Checking FIDAP/ex20
Checking FlowIPM22/uni_chimera_i3
Checking GHS_indef/bloweybq
Checking GHS_indef/mario002
Checking GHS_psdef/hood
Checking Gleich/wb-cs-stanford
Checking Grund/bayer09 rhs0
Checking Gset/G29
Checking Gset/G58
Checking HB/bcspwr01
Checking HB/bcsstk23
Checking HB/bcsstm27
Checking HB/cegb2802
Checking HB/dwt_878
Checking HB/illc1033 rhs0
Checking HB/lshp1561
Checking HB/orsreg_1
Checking HB/watt_2
Checking Hamrle/Hamrle1 rhs0
Checking Hollinger/g7jac180
Checking IBM_EDA/ckt11752_tr_0 rhs0
Checking JGD_BIBD/bibd_81_3
Checking JGD_G5/IG5-15
Checking JGD_Groebner/c8_mat11_I
Checking JGD_Homology/ch7-8-b4
Checking JGD_Homology/mk12-b1
Checking JGD_Homology/n3c6-b11
Checking JGD_Homology/n4c6-b7
Checking JGD_Margulies/kneser_10_4_1
Checking JGD_SPG/EX1
Checking Janna/PFlow_742
Checking LPnetlib/lp_agg2
Checking LPnetlib/lp_greenbeb
Checking LPnetlib/lp_recipe
Checking LPnetlib/lp_stocfor1
Checking LPnetlib/lpi_qual
Checking ML_Graph/Plants_10NN
Checking Mallya/lhr04 rhs0
Checking Mazaheri/bundle_adj rhs0
Checking Meszaros/dbir2
Checking Meszaros/gen1
Checking Meszaros/nemswrld
Checking Meszaros/rosen1
Checking Meszaros/stormg2-27
Checking Mittelmann/rail507
Checking Mycielski/mycielskian5
Checking Nemeth/nemeth04
Checking Newman/hep-th
Checking Oberwolfach/gas_sensor
Checking PARSEC/GaAsH6
Checking Pajek/FA
Checking Pajek/Lederberg
Checking Pothen/barth4
Checking Puri/ABACUS_shell_ud rhs0
Checking Rajat/rajat02
Checking Rommes/M10PI_n1
/storage/home/hcoda1/7/wahrens6/.cache/pypoetry/virtualenvs/matrix-scraper-6ttVeZdD-py3.14/lib/python3.14/site-packages/saps/benchmarks/preconditioned_cg.py:490: RuntimeWarning: invalid value encountered in vecdot
  alpha = rho / xp.vecdot(p, Ap)
Checking Rommes/xingo_afonso_itaipu
Checking SNAP/com-DBLP
Checking SNAP/soc-sign-bitcoin-alpha
Checking Sandia/adder_dcop_10
Checking Sandia/adder_dcop_42
Checking Sandia/fpga_dcop_03 rhs0
Checking Sandia/fpga_dcop_35 rhs0
Checking Sandia/oscil_dcop_10 rhs0
Checking Sandia/oscil_dcop_42 rhs0
Checking Schenk_AFE/af_shell3 rhs0
Checking Schenk_IBMNA/c-43 rhs0
Checking Schenk_IBMSDS/matrix-new_3 rhs0
Checking Simon/bbmat rhs0
Checking TKK/t520 rhs0
Checking TSOPF/TSOPF_RS_b678_c2 rhs0
Checking TSOPF/TSOPF_RS_b678_c2 rhs1
Checking TSOPF/TSOPF_RS_b678_c2 rhs2
Checking TSOPF/TSOPF_RS_b678_c2 rhs3
Checking TSOPF/TSOPF_RS_b678_c2 rhs4
Checking TSOPF/TSOPF_RS_b678_c2 rhs5
Checking TSOPF/TSOPF_RS_b678_c2 rhs6
Checking TSOPF/TSOPF_RS_b678_c2 rhs7
Checking TSOPF/TSOPF_RS_b678_c2 rhs8
Checking TSOPF/TSOPF_RS_b678_c2 rhs9
Checking TSOPF/TSOPF_RS_b678_c2 rhs10
Checking TSOPF/TSOPF_RS_b678_c2 rhs11
Checking TSOPF/TSOPF_RS_b678_c2 rhs12
Checking TSOPF/TSOPF_RS_b678_c2 rhs13
Checking TSOPF/TSOPF_RS_b678_c2 rhs14
Checking TSOPF/TSOPF_RS_b678_c2 rhs15
Checking TSOPF/TSOPF_RS_b678_c2 rhs16
Checking TSOPF/TSOPF_RS_b678_c2 rhs17
Checking TSOPF/TSOPF_RS_b678_c2 rhs18
Checking TSOPF/TSOPF_RS_b678_c2 rhs19
Checking TSOPF/TSOPF_RS_b678_c2 rhs20
Checking TSOPF/TSOPF_RS_b678_c2 rhs21
Checking TSOPF/TSOPF_RS_b678_c2 rhs22
Checking TSOPF/TSOPF_RS_b678_c2 rhs23
Checking TSOPF/TSOPF_RS_b678_c2 rhs24
Checking TSOPF/TSOPF_RS_b678_c2 rhs25
Checking TSOPF/TSOPF_RS_b678_c2 rhs26
Checking TSOPF/TSOPF_RS_b678_c2 rhs27
Checking TSOPF/TSOPF_RS_b678_c2 rhs28
Checking TSOPF/TSOPF_RS_b678_c2 rhs29
Checking TSOPF/TSOPF_RS_b678_c2 rhs30
Checking TSOPF/TSOPF_RS_b678_c2 rhs31
Checking TSOPF/TSOPF_RS_b678_c2 rhs32
Checking TSOPF/TSOPF_RS_b678_c2 rhs33
Checking TSOPF/TSOPF_RS_b678_c2 rhs34
Checking TSOPF/TSOPF_RS_b678_c2 rhs35
Checking TSOPF/TSOPF_RS_b678_c2 rhs36
Checking TSOPF/TSOPF_RS_b678_c2 rhs37
Checking TSOPF/TSOPF_RS_b678_c2 rhs38
Checking TSOPF/TSOPF_RS_b678_c2 rhs39
Checking TSOPF/TSOPF_RS_b678_c2 rhs40
Checking TSOPF/TSOPF_RS_b678_c2 rhs41
Checking TSOPF/TSOPF_RS_b678_c2 rhs42
Checking TSOPF/TSOPF_RS_b678_c2 rhs43
Checking TSOPF/TSOPF_RS_b678_c2 rhs44
Checking TSOPF/TSOPF_RS_b678_c2 rhs45
Checking TSOPF/TSOPF_RS_b678_c2 rhs46
Checking TSOPF/TSOPF_RS_b678_c2 rhs47
Checking TSOPF/TSOPF_RS_b678_c2 rhs48
Checking TSOPF/TSOPF_RS_b678_c2 rhs49
Checking TSOPF/TSOPF_RS_b678_c2 rhs50
Checking TSOPF/TSOPF_RS_b678_c2 rhs51
Checking TSOPF/TSOPF_RS_b678_c2 rhs52
Checking TSOPF/TSOPF_RS_b678_c2 rhs53
Checking TSOPF/TSOPF_RS_b678_c2 rhs54
Checking TSOPF/TSOPF_RS_b678_c2 rhs55
Checking TSOPF/TSOPF_RS_b678_c2 rhs56
Checking TSOPF/TSOPF_RS_b678_c2 rhs57
Checking TSOPF/TSOPF_RS_b678_c2 rhs58
Checking TSOPF/TSOPF_RS_b678_c2 rhs59
Checking TSOPF/TSOPF_RS_b678_c2 rhs60
Checking TSOPF/TSOPF_RS_b678_c2 rhs61
Checking TSOPF/TSOPF_RS_b678_c2 rhs62
Checking TSOPF/TSOPF_RS_b678_c2 rhs63
Checking TSOPF/TSOPF_RS_b678_c2 rhs64
Checking TSOPF/TSOPF_RS_b678_c2 rhs65
Checking TSOPF/TSOPF_RS_b678_c2 rhs66
Checking TSOPF/TSOPF_RS_b678_c2 rhs67
Checking TSOPF/TSOPF_RS_b678_c2 rhs68
Checking TSOPF/TSOPF_RS_b678_c2 rhs69
Checking TSOPF/TSOPF_RS_b678_c2 rhs70
Checking TSOPF/TSOPF_RS_b678_c2 rhs71
Checking TSOPF/TSOPF_RS_b678_c2 rhs72
Checking TSOPF/TSOPF_RS_b678_c2 rhs73
Checking TSOPF/TSOPF_RS_b678_c2 rhs74
Checking TSOPF/TSOPF_RS_b678_c2 rhs75
Checking TSOPF/TSOPF_RS_b678_c2 rhs76
Checking TSOPF/TSOPF_RS_b678_c2 rhs77
Checking TSOPF/TSOPF_RS_b678_c2 rhs78
Checking TSOPF/TSOPF_RS_b678_c2 rhs79
Checking TSOPF/TSOPF_RS_b678_c2 rhs80
Checking TSOPF/TSOPF_RS_b678_c2 rhs81
Checking TSOPF/TSOPF_RS_b678_c2 rhs82
Checking TSOPF/TSOPF_RS_b678_c2 rhs83
Checking TSOPF/TSOPF_RS_b678_c2 rhs84
Checking TSOPF/TSOPF_RS_b678_c2 rhs85
Checking TSOPF/TSOPF_RS_b678_c2 rhs86
Checking TSOPF/TSOPF_RS_b678_c2 rhs87
Checking TSOPF/TSOPF_RS_b678_c2 rhs88
Checking TSOPF/TSOPF_RS_b678_c2 rhs89
Checking TSOPF/TSOPF_RS_b678_c2 rhs90
Checking TSOPF/TSOPF_RS_b678_c2 rhs91
Checking TSOPF/TSOPF_RS_b678_c2 rhs92
Checking TSOPF/TSOPF_RS_b678_c2 rhs93
Checking TSOPF/TSOPF_RS_b678_c2 rhs94
Checking TSOPF/TSOPF_RS_b678_c2 rhs95
Checking TSOPF/TSOPF_RS_b678_c2 rhs96
Checking TSOPF/TSOPF_RS_b678_c2 rhs97
Checking TSOPF/TSOPF_RS_b678_c2 rhs98
Checking TSOPF/TSOPF_RS_b678_c2 rhs99
Checking TSOPF/TSOPF_RS_b678_c2 rhs100
Checking TSOPF/TSOPF_RS_b678_c2 rhs101
Checking TSOPF/TSOPF_RS_b678_c2 rhs102
Checking TSOPF/TSOPF_RS_b678_c2 rhs103
Checking TSOPF/TSOPF_RS_b678_c2 rhs104
Checking TSOPF/TSOPF_RS_b678_c2 rhs105
Checking TSOPF/TSOPF_RS_b678_c2 rhs106
Checking TSOPF/TSOPF_RS_b678_c2 rhs107
Checking TSOPF/TSOPF_RS_b678_c2 rhs108
Checking TSOPF/TSOPF_RS_b678_c2 rhs109
Checking TSOPF/TSOPF_RS_b678_c2 rhs110
Checking TSOPF/TSOPF_RS_b678_c2 rhs111
Checking TSOPF/TSOPF_RS_b678_c2 rhs112
Checking TSOPF/TSOPF_RS_b678_c2 rhs113
Checking TSOPF/TSOPF_RS_b678_c2 rhs114
Checking TSOPF/TSOPF_RS_b678_c2 rhs115
Checking TSOPF/TSOPF_RS_b678_c2 rhs116
Checking TSOPF/TSOPF_RS_b678_c2 rhs117
Checking TSOPF/TSOPF_RS_b678_c2 rhs118
Checking TSOPF/TSOPF_RS_b678_c2 rhs119
Checking TSOPF/TSOPF_RS_b678_c2 rhs120
Checking TSOPF/TSOPF_RS_b678_c2 rhs121
Checking TSOPF/TSOPF_RS_b678_c2 rhs122
Checking TSOPF/TSOPF_RS_b678_c2 rhs123
Checking TSOPF/TSOPF_RS_b678_c2 rhs124
Checking TSOPF/TSOPF_RS_b678_c2 rhs125
Checking TSOPF/TSOPF_RS_b678_c2 rhs126
Checking TSOPF/TSOPF_RS_b678_c2 rhs127
Checking TSOPF/TSOPF_RS_b678_c2 rhs128
Checking TSOPF/TSOPF_RS_b678_c2 rhs129
Checking TSOPF/TSOPF_RS_b678_c2 rhs130
Checking TSOPF/TSOPF_RS_b678_c2 rhs131
Checking TSOPF/TSOPF_RS_b678_c2 rhs132
Checking TSOPF/TSOPF_RS_b678_c2 rhs133
Checking TSOPF/TSOPF_RS_b678_c2 rhs134
Checking TSOPF/TSOPF_RS_b678_c2 rhs135
Checking TSOPF/TSOPF_RS_b678_c2 rhs136
Checking TSOPF/TSOPF_RS_b678_c2 rhs137
Checking TSOPF/TSOPF_RS_b678_c2 rhs138
Checking TSOPF/TSOPF_RS_b678_c2 rhs139
Checking TSOPF/TSOPF_RS_b678_c2 rhs140
Checking TSOPF/TSOPF_RS_b678_c2 rhs141
Checking TSOPF/TSOPF_RS_b678_c2 rhs142
Checking TSOPF/TSOPF_RS_b678_c2 rhs143
Checking TSOPF/TSOPF_RS_b678_c2 rhs144
Checking TSOPF/TSOPF_RS_b678_c2 rhs145
Checking TSOPF/TSOPF_RS_b678_c2 rhs146
Checking TSOPF/TSOPF_RS_b678_c2 rhs147
Checking TSOPF/TSOPF_RS_b678_c2 rhs148
Checking TSOPF/TSOPF_RS_b678_c2 rhs149
Checking TSOPF/TSOPF_RS_b678_c2 rhs150
Checking TSOPF/TSOPF_RS_b678_c2 rhs151
Checking TSOPF/TSOPF_RS_b678_c2 rhs152
Checking TSOPF/TSOPF_RS_b678_c2 rhs153
Checking TSOPF/TSOPF_RS_b678_c2 rhs154
Checking TSOPF/TSOPF_RS_b678_c2 rhs155
Checking TSOPF/TSOPF_RS_b678_c2 rhs156
Checking TSOPF/TSOPF_RS_b678_c2 rhs157
Checking TSOPF/TSOPF_RS_b678_c2 rhs158
Checking TSOPF/TSOPF_RS_b678_c2 rhs159
Checking TSOPF/TSOPF_RS_b678_c2 rhs160
Checking TSOPF/TSOPF_RS_b678_c2 rhs161
Checking TSOPF/TSOPF_RS_b678_c2 rhs162
Checking TSOPF/TSOPF_RS_b678_c2 rhs163
Checking TSOPF/TSOPF_RS_b678_c2 rhs164
Checking TSOPF/TSOPF_RS_b678_c2 rhs165
Checking TSOPF/TSOPF_RS_b678_c2 rhs166
Checking TSOPF/TSOPF_RS_b678_c2 rhs167
Checking TSOPF/TSOPF_RS_b678_c2 rhs168
Checking TSOPF/TSOPF_RS_b678_c2 rhs169
Checking TSOPF/TSOPF_RS_b678_c2 rhs170
Checking TSOPF/TSOPF_RS_b678_c2 rhs171
Checking TSOPF/TSOPF_RS_b678_c2 rhs172
Checking TSOPF/TSOPF_RS_b678_c2 rhs173
Checking TSOPF/TSOPF_RS_b678_c2 rhs174
Checking TSOPF/TSOPF_RS_b678_c2 rhs175
Checking TSOPF/TSOPF_RS_b678_c2 rhs176
Checking TSOPF/TSOPF_RS_b678_c2 rhs177
Checking TSOPF/TSOPF_RS_b678_c2 rhs178
Checking TSOPF/TSOPF_RS_b678_c2 rhs179
Checking TSOPF/TSOPF_RS_b678_c2 rhs180
Checking TSOPF/TSOPF_RS_b678_c2 rhs181
Checking TSOPF/TSOPF_RS_b678_c2 rhs182
Checking TSOPF/TSOPF_RS_b678_c2 rhs183
Checking TSOPF/TSOPF_RS_b678_c2 rhs184
Checking TSOPF/TSOPF_RS_b678_c2 rhs185
Checking TSOPF/TSOPF_RS_b678_c2 rhs186
Checking TSOPF/TSOPF_RS_b678_c2 rhs187
Checking TSOPF/TSOPF_RS_b678_c2 rhs188
Checking TSOPF/TSOPF_RS_b678_c2 rhs189
Checking TSOPF/TSOPF_RS_b678_c2 rhs190
Checking TSOPF/TSOPF_RS_b678_c2 rhs191
Checking TSOPF/TSOPF_RS_b678_c2 rhs192
Checking TSOPF/TSOPF_RS_b678_c2 rhs193
Checking TSOPF/TSOPF_RS_b678_c2 rhs194
Checking TSOPF/TSOPF_RS_b678_c2 rhs195
