---------------------------------------
Begin Slurm Prolog: Sep-03-2026 14:23:16
Job ID:    12791059
User ID:   wahrens6
Account:   gts-wahrens6
Job name:  saps-scrape-matrices
Partition: cpu-medium
QOS:       inferno
---------------------------------------
Selected 91 of 2904 SuiteSparse search results for chunk 17/32.
Checking AG-Monien/debr
Checking Andrianov/lp1
/storage/home/hcoda1/7/wahrens6/.cache/pypoetry/virtualenvs/matrix-scraper-6ttVeZdD-py3.14/lib/python3.14/site-packages/saps/benchmarks/jacobi.py:336: RuntimeWarning: overflow encountered in multiply
  return xp.sqrt(xp.sum(xp.multiply(v, v)))
/storage/home/hcoda1/7/wahrens6/.cache/pypoetry/virtualenvs/matrix-scraper-6ttVeZdD-py3.14/lib/python3.14/site-packages/saps/benchmarks/jacobi.py:354: RuntimeWarning: invalid value encountered in add
  x = x + r / d
Checking Bai/cdde4
Checking Bai/olm500
/storage/home/hcoda1/7/wahrens6/.cache/pypoetry/virtualenvs/matrix-scraper-6ttVeZdD-py3.14/lib/python3.14/site-packages/numpy/_core/fromnumeric.py:86: RuntimeWarning: overflow encountered in reduce
  return ufunc.reduce(obj, axis, dtype, out, **passkwargs)
/storage/home/hcoda1/7/wahrens6/.cache/pypoetry/virtualenvs/matrix-scraper-6ttVeZdD-py3.14/lib/python3.14/site-packages/numpy/linalg/_linalg.py:2792: RuntimeWarning: overflow encountered in dot
  sqnorm = x.dot(x)
Checking Bai/tub100
Checking Boeing/bcsstm37
/storage/home/hcoda1/7/wahrens6/.cache/pypoetry/virtualenvs/matrix-scraper-6ttVeZdD-py3.14/lib/python3.14/site-packages/saps/benchmarks/preconditioned_cg.py:528: RuntimeWarning: invalid value encountered in divide
  output = r / M
Checking Botonakis/thermomech_dM
Checking Chen/pkustk04
Checking DIMACS10/AS365
Checking DIMACS10/delaunay_n14
Checking DIMACS10/ia2010
Checking DIMACS10/ny2010
Checking DIMACS10/vsp_befref_fxm_2_4_air02
Checking DNVS/troll
Checking Davis/FX_March2010
Checking FIDAP/ex23
/storage/home/hcoda1/7/wahrens6/.cache/pypoetry/virtualenvs/matrix-scraper-6ttVeZdD-py3.14/lib/python3.14/site-packages/saps/benchmarks/preconditioned_cg.py:528: RuntimeWarning: divide by zero encountered in divide
  output = r / M
Checking Fluorem/DK01R rhs0
/storage/home/hcoda1/7/wahrens6/.cache/pypoetry/virtualenvs/matrix-scraper-6ttVeZdD-py3.14/lib/python3.14/site-packages/saps/benchmarks/cg.py:376: RuntimeWarning: divide by zero encountered in scalar divide
  alpha = rr / xp.vecdot(p, Ap)[()]
/storage/home/hcoda1/7/wahrens6/.cache/pypoetry/virtualenvs/matrix-scraper-6ttVeZdD-py3.14/lib/python3.14/site-packages/saps/benchmarks/cg.py:377: RuntimeWarning: invalid value encountered in multiply
  x = x + alpha * p
/storage/home/hcoda1/7/wahrens6/.cache/pypoetry/virtualenvs/matrix-scraper-6ttVeZdD-py3.14/lib/python3.14/site-packages/saps/benchmarks/cg.py:378: RuntimeWarning: invalid value encountered in multiply
  r = r - alpha * Ap
Checking GHS_indef/boyd2 rhs0
Checking GHS_indef/ncvxqp3
/storage/home/hcoda1/7/wahrens6/.cache/pypoetry/virtualenvs/matrix-scraper-6ttVeZdD-py3.14/lib/python3.14/site-packages/saps/benchmarks/preconditioned_cg.py:490: RuntimeWarning: invalid value encountered in vecdot
  alpha = rho / xp.vecdot(p, Ap)
Checking GHS_psdef/ldoor
Checking Gleich/wikipedia-20060925
Checking Grund/d_dyn1
Checking Gset/G31
Checking Gset/G60
Checking HB/bcspwr04
Checking HB/bcsstk26
Checking HB/beause
Checking HB/cegb3306
Checking HB/eris1176
Checking HB/impcol_b
Checking HB/lshp2614
Checking HB/plsk1919
Checking HB/west0067
Checking Hardesty/Hardesty1
Checking Hollinger/g7jac200sc
Checking IBM_EDA/dc3 rhs0
Checking JGD_CAG/CAG_mat1916
Checking JGD_G5/IG5-18
Checking JGD_Groebner/rkat7_mat5
Checking JGD_Homology/ch7-9-b2
Checking JGD_Homology/mk12-b4
Checking JGD_Homology/n3c6-b4
Checking JGD_Homology/shar_te2-b1
Checking JGD_Margulies/wheel_3_1
Checking JGD_SPG/EX4
Checking Janna/StocF-1465
Checking LPnetlib/lp_beaconfd
Checking LPnetlib/lp_grow7
Checking LPnetlib/lp_sc50a
Checking LPnetlib/lp_truss
Checking LPnetlib/lpi_vol1
Checking ML_Graph/YaleA_10NN
Checking Mallya/lhr07c
Checking Meng/iChem_Jacobian rhs0
Checking Meszaros/de080285
Checking Meszaros/iiasa
Checking Meszaros/nsic
Checking Meszaros/rosen7
Checking Meszaros/testbig
Checking Mittelmann/sgpf5y6
Checking Mycielski/mycielskian8
Checking Nemeth/nemeth07
Checking Newman/netscience
Checking Oberwolfach/gyro_m
Checking PARSEC/H2O
Checking Pajek/GD01_Acap
Checking Pajek/Ragusa18
Checking Pothen/bodyy5
Checking QCD/conf5_0-4x4-18
Checking Rajat/rajat05
M40PI_n:   0%|          | 0/33620 [00:00<?, ?B/s]M40PI_n: 49152B [00:00, 203512764.27B/s]         
Checking Rommes/M40PI_n
Checking Ronis/xenon2
Checking SNAP/com-Orkut
Checking SNAP/sx-askubuntu
Checking Sandia/adder_dcop_13
Checking Sandia/adder_dcop_45
Checking Sandia/fpga_dcop_06 rhs0
Checking Sandia/fpga_dcop_38 rhs0
Checking Sandia/oscil_dcop_13 rhs0
Checking Sandia/oscil_dcop_45 rhs0
Checking Schenk_AFE/af_shell6 rhs0
Checking Schenk_IBMNA/c-46 rhs0
/storage/home/hcoda1/7/wahrens6/.cache/pypoetry/virtualenvs/matrix-scraper-6ttVeZdD-py3.14/lib/python3.14/site-packages/saps/benchmarks/jacobi.py:354: RuntimeWarning: overflow encountered in divide
  x = x + r / d
Checking Schenk_ISEI/barrier2-10 rhs0
Checking Simon/raefsky2 rhs0
Checking TOKAMAK/utm1700b rhs0
Checking Tromble/language
Checking VDOL/hangGlider_1 rhs0
Checking VDOL/reorientation_2 rhs0
Checking VDOL/tumorAntiAngiogenesis_8 rhs0
Checking Watson/Baumann
Checking vanHeukelum/cage15
---------------------------------------
Begin Slurm Epilog: Sep-03-2026 14:40:53
Job ID:        12791059
Array Job ID:  12790465_16
User ID:       wahrens6
Account:       gts-wahrens6
Job name:      saps-scrape-matrices
Resources:     cpu=16,mem=256G,node=1
Rsrc Used:     cput=04:42:24,vmem=0,walltime=00:17:39,mem=3661460K,energy_used=0
Partition:     cpu-medium
QOS:           inferno
Nodes:         atl1-1-02-002-8-1
---------------------------------------
