---------------------------------------
Begin Slurm Prolog: Sep-03-2026 12:09:58
Job ID:    12785615
User ID:   wahrens6
Account:   gts-wahrens6
Job name:  saps-scrape-matrices
Partition: cpu-small
QOS:       inferno
---------------------------------------
Selected 91 of 2904 SuiteSparse search results for chunk 12/32.
Checking AG-Monien/cage
Checking Andrews/Andrews
/var/lib/slurm/slurmd/job12785615/slurm_script: line 49: 737689 Segmentation fault      poetry run python scrape_matrices.py "${scrape_args[@]}"
---------------------------------------
Begin Slurm Epilog: Sep-03-2026 12:11:07
Job ID:        12785615
Array Job ID:  12785501_11
User ID:       wahrens6
Account:       gts-wahrens6
Job name:      saps-scrape-matrices
Resources:     cpu=16,mem=128G,node=1
Rsrc Used:     cput=00:19:44,vmem=0,walltime=00:01:14,mem=29175848K,energy_used=0
Partition:     cpu-small
QOS:           inferno
Nodes:         atl1-1-03-003-33-2
---------------------------------------
